[08:11:15] asking the engine which of 50 clips need signals (starts a container if none is warm)
[08:11:15] source changed -> redeploying GPU engine (deploy output follows)
    Building image im-AVhg0uDMPUkTjrc0JKmVlz
    => Step 0: FROM base
    => Step 1: COPY . /
    Saving image...
    Image saved, took 2.06s
    Built image im-AVhg0uDMPUkTjrc0JKmVlz in 2.97s
[08:11:52] stopped 4 running engine container(s) so no call reaches old code
[08:11:52] deployed; the first call starts a fresh container that loads the models (~30-60 s)
[08:12:27] engine code verified (7c9c1156, loaded from /root/aligner2)
[08:12:28] 0 clips need signals
signals: 0 clips computed on the GPU (73s)
[08:12:28] aligning 50 clips x 20 settings
[08:12:35] aligned 1/50  (6s)
[08:12:36] aligned 2/50  (8s)
[08:12:36] aligned 3/50  (8s)
[08:12:38] aligned 4/50  (10s)
[08:12:38] aligned 5/50  (10s)
[08:12:41] aligned 6/50  (13s)
[08:12:41] aligned 7/50  (13s)
[08:12:41] aligned 8/50  (13s)
[08:12:41] aligned 9/50  (13s)
[08:12:44] aligned 10/50  (15s)
[08:12:44] aligned 11/50  (15s)
[08:12:44] aligned 12/50  (15s)
[08:12:44] aligned 13/50  (15s)
[08:12:44] aligned 14/50  (15s)
[08:12:45] aligned 15/50  (17s)
[08:12:45] aligned 16/50  (17s)
[08:12:45] aligned 17/50  (17s)
[08:12:46] aligned 18/50  (18s)
[08:12:46] aligned 19/50  (18s)
[08:12:46] aligned 20/50  (18s)
[08:12:48] aligned 21/50  (19s)
[08:12:48] aligned 22/50  (19s)
[08:12:48] aligned 23/50  (19s)
[08:12:49] aligned 24/50  (20s)
[08:12:49] aligned 25/50  (20s)
[08:12:49] aligned 26/50  (21s)
[08:12:49] aligned 27/50  (21s)
[08:12:50] aligned 28/50  (22s)
[08:12:51] aligned 29/50  (23s)
[08:12:51] aligned 30/50  (23s)
[08:12:52] aligned 31/50  (24s)
[08:12:52] aligned 32/50  (24s)
[08:12:52] aligned 33/50  (24s)
[08:12:53] aligned 34/50  (25s)
[08:12:53] aligned 35/50  (25s)
[08:12:53] aligned 36/50  (25s)
[08:12:53] aligned 37/50  (25s)
[08:12:54] aligned 38/50  (25s)
[08:12:54] aligned 39/50  (25s)
[08:12:54] aligned 40/50  (25s)
[08:12:54] aligned 41/50  (25s)
[08:12:55] aligned 42/50  (26s)
[08:12:55] aligned 43/50  (26s)
[08:12:55] aligned 44/50  (26s)
[08:12:55] aligned 45/50  (26s)
[08:12:55] aligned 46/50  (26s)
[08:12:55] aligned 47/50  (26s)
[08:12:55] aligned 48/50  (27s)
[08:12:56] aligned 49/50  (27s)
[08:12:56] aligned 50/50  (27s)
Traceback (most recent call last):
aligned 50 clips x 20 settings on the GPU (27s)
== aligner2 v10 -- leave-one-set-out; params per held-out set: {'009': {'theta_db': 15.0, 'min_pause': 0.03, 'unit': 'letter', 'pause_model': 'word_ref', 'lam': 1000.0, 'cont_model': 'class', 'radius_ms': 20, 'onset_ms': 10, 'offset_ms': 0}, '026': {'theta_db': 15.0, 'min_pause': 0.03, 'unit': 'letter', 'pause_model': 'word_ref', 'lam': 1000.0, 'cont_model': 'class', 'radius_ms': 20, 'onset_ms': 20, 'offset_ms': 0}, '049': {'theta_db': 15.0, 'min_pause': 0.03, 'unit': 'letter', 'pause_model': 'word_ref', 'lam': 1000.0, 'cont_model': 'class', 'radius_ms': 20, 'onset_ms': 10, 'offset_ms': 0}, 'old14': {'theta_db': 15.0, 'min_pause': 0.03, 'unit': 'letter', 'pause_model': 'word_ref', 'lam': 1000.0, 'cont_model': 'class', 'radius_ms': 20, 'onset_ms': 20, 'offset_ms': 0}}
set   kind            n     MAE    med     w5    w10    w20   bias
009   all          1876    24.4   15.5    20%    37%    58%   -0.4
009   cont         1456    21.5   16.4    18%    34%    57%   +2.4
009   pause         396    34.2   12.6    28%    45%    64%  -11.7
009   human         596    28.6   16.5    19%    35%    55%   +2.0
009   cont_human    499    22.6   15.8    20%    37%    57%   +5.5
026   all          1946    22.4   13.8    21%    39%    62%   +0.2
026   cont         1476    20.8   15.5    17%    35%    60%   +0.0
026   pause         446    26.9    9.0    35%    53%    70%   -0.5
026   human         432    27.5   15.0    19%    36%    59%   +0.7
026   cont_human    367    23.3   13.7    19%    36%    62%   -0.2
026   ear-hit       468   28.0%
049   all          1826    26.3   15.9    20%    37%    58%   +0.2
049   cont         1342    24.0   17.4    17%    32%    56%   -0.1
049   pause         460    31.0   11.0    29%    48%    64%   -1.3
049   human         546    30.6   19.2    18%    33%    51%   +8.0
049   cont_human    461    26.9   18.6    17%    34%    52%   +7.8
049   ear-hit       314   26.4%
old14 all          1716    28.6   15.5    19%    37%    60%   -6.5
old14 cont         1210    22.6   16.5    17%    35%    59%   -3.5
old14 pause         478    38.3   13.0    23%    44%    63%  -15.7
old14 human         513    32.0   14.8    19%    38%    61%   -1.0
old14 cont_human    439    22.5   13.2    20%    41%    65%   +2.8
old14 ear-hit       284   32.0%
ALL   all          7364    25.3   15.2    20%    37%    60%   -1.5
ALL   cont         5484    22.2   16.5    17%    34%    58%   -0.2
ALL   pause        1780    32.7   11.0    29%    47%    65%   -7.3
ALL   human        2087    29.7   16.2    19%    35%    56%   +2.5
ALL   cont_human   1766    23.8   15.5    19%    37%    59%   +4.2
ALL   ear-hit      1066   28.6%

(best single setting on everything, for reference: {'theta_db': 15.0, 'min_pause': 0.03, 'unit': 'letter', 'pause_model': 'word_ref', 'lam': 1000.0, 'cont_model': 'class', 'radius_ms': 20, 'onset_ms': 10, 'offset_ms': 0} -> MAE 25.3, w5 20%)
