[08:34:34] asking the engine which of 50 clips need signals (starts a container if none is warm)
[08:34:39] engine code verified (c95e18d5, loaded from /root/aligner2)
[08:34:40] 0 clips need signals
signals: 0 clips computed on the GPU (6s)
[08:34:40] aligning 50 clips x 3 settings
[08:34:46] aligned 1/50  (6s)
[08:34:48] aligned 2/50  (8s)
[08:34:48] aligned 3/50  (8s)
[08:34:49] aligned 4/50  (9s)
[08:34:50] aligned 5/50  (10s)
[08:34:51] aligned 6/50  (11s)
[08:34:53] aligned 7/50  (13s)
[08:34:54] aligned 8/50  (13s)
[08:34:54] aligned 9/50  (14s)
[08:34:55] aligned 10/50  (15s)
[08:34:57] aligned 11/50  (17s)
[08:34:59] aligned 12/50  (19s)
[08:35:00] aligned 13/50  (20s)
[08:35:02] aligned 14/50  (21s)
[08:35:04] aligned 15/50  (23s)
[08:35:05] aligned 16/50  (25s)
[08:35:06] aligned 17/50  (25s)
[08:35:07] aligned 18/50  (27s)
[08:35:09] aligned 19/50  (29s)
[08:35:11] aligned 20/50  (30s)
[08:35:12] aligned 21/50  (32s)
[08:35:13] aligned 22/50  (33s)
[08:35:16] aligned 23/50  (36s)
[08:35:17] aligned 24/50  (36s)
[08:35:17] aligned 25/50  (37s)
[08:35:17] aligned 26/50  (37s)
[08:35:22] aligned 27/50  (41s)
[08:35:23] aligned 28/50  (42s)
[08:35:23] aligned 29/50  (43s)
[08:35:24] aligned 30/50  (43s)
[08:35:27] aligned 31/50  (47s)
[08:35:28] aligned 32/50  (48s)
[08:35:29] aligned 33/50  (49s)
[08:35:29] aligned 34/50  (49s)
[08:35:30] aligned 35/50  (50s)
[08:35:35] aligned 36/50  (55s)
[08:35:35] aligned 37/50  (55s)
[08:35:36] aligned 38/50  (56s)
[08:35:37] aligned 39/50  (57s)
[08:35:38] aligned 40/50  (58s)
[08:35:40] aligned 41/50  (59s)
[08:35:41] aligned 42/50  (60s)
[08:35:41] aligned 43/50  (61s)
[08:35:41] aligned 44/50  (61s)
[08:35:42] aligned 45/50  (61s)
[08:35:43] aligned 46/50  (62s)
[08:35:44] aligned 47/50  (64s)
[08:35:45] aligned 48/50  (65s)
[08:35:45] aligned 49/50  (65s)
[08:35:47] aligned 50/50  (67s)
aligned 50 clips x 3 settings on the GPU (67s)
== aligner2 v14 -- leave-one-set-out; params per held-out set: {'009': {'min_pause': 0.03, 'pause_model': 'word_ref', 'lam': 1000.0, 'cont_model': 'class', 'radius_ms': 10, 'onset_ms': 10, 'ref_mode': 'word', 'theta_db': 20.0, 'clip_anchor_ms': 150, 'unit': 'letter4', 'soft': 'off'}, '026': {'min_pause': 0.03, 'pause_model': 'word_ref', 'lam': 1000.0, 'cont_model': 'class', 'radius_ms': 10, 'onset_ms': 10, 'ref_mode': 'word', 'theta_db': 20.0, 'clip_anchor_ms': 150, 'unit': 'letter4', 'soft': 'off'}, '049': {'min_pause': 0.03, 'pause_model': 'word_ref', 'lam': 1000.0, 'cont_model': 'class', 'radius_ms': 10, 'onset_ms': 10, 'ref_mode': 'word', 'theta_db': 20.0, 'clip_anchor_ms': 150, 'unit': 'letter4', 'soft': 'off'}, 'old14': {'min_pause': 0.03, 'pause_model': 'word_ref', 'lam': 1000.0, 'cont_model': 'class', 'radius_ms': 10, 'onset_ms': 10, 'ref_mode': 'word', 'theta_db': 20.0, 'clip_anchor_ms': 150, 'unit': 'letter4', 'soft': 'off'}}
set   kind            n     MAE    med     w5    w10    w20   bias
009   all          1876    23.5   14.0    21%    37%    62%   +1.0
009   cont         1456    21.4   15.4    18%    34%    60%   +2.9
009   pause         396    30.6   10.0    33%    50%    68%   -7.0
009   human         596    30.9   17.4    17%    31%    55%   +3.6
009   cont_human    499    25.2   15.9    17%    31%    56%   +6.1
026   all          1946    20.2   12.7    21%    41%    67%   +0.3
026   cont         1476    20.1   14.5    16%    35%    63%   +0.8
026   pause         446    20.3    7.0    39%    62%    80%   -2.1
026   human         432    26.0   15.6    15%    32%    60%   +2.0
026   cont_human    367    23.9   15.6    13%    31%    61%   +3.3
026   ear-hit       468   24.8%
049   all          1826    24.9   15.5    20%    36%    59%   -0.8
049   cont         1342    24.4   18.1    14%    30%    54%   -0.3
049   pause         460    26.3    8.8    35%    54%    71%   -1.8
049   human         546    28.7   19.9    15%    27%    50%   +7.4
049   cont_human    461    27.2   20.2    13%    25%    50%   +8.6
049   ear-hit       314   26.4%
old14 all          1716    26.5   14.5    21%    38%    60%   -5.4
old14 cont         1210    23.2   16.5    17%    33%    56%   -2.8
old14 pause         478    34.1   10.0    28%    51%    70%  -13.5
old14 human         513    28.9   16.6    19%    33%    55%   +3.3
old14 cont_human    439    24.6   15.9    20%    35%    56%   +6.7
old14 ear-hit       284   25.4%
ALL   all          7364    23.7   14.0    21%    38%    62%   -1.1
ALL   cont         5484    22.2   15.6    16%    33%    58%   +0.3
ALL   pause        1780    27.8    9.0    34%    54%    72%   -6.2
ALL   human        2087    28.8   17.7    17%    31%    55%   +4.2
ALL   cont_human   1766    25.3   17.2    16%    30%    56%   +6.3
ALL   ear-hit      1066   25.4%

(best single setting on everything, for reference: {'min_pause': 0.03, 'pause_model': 'word_ref', 'lam': 1000.0, 'cont_model': 'class', 'radius_ms': 10, 'onset_ms': 10, 'ref_mode': 'word', 'theta_db': 20.0, 'clip_anchor_ms': 150, 'unit': 'letter4', 'soft': 'off'} -> MAE 23.7, w5 21%)
