[00:13:59] asking the engine which of 50 clips need signals (starts a container if none is warm)
[00:13:59] source changed -> redeploying GPU engine (deploy output follows)
    Building image im-RwjiaixwQ30bjBaqSeGzN9
    Using legacy Image Builder version. We suggest upgrading at https://modal.com/settings/image-config.
    => Step 0: FROM base
    => Step 1: COPY . /
    Saving image...
    Image saved, took 997.62ms
    Built image im-RwjiaixwQ30bjBaqSeGzN9 in 1.84s
    ? Created objects.
    ??? ? Created mount F:\BB\ETN-SC\pulsar_auto\modal_aligner2.py
    ??? ? Created mount PythonPackage:aligner2
    ??? ? Created function Engine.*.
    ? App deployed in 16.962s! ?
    View Deployment:
    https://modal.com/apps/alinarohannes777/main/deployed/aligner2-signals
[00:14:23] stopped 0 running engine container(s) so no call reaches old code
[00:14:23] deployed; the first call starts a fresh container that loads the models (~30-60 s)
C:\Users\Farhat\AppData\Roaming\Python\Python314\site-packages\modal\_utils\async_utils.py:43: DeprecationWarning: 'asyncio.WindowsSelectorEventLoopPolicy' is deprecated and slated for removal in Python 3.16
  asyncio.set_event_loop_policy(asyncio.WindowsSelectorEventLoopPolicy())
C:\Users\Farhat\AppData\Roaming\Python\Python314\site-packages\modal\_utils\async_utils.py:43: DeprecationWarning: 'asyncio.set_event_loop_policy' is deprecated and slated for removal in Python 3.16
  asyncio.set_event_loop_policy(asyncio.WindowsSelectorEventLoopPolicy())
[00:14:51] engine code verified (2ef58af7, loaded from /root/aligner2)
[00:14:52] 0 clips need signals
signals: 0 clips computed on the GPU (53s)
[00:14:52] aligning 50 clips x 4 settings
[00:15:10] aligned 1/50  (18s)
[00:15:18] aligned 2/50  (26s)
[00:15:19] aligned 3/50  (27s)
[00:15:23] aligned 4/50  (31s)
[00:15:24] aligned 5/50  (32s)
[00:15:29] aligned 6/50  (37s)
[00:15:30] aligned 7/50  (38s)
[00:15:30] aligned 8/50  (38s)
[00:15:31] aligned 9/50  (39s)
[00:15:34] aligned 10/50  (42s)
[00:15:36] aligned 11/50  (44s)
[00:15:39] aligned 12/50  (47s)
[00:15:41] aligned 13/50  (49s)
[00:15:41] aligned 14/50  (49s)
[00:15:46] aligned 15/50  (54s)
[00:15:46] aligned 16/50  (54s)
[00:15:48] aligned 17/50  (56s)
[00:15:49] aligned 18/50  (57s)
[00:15:52] aligned 19/50  (60s)
[00:15:54] aligned 20/50  (62s)
[00:15:56] aligned 21/50  (64s)
[00:15:58] aligned 22/50  (66s)
[00:16:01] aligned 23/50  (69s)
[00:16:02] aligned 24/50  (70s)
[00:16:03] aligned 25/50  (71s)
[00:16:04] aligned 26/50  (72s)
[00:16:08] aligned 27/50  (76s)
[00:16:10] aligned 28/50  (78s)
[00:16:12] aligned 29/50  (80s)
[00:16:13] aligned 30/50  (81s)
[00:16:16] aligned 31/50  (84s)
[00:16:17] aligned 32/50  (85s)
[00:16:19] aligned 33/50  (87s)
[00:16:21] aligned 34/50  (89s)
[00:16:22] aligned 35/50  (90s)
[00:16:26] aligned 36/50  (94s)
[00:16:27] aligned 37/50  (95s)
[00:16:31] aligned 38/50  (98s)
[00:16:31] aligned 39/50  (99s)
[00:16:32] aligned 40/50  (99s)
[00:16:34] aligned 41/50  (102s)
[00:16:35] aligned 42/50  (103s)
[00:16:36] aligned 43/50  (104s)
[00:16:37] aligned 44/50  (105s)
[00:16:37] aligned 45/50  (105s)
[00:16:38] aligned 46/50  (106s)
[00:16:40] aligned 47/50  (108s)
[00:16:41] aligned 48/50  (109s)
[00:16:42] aligned 49/50  (110s)
[00:16:45] aligned 50/50  (113s)
StopAsyncIteration exception in shielded future
future: <Future finished exception=StopAsyncIteration()>
Traceback (most recent call last):
  File "C:\Users\Farhat\AppData\Roaming\Python\Python314\site-packages\synchronicity\synchronizer.py", line 511, in wrapper_coro
    return await inner_task
           ^^^^^^^^^^^^^^^^
  File "C:\Users\Farhat\AppData\Roaming\Python\Python314\site-packages\synchronicity\synchronizer.py", line 341, in coro_wrapped
    value = await coro
            ^^^^^^^^^^
  File "C:\Users\Farhat\AppData\Roaming\Python\Python314\site-packages\synchronicity\exceptions.py", line 33, in coro_wrapped
    return await coro
           ^^^^^^^^^^
StopAsyncIteration
aligned 50 clips x 4 settings on the GPU (113s)
== aligner2 v21 -- leave-one-set-out; params per held-out set: {'009': {'min_pause': 0.03, 'pause_model': 'word_ref', 'lam': 1000.0, 'cont_model': 'class', 'radius_ms': 10, 'onset_ms': 10, 'ref_mode': 'word', 'theta_db': 20.0, 'clip_anchor_ms': 150, 'unit': 'letter4', 'soft': 'off', 'refine': True}, '026': {'min_pause': 0.03, 'pause_model': 'word_ref', 'lam': 1000.0, 'cont_model': 'class', 'radius_ms': 10, 'onset_ms': 10, 'ref_mode': 'word', 'theta_db': 20.0, 'clip_anchor_ms': 150, 'unit': 'letter4', 'soft': 'off', 'refine': True}, '049': {'min_pause': 0.03, 'pause_model': 'word_ref', 'lam': 1000.0, 'cont_model': 'class', 'radius_ms': 10, 'onset_ms': 10, 'ref_mode': 'word', 'theta_db': 20.0, 'clip_anchor_ms': 150, 'unit': 'letter4', 'soft': 'off', 'refine': True}, 'old14': {'min_pause': 0.03, 'pause_model': 'word_ref', 'lam': 1000.0, 'cont_model': 'class', 'radius_ms': 10, 'onset_ms': 10, 'ref_mode': 'word', 'theta_db': 20.0, 'clip_anchor_ms': 150, 'unit': 'letter4', 'soft': 'off', 'refine': True}}
set   kind            n     MAE    med     w5    w10    w20   bias
009   all          1876    17.3   10.5    30%    49%    73%   -0.1
009   cont         1456    16.6   11.0    27%    47%    72%   +0.7
009   pause         396    19.7    7.6    42%    55%    75%   -2.8
009   human         596    20.7   11.4    28%    45%    68%   +0.1
009   cont_human    499    18.5   11.2    27%    46%    69%   +1.4
026   all          1946    16.0    9.8    30%    51%    73%   -0.6
026   cont         1476    16.2   11.0    26%    47%    72%   -0.0
026   pause         446    15.7    7.0    42%    62%    78%   -2.8
026   human         432    19.8   12.1    24%    43%    69%   +1.0
026   cont_human    367    19.5   12.1    25%    43%    69%   +1.4
026   ear-hit       468   36.1%
049   all          1826    19.7   11.0    27%    46%    67%   -2.2
049   cont         1342    19.8   12.4    23%    43%    65%   -2.3
049   pause         460    19.2    8.0    38%    56%    72%   -1.1
049   human         546    22.9   11.7    25%    45%    62%   +2.2
049   cont_human    461    22.2   11.4    26%    45%    62%   +4.1
049   ear-hit       314   38.9%
old14 all          1716    22.3   12.0    25%    45%    68%   -5.0
old14 cont         1210    20.1   12.1    24%    43%    68%   -5.0
old14 pause         478    26.2   10.7    25%    47%    66%   -5.5
old14 human         513    23.8   11.6    25%    45%    65%   +2.2
old14 cont_human    439    21.0   10.8    26%    47%    66%   +2.9
old14 ear-hit       284   38.0%
ALL   all          7364    18.7   11.0    28%    48%    70%   -1.9
ALL   cont         5484    18.1   11.5    25%    45%    69%   -1.5
ALL   pause        1780    20.3    8.0    36%    55%    73%   -3.1
ALL   human        2087    21.9   11.6    26%    45%    66%   +1.3
ALL   cont_human   1766    20.3   11.4    26%    45%    66%   +2.5
ALL   ear-hit      1066   37.4%

(best single setting on everything, for reference: {'min_pause': 0.03, 'pause_model': 'word_ref', 'lam': 1000.0, 'cont_model': 'class', 'radius_ms': 10, 'onset_ms': 10, 'ref_mode': 'word', 'theta_db': 20.0, 'clip_anchor_ms': 150, 'unit': 'letter4', 'soft': 'off', 'refine': True} -> MAE 18.7, w5 28%)
