[22:02:07] asking the engine which of 50 clips need signals (starts a container if none is warm)
[22:02:07] source changed -> redeploying GPU engine (deploy output follows)
    Building image im-5VS6jkvLXdpNngeFeFm0OL
    Using legacy Image Builder version. We suggest upgrading at https://modal.com/settings/image-config.
    => Step 0: FROM base
    => Step 1: COPY . /
    Saving image...
    Image saved, took 1.42s
    Built image im-5VS6jkvLXdpNngeFeFm0OL in 2.30s
    ? Created objects.
    ??? ? Created mount F:\BB\ETN-SC\pulsar_auto\modal_aligner2.py
    ??? ? Created mount PythonPackage:aligner2
    ??? ? Created function Engine.*.
    ? App deployed in 12.316s! ?
    View Deployment:
    https://modal.com/apps/alinarohannes777/main/deployed/aligner2-signals
[22:02:26] stopped 0 running engine container(s) so no call reaches old code
[22:02:26] deployed; the first call starts a fresh container that loads the models (~30-60 s)
C:\Users\Farhat\AppData\Roaming\Python\Python314\site-packages\modal\_utils\async_utils.py:43: DeprecationWarning: 'asyncio.WindowsSelectorEventLoopPolicy' is deprecated and slated for removal in Python 3.16
  asyncio.set_event_loop_policy(asyncio.WindowsSelectorEventLoopPolicy())
C:\Users\Farhat\AppData\Roaming\Python\Python314\site-packages\modal\_utils\async_utils.py:43: DeprecationWarning: 'asyncio.set_event_loop_policy' is deprecated and slated for removal in Python 3.16
  asyncio.set_event_loop_policy(asyncio.WindowsSelectorEventLoopPolicy())
[22:03:00] engine code verified (13ccdd75, loaded from /root/aligner2)
[22:03:01] 0 clips need signals
signals: 0 clips computed on the GPU (54s)
[22:03:01] aligning 50 clips x 4 settings
[22:03:15] aligned 1/50  (14s)
[22:03:21] aligned 2/50  (20s)
[22:03:29] aligned 3/50  (28s)
[22:03:35] aligned 4/50  (34s)
[22:03:38] aligned 5/50  (38s)
[22:03:41] aligned 6/50  (40s)
[22:03:42] aligned 7/50  (42s)
[22:03:47] aligned 8/50  (46s)
[22:03:49] aligned 9/50  (48s)
[22:03:51] aligned 10/50  (51s)
[22:03:55] aligned 11/50  (54s)
[22:04:00] aligned 12/50  (59s)
[22:04:05] aligned 13/50  (65s)
[22:04:06] aligned 14/50  (65s)
[22:04:14] aligned 15/50  (73s)
[22:04:14] aligned 16/50  (74s)
[22:04:20] aligned 17/50  (79s)
[22:04:22] aligned 18/50  (81s)
[22:04:26] aligned 19/50  (85s)
[22:04:26] aligned 20/50  (86s)
[22:04:29] aligned 21/50  (88s)
[22:04:34] aligned 22/50  (93s)
[22:04:34] aligned 23/50  (94s)
[22:04:36] aligned 24/50  (95s)
[22:04:38] aligned 25/50  (98s)
[22:04:39] aligned 26/50  (98s)
[22:04:42] aligned 27/50  (102s)
[22:04:45] aligned 28/50  (104s)
[22:04:46] aligned 29/50  (106s)
[22:04:47] aligned 30/50  (106s)
[22:04:51] aligned 31/50  (110s)
[22:04:52] aligned 32/50  (111s)
[22:04:54] aligned 33/50  (113s)
[22:04:54] aligned 34/50  (113s)
[22:04:55] aligned 35/50  (114s)
[22:05:01] aligned 36/50  (120s)
[22:05:02] aligned 37/50  (121s)
[22:05:02] aligned 38/50  (121s)
[22:05:06] aligned 39/50  (125s)
[22:05:06] aligned 40/50  (126s)
[22:05:07] aligned 41/50  (126s)
[22:05:07] aligned 42/50  (127s)
[22:05:10] aligned 43/50  (129s)
[22:05:11] aligned 44/50  (130s)
[22:05:11] aligned 45/50  (130s)
[22:05:12] aligned 46/50  (131s)
[22:05:14] aligned 47/50  (133s)
[22:05:14] aligned 48/50  (134s)
[22:05:15] aligned 49/50  (134s)
[22:05:18] aligned 50/50  (137s)
aligned 50 clips x 4 settings on the GPU (137s)
== aligner2 v25 -- leave-one-set-out; params per held-out set: {'009': {'min_pause': 0.03, 'pause_model': 'word_ref', 'lam': 1000.0, 'cont_model': 'class', 'radius_ms': 10, 'onset_ms': 10, 'ref_mode': 'word', 'theta_db': 20.0, 'clip_anchor_ms': 150, 'pause_floor_db': 6.0, 'pause_floor_min_ms': 90, 'pause_floor_snr_max': 40.0, 'unit': 'letter4', 'soft': 'off', 'refine': True}, '026': {'min_pause': 0.03, 'pause_model': 'word_ref', 'lam': 1000.0, 'cont_model': 'class', 'radius_ms': 10, 'onset_ms': 10, 'ref_mode': 'word', 'theta_db': 20.0, 'clip_anchor_ms': 150, 'pause_floor_db': 6.0, 'pause_floor_min_ms': 90, 'pause_floor_snr_max': 40.0, 'unit': 'letter4', 'soft': 'off', 'refine': True}, '049': {'min_pause': 0.03, 'pause_model': 'word_ref', 'lam': 1000.0, 'cont_model': 'class', 'radius_ms': 10, 'onset_ms': 10, 'ref_mode': 'word', 'theta_db': 20.0, 'clip_anchor_ms': 150, 'pause_floor_db': 6.0, 'pause_floor_min_ms': 90, 'pause_floor_snr_max': 40.0, 'unit': 'letter4', 'soft': 'off', 'refine': True}, 'old14': {'min_pause': 0.03, 'pause_model': 'word_ref', 'lam': 1000.0, 'cont_model': 'class', 'radius_ms': 10, 'onset_ms': 10, 'ref_mode': 'word', 'theta_db': 20.0, 'clip_anchor_ms': 150, 'pause_floor_db': 6.0, 'pause_floor_min_ms': 90, 'pause_floor_snr_max': 40.0, 'unit': 'letter4', 'soft': 'off', 'refine': True}}
set   kind            n     MAE    med     w5    w10    w20   bias
009   all          1876    17.1   10.0    31%    50%    73%   -0.1
009   cont         1456    16.7   11.0    27%    47%    72%   -0.3
009   pause         396    18.2    6.0    47%    60%    78%   +0.1
009   human         596    19.7   10.5    29%    48%    69%   +0.1
009   cont_human    499    18.1   10.4    29%    48%    69%   +0.2
026   all          1946    16.3    9.0    31%    52%    73%   -1.7
026   cont         1476    16.7   11.0    27%    48%    71%   -1.7
026   pause         446    15.3    6.0    43%    65%    80%   -2.0
026   human         432    20.4   12.1    24%    43%    68%   -0.5
026   cont_human    367    20.3   12.1    24%    43%    66%   -0.5
026   ear-hit       468   37.8%
049   all          1826    19.7   10.5    28%    48%    67%   -2.2
049   cont         1342    20.1   12.0    24%    44%    64%   -3.5
049   pause         460    18.9    7.0    40%    61%    73%   +1.2
049   human         546    21.8   10.7    28%    48%    63%   +1.8
049   cont_human    461    21.2   10.5    29%    48%    63%   +2.9
049   ear-hit       314   41.1%
old14 all          1716    22.5   12.0    25%    44%    67%   -5.6
old14 cont         1210    20.8   12.5    24%    42%    67%   -6.2
old14 pause         478    25.6   10.0    27%    49%    68%   -4.6
old14 human         513    23.6   11.6    26%    45%    65%   +1.3
old14 cont_human    439    20.9   10.8    27%    47%    67%   +1.7
old14 ear-hit       284   40.1%
ALL   all          7364    18.8   10.5    29%    49%    70%   -2.3
ALL   cont         5484    18.4   11.4    26%    46%    69%   -2.8
ALL   pause        1780    19.6    7.0    39%    58%    74%   -1.4
ALL   human        2087    21.4   11.2    27%    46%    66%   +0.7
ALL   cont_human   1766    20.1   11.0    27%    47%    66%   +1.1
ALL   ear-hit      1066   39.4%

(best single setting on everything, for reference: {'min_pause': 0.03, 'pause_model': 'word_ref', 'lam': 1000.0, 'cont_model': 'class', 'radius_ms': 10, 'onset_ms': 10, 'ref_mode': 'word', 'theta_db': 20.0, 'clip_anchor_ms': 150, 'pause_floor_db': 6.0, 'pause_floor_min_ms': 90, 'pause_floor_snr_max': 40.0, 'unit': 'letter4', 'soft': 'off', 'refine': True} -> MAE 18.8, w5 29%)
