[07:56:00] asking the engine which of 50 clips need signals (starts a container if none is warm)
[07:56:00] source changed -> redeploying GPU engine (deploy output follows)
    Building image im-0uKFYQFVy33MG7riU5rA74
    => Step 0: FROM base
    => Step 1: RUN python -m pip install g2p_en huggingface_hub nltk num2words numpy phonemizer pyannote.audio==4.0.7 scikit-learn scipy soundfile torch torchaudio transformers==5.17.0
    Looking in indexes: http://pypi-mirror.modal.local:5555/simple
    Collecting g2p_en
      Downloading http://pypi-mirror.modal.local:5555/simple/g2p-en/g2p_en-2.1.0-py3-none-any.whl.metadata (4.5 kB)
    Collecting huggingface_hub
      Downloading http://pypi-mirror.modal.local:5555/simple/huggingface-hub/huggingface_hub-1.32.0-py3-none-any.whl.metadata (16 kB)
    Collecting nltk
      Downloading http://pypi-mirror.modal.local:5555/simple/nltk/nltk-3.10.3-py3-none-any.whl.metadata (3.2 kB)
    Collecting num2words
      Downloading http://pypi-mirror.modal.local:5555/simple/num2words/num2words-0.5.14-py3-none-any.whl.metadata (13 kB)
    Collecting numpy
      Downloading http://pypi-mirror.modal.local:5555/simple/numpy/numpy-2.4.6-cp311-cp311-manylinux_2_27_x86_64.manylinux_2_28_x86_64.whl.metadata (6.6 kB)
    Collecting phonemizer
      Downloading http://pypi-mirror.modal.local:5555/simple/phonemizer/phonemizer-3.4.0-py3-none-any.whl.metadata (48 kB)
    Collecting pyannote.audio==4.0.7
      Downloading http://pypi-mirror.modal.local:5555/simple/pyannote-audio/pyannote_audio-4.0.7-py3-none-any.whl.metadata (13 kB)
    Collecting scikit-learn
      Downloading http://pypi-mirror.modal.local:5555/simple/scikit-learn/scikit_learn-1.9.1-cp311-cp311-manylinux_2_27_x86_64.manylinux_2_28_x86_64.whl.metadata (9.3 kB)
    Collecting scipy
      Downloading http://pypi-mirror.modal.local:5555/simple/scipy/scipy-1.17.1-cp311-cp311-manylinux_2_27_x86_64.manylinux_2_28_x86_64.whl.metadata (62 kB)
    Collecting soundfile
      Downloading http://pypi-mirror.modal.local:5555/simple/soundfile/soundfile-0.14.0-py2.py3-none-manylinux_2_28_x86_64.whl.metadata (18 kB)
    Collecting torch
      Downloading http://pypi-mirror.modal.local:5555/simple/torch/torch-2.14.0-cp311-cp311-manylinux_2_28_x86_64.whl.metadata (37 kB)
    Collecting torchaudio
      Downloading http://pypi-mirror.modal.local:5555/simple/torchaudio/torchaudio-2.11.0-cp311-cp311-manylinux_2_28_x86_64.whl.metadata (6.9 kB)
    Collecting transformers==5.17.0
      Downloading http://pypi-mirror.modal.local:5555/simple/transformers/transformers-5.17.0-py3-none-any.whl.metadata (32 kB)
    Collecting asteroid-filterbanks>=0.4.0 (from pyannote.audio==4.0.7)
      Downloading http://pypi-mirror.modal.local:5555/simple/asteroid-filterbanks/asteroid_filterbanks-0.4.0-py3-none-any.whl.metadata (3.3 kB)
    Collecting einops>=0.8.1 (from pyannote.audio==4.0.7)
      Downloading http://pypi-mirror.modal.local:5555/simple/einops/einops-0.8.2-py3-none-any.whl.metadata (13 kB)
    Collecting lightning>=2.4 (from pyannote.audio==4.0.7)
      Downloading http://pypi-mirror.modal.local:5555/simple/lightning/lightning-2.6.6-py3-none-any.whl.metadata (45 kB)
    Collecting matplotlib>=3.10.0 (from pyannote.audio==4.0.7)
      Downloading http://pypi-mirror.modal.local:5555/simple/matplotlib/matplotlib-3.11.2-cp311-cp311-manylinux2014_x86_64.manylinux_2_17_x86_64.whl.metadata (80 kB)
    Collecting opentelemetry-api>=1.34.0 (from pyannote.audio==4.0.7)
      Downloading http://pypi-mirror.modal.local:5555/simple/opentelemetry-api/opentelemetry_api-1.44.0-py3-none-any.whl.metadata (1.4 kB)
    Collecting opentelemetry-exporter-otlp>=1.34.0 (from pyannote.audio==4.0.7)
      Downloading http://pypi-mirror.modal.local:5555/simple/opentelemetry-exporter-otlp/opentelemetry_exporter_otlp-1.44.0-py3-none-any.whl.metadata (2.4 kB)
    Collecting opentelemetry-sdk>=1.34.0 (from pyannote.audio==4.0.7)
      Downloading http://pypi-mirror.modal.local:5555/simple/opentelemetry-sdk/opentelemetry_sdk-1.44.0-py3-none-any.whl.metadata (1.6 kB)
    Collecting pyannote-core>=6.0.1 (from pyannote.audio==4.0.7)
      Downloading http://pypi-mirror.modal.local:5555/simple/pyannote-core/pyannote_core-6.0.1-py3-none-any.whl.metadata (1.9 kB)
    Collecting pyannote-database>=6.1.1 (from pyannote.audio==4.0.7)
      Downloading http://pypi-mirror.modal.local:5555/simple/pyannote-database/pyannote_database-6.1.1-py3-none-any.whl.metadata (30 kB)
    Collecting pyannote-metrics>=4.0.0 (from pyannote.audio==4.0.7)
      Downloading http://pypi-mirror.modal.local:5555/simple/pyannote-metrics/pyannote_metrics-4.1-py3-none-any.whl.metadata (2.3 kB)
    Collecting pyannote-pipeline>=4.0.0 (from pyannote.audio==4.0.7)
      Downloading http://pypi-mirror.modal.local:5555/simple/pyannote-pipeline/pyannote_pipeline-4.0.0-py3-none-any.whl.metadata (5.4 kB)
    Collecting pyannoteai-sdk>=0.3.0 (from pyannote.audio==4.0.7)
      Downloading http://pypi-mirror.modal.local:5555/simple/pyannoteai-sdk/pyannoteai_sdk-0.4.0-py3-none-any.whl.metadata (2.4 kB)
    Collecting pytorch-metric-learning>=2.8.1 (from pyannote.audio==4.0.7)
      Downloading http://pypi-mirror.modal.local:5555/simple/pytorch-metric-learning/pytorch_metric_learning-2.9.0-py3-none-any.whl.metadata (18 kB)
    Collecting rich>=13.9.4 (from pyannote.audio==4.0.7)
      Downloading http://pypi-mirror.modal.local:5555/simple/rich/rich-15.0.0-py3-none-any.whl.metadata (18 kB)
    Collecting safetensors>=0.5.2 (from pyannote.audio==4.0.7)
      Downloading http://pypi-mirror.modal.local:5555/simple/safetensors/safetensors-0.8.0-cp310-abi3-manylinux_2_17_x86_64.manylinux2014_x86_64.whl.metadata (4.2 kB)
    Collecting torch-audiomentations>=0.12.0 (from pyannote.audio==4.0.7)
      Downloading http://pypi-mirror.modal.local:5555/simple/torch-audiomentations/torch_audiomentations-0.12.0-py3-none-any.whl.metadata (15 kB)
    Collecting torchcodec>=0.7.0 (from pyannote.audio==4.0.7)
      Downloading http://pypi-mirror.modal.local:5555/simple/torchcodec/torchcodec-0.16.0-cp311-cp311-manylinux_2_27_x86_64.manylinux_2_28_x86_64.whl.metadata (9.7 kB)
    Collecting torchmetrics>=1.6.1 (from pyannote.audio==4.0.7)
      Downloading http://pypi-mirror.modal.local:5555/simple/torchmetrics/torchmetrics-1.9.0-py3-none-any.whl.metadata (23 kB)
    Collecting packaging>=20.0 (from transformers==5.17.0)
      Downloading http://pypi-mirror.modal.local:5555/simple/packaging/packaging-26.3-py3-none-any.whl.metadata (3.5 kB)
    Collecting pyyaml>=5.1 (from transformers==5.17.0)
      Downloading http://pypi-mirror.modal.local:5555/simple/pyyaml/pyyaml-6.0.3-cp311-cp311-manylinux2014_x86_64.manylinux_2_17_x86_64.manylinux_2_28_x86_64.whl.metadata (2.4 kB)
    Collecting regex>=2025.10.22 (from transformers==5.17.0)
      Downloading http://pypi-mirror.modal.local:5555/simple/regex/regex-2026.9.10-cp311-cp311-manylinux2014_x86_64.manylinux_2_17_x86_64.manylinux_2_28_x86_64.whl.metadata (40 kB)
    Collecting tokenizers<0.24.0,>=0.23.1 (from transformers==5.17.0)
      Downloading http://pypi-mirror.modal.local:5555/simple/tokenizers/tokenizers-0.23.2-cp310-abi3-manylinux_2_17_x86_64.manylinux2014_x86_64.whl.metadata (9.8 kB)
    Collecting typer (from transformers==5.17.0)
      Downloading http://pypi-mirror.modal.local:5555/simple/typer/typer-0.27.2-py3-none-any.whl.metadata (16 kB)
    Collecting tqdm>=4.60 (from transformers==5.17.0)
      Downloading http://pypi-mirror.modal.local:5555/simple/tqdm/tqdm-4.70.1-py3-none-any.whl.metadata (57 kB)
    Collecting inflect>=0.3.1 (from g2p_en)
      Downloading http://pypi-mirror.modal.local:5555/simple/inflect/inflect-7.5.0-py3-none-any.whl.metadata (24 kB)
    Collecting distance>=0.1.3 (from g2p_en)
      Downloading http://pypi-mirror.modal.local:5555/simple/distance/Distance-0.1.3.tar.gz (180 kB)
      Preparing metadata (setup.py): started
      Preparing metadata (setup.py): finished with status 'done'
    Collecting click<9.0.0,>=8.4.2 (from huggingface_hub)
      Downloading http://pypi-mirror.modal.local:5555/simple/click/click-8.5.0-py3-none-any.whl.metadata (2.6 kB)
    Collecting filelock>=3.10.0 (from huggingface_hub)
      Downloading http://pypi-mirror.modal.local:5555/simple/filelock/filelock-4.0.3-py3-none-any.whl.metadata (2.0 kB)
    Collecting fsspec>=2023.5.0 (from huggingface_hub)
      Downloading http://pypi-mirror.modal.local:5555/simple/fsspec/fsspec-2026.9.0-py3-none-any.whl.metadata (10 kB)
    Collecting hf-xet<2.0.0,>=1.5.2 (from huggingface_hub)
      Downloading http://pypi-mirror.modal.local:5555/simple/hf-xet/hf_xet-1.6.0-cp38-abi3-manylinux2014_x86_64.manylinux_2_17_x86_64.whl.metadata (4.9 kB)
    Collecting httpx<1,>=0.23.0 (from huggingface_hub)
      Downloading http://pypi-mirror.modal.local:5555/simple/httpx/httpx-0.28.1-py3-none-any.whl.metadata (7.1 kB)
    Requirement already satisfied: typing-extensions>=4.1.0 in /usr/local/lib/python3.11/site-packages (from huggingface_hub) (4.12.2)
    Collecting defusedxml (from nltk)
      Downloading http://pypi-mirror.modal.local:5555/simple/defusedxml/defusedxml-0.7.1-py2.py3-none-any.whl.metadata (32 kB)
    Collecting joblib (from nltk)
      Downloading http://pypi-mirror.modal.local:5555/simple/joblib/joblib-1.6.0-py3-none-any.whl.metadata (6.5 kB)
    Collecting docopt>=0.6.2 (from num2words)
      Downloading http://pypi-mirror.modal.local:5555/simple/docopt/docopt-0.6.2.tar.gz (25 kB)
      Preparing metadata (setup.py): started
      Preparing metadata (setup.py): finished with status 'done'
    Requirement already satisfied: attrs>=18.1 in /usr/local/lib/python3.11/site-packages (from phonemizer) (24.2.0)
    Collecting dlinfo (from phonemizer)
      Downloading http://pypi-mirror.modal.local:5555/simple/dlinfo/dlinfo-2.0.0-py3-none-any.whl.metadata (1.1 kB)
    Collecting narwhals>=2.0.1 (from scikit-learn)
      Downloading http://pypi-mirror.modal.local:5555/simple/narwhals/narwhals-2.26.0-py3-none-any.whl.metadata (15 kB)
    Collecting threadpoolctl>=3.5.0 (from scikit-learn)
      Downloading http://pypi-mirror.modal.local:5555/simple/threadpoolctl/threadpoolctl-3.7.0-py3-none-any.whl.metadata (24 kB)
    Collecting cffi>=1.0 (from soundfile)
      Downloading http://pypi-mirror.modal.local:5555/simple/cffi/cffi-2.1.1-cp311-cp311-manylinux2014_x86_64.manylinux_2_17_x86_64.whl.metadata (2.5 kB)
    Collecting setuptools>=77.0.3 (from torch)
      Downloading http://pypi-mirror.modal.local:5555/simple/setuptools/setuptools-84.0.0-py3-none-any.whl.metadata (6.6 kB)
    Collecting sympy>=1.13.3 (from torch)
      Downloading http://pypi-mirror.modal.local:5555/simple/sympy/sympy-1.14.0-py3-none-any.whl.metadata (12 kB)
    Collecting networkx>=2.5.1 (from torch)
      Downloading http://pypi-mirror.modal.local:5555/simple/networkx/networkx-3.6.1-py3-none-any.whl.metadata (6.8 kB)
    Collecting jinja2 (from torch)
      Downloading http://pypi-mirror.modal.local:5555/simple/jinja2/jinja2-3.1.6-py3-none-any.whl.metadata (2.9 kB)
    Collecting cuda-toolkit==13.0.3 (from cuda-toolkit[cublas,cudart,cufft,cufile,cupti,curand,cusolver,cusparse,nvjitlink,nvrtc,nvtx]==13.0.3; platform_system == "Linux"->torch)
      Downloading http://pypi-mirror.modal.local:5555/simple/cuda-toolkit/cuda_toolkit-13.0.3.0-py2.py3-none-any.whl.metadata (17 kB)
    Collecting cuda-bindings<14,>=13.0.3 (from torch)
      Downloading http://pypi-mirror.modal.local:5555/simple/cuda-bindings/cuda_bindings-13.4.3-cp311-cp311-manylinux_2_24_x86_64.manylinux_2_28_x86_64.whl.metadata (2.4 kB)
    Collecting nvidia-cudnn-cu13==9.24.0.43 (from torch)
      Downloading http://pypi-mirror.modal.local:5555/simple/nvidia-cudnn-cu13/nvidia_cudnn_cu13-9.24.0.43-py3-none-manylinux_2_27_x86_64.whl.metadata (1.9 kB)
    Collecting nvidia-cusparselt-cu13==0.8.1 (from torch)
      Downloading http://pypi-mirror.modal.local:5555/simple/nvidia-cusparselt-cu13/nvidia_cusparselt_cu13-0.8.1-py3-none-manylinux2014_x86_64.whl.metadata (12 kB)
    Collecting nvidia-nccl-cu13==2.30.7 (from torch)
      Downloading http://pypi-mirror.modal.local:5555/simple/nvidia-nccl-cu13/nvidia_nccl_cu13-2.30.7-py3-none-manylinux_2_18_x86_64.whl.metadata (2.1 kB)
    Collecting nvidia-nvshmem-cu13==3.4.5 (from torch)
      Downloading http://pypi-mirror.modal.local:5555/simple/nvidia-nvshmem-cu13/nvidia_nvshmem_cu13-3.4.5-py3-none-manylinux2014_x86_64.manylinux_2_17_x86_64.whl.metadata (2.1 kB)
    Collecting triton~=3.8.0 (from torch)
      Downloading http://pypi-mirror.modal.local:5555/simple/triton/triton-3.8.0-cp311-cp311-manylinux_2_27_x86_64.manylinux_2_28_x86_64.whl.metadata (978 bytes)
    Collecting nvidia-cublas==13.1.1.3.* (from cuda-toolkit[cublas,cudart,cufft,cufile,cupti,curand,cusolver,cusparse,nvjitlink,nvrtc,nvtx]==13.0.3; platform_system == "Linux"->torch)
      Downloading http://pypi-mirror.modal.local:5555/simple/nvidia-cublas/nvidia_cublas-13.1.1.3-py3-none-manylinux_2_27_x86_64.whl.metadata (1.8 kB)
    Collecting nvidia-cuda-nvrtc==13.0.88.* (from cuda-toolkit[cublas,cudart,cufft,cufile,cupti,curand,cusolver,cusparse,nvjitlink,nvrtc,nvtx]==13.0.3; platform_system == "Linux"->torch)
      Downloading http://pypi-mirror.modal.local:5555/simple/nvidia-cuda-nvrtc/nvidia_cuda_nvrtc-13.0.88-py3-none-manylinux2010_x86_64.manylinux_2_12_x86_64.whl.metadata (1.7 kB)
    Collecting nvidia-cuda-runtime==13.0.96.* (from cuda-toolkit[cublas,cudart,cufft,cufile,cupti,curand,cusolver,cusparse,nvjitlink,nvrtc,nvtx]==13.0.3; platform_system == "Linux"->torch)
      Downloading http://pypi-mirror.modal.local:5555/simple/nvidia-cuda-runtime/nvidia_cuda_runtime-13.0.96-py3-none-manylinux2014_x86_64.manylinux_2_17_x86_64.whl.metadata (1.7 kB)
    Collecting nvidia-cufft==12.0.0.61.* (from cuda-toolkit[cublas,cudart,cufft,cufile,cupti,curand,cusolver,cusparse,nvjitlink,nvrtc,nvtx]==13.0.3; platform_system == "Linux"->torch)
      Downloading http://pypi-mirror.modal.local:5555/simple/nvidia-cufft/nvidia_cufft-12.0.0.61-py3-none-manylinux2014_x86_64.manylinux_2_17_x86_64.whl.metadata (1.8 kB)
    Collecting nvidia-nvjitlink<14,>=13.0.88 (from cuda-toolkit[cublas,cudart,cufft,cufile,cupti,curand,cusolver,cusparse,nvjitlink,nvrtc,nvtx]==13.0.3; platform_system == "Linux"->torch)
      Downloading http://pypi-mirror.modal.local:5555/simple/nvidia-nvjitlink/nvidia_nvjitlink-13.4.92-py3-none-manylinux2010_x86_64.manylinux_2_12_x86_64.whl.metadata (1.8 kB)
    Collecting nvidia-cufile==1.15.1.6.* (from cuda-toolkit[cublas,cudart,cufft,cufile,cupti,curand,cusolver,cusparse,nvjitlink,nvrtc,nvtx]==13.0.3; platform_system == "Linux"->torch)
      Downloading http://pypi-mirror.modal.local:5555/simple/nvidia-cufile/nvidia_cufile-1.15.1.6-py3-none-manylinux2014_x86_64.manylinux_2_17_x86_64.whl.metadata (1.7 kB)
    Collecting nvidia-cuda-cupti==13.0.85.* (from cuda-toolkit[cublas,cudart,cufft,cufile,cupti,curand,cusolver,cusparse,nvjitlink,nvrtc,nvtx]==13.0.3; platform_system == "Linux"->torch)
      Downloading http://pypi-mirror.modal.local:5555/simple/nvidia-cuda-cupti/nvidia_cuda_cupti-13.0.85-py3-none-manylinux_2_25_x86_64.whl.metadata (1.7 kB)
    Collecting nvidia-curand==10.4.0.35.* (from cuda-toolkit[cublas,cudart,cufft,cufile,cupti,curand,cusolver,cusparse,nvjitlink,nvrtc,nvtx]==13.0.3; platform_system == "Linux"->torch)
      Downloading http://pypi-mirror.modal.local:5555/simple/nvidia-curand/nvidia_curand-10.4.0.35-py3-none-manylinux_2_27_x86_64.whl.metadata (1.7 kB)
    Collecting nvidia-cusolver==12.0.4.66.* (from cuda-toolkit[cublas,cudart,cufft,cufile,cupti,curand,cusolver,cusparse,nvjitlink,nvrtc,nvtx]==13.0.3; platform_system == "Linux"->torch)
      Downloading http://pypi-mirror.modal.local:5555/simple/nvidia-cusolver/nvidia_cusolver-12.0.4.66-py3-none-manylinux_2_27_x86_64.whl.metadata (1.8 kB)
    Collecting nvidia-cusparse==12.6.3.3.* (from cuda-toolkit[cublas,cudart,cufft,cufile,cupti,curand,cusolver,cusparse,nvjitlink,nvrtc,nvtx]==13.0.3; platform_system == "Linux"->torch)
      Downloading http://pypi-mirror.modal.local:5555/simple/nvidia-cusparse/nvidia_cusparse-12.6.3.3-py3-none-manylinux2014_x86_64.manylinux_2_17_x86_64.whl.metadata (1.8 kB)
    Collecting nvidia-nvtx==13.0.85.* (from cuda-toolkit[cublas,cudart,cufft,cufile,cupti,curand,cusolver,cusparse,nvjitlink,nvrtc,nvtx]==13.0.3; platform_system == "Linux"->torch)
      Downloading http://pypi-mirror.modal.local:5555/simple/nvidia-nvtx/nvidia_nvtx-13.0.85-py3-none-manylinux1_x86_64.manylinux_2_5_x86_64.whl.metadata (1.8 kB)
    Collecting pycparser (from cffi>=1.0->soundfile)
      Downloading http://pypi-mirror.modal.local:5555/simple/pycparser/pycparser-3.0-py3-none-any.whl.metadata (8.2 kB)
    Collecting cuda-pathfinder>=1.4.2 (from cuda-bindings<14,>=13.0.3->torch)
      Downloading http://pypi-mirror.modal.local:5555/simple/cuda-pathfinder/cuda_pathfinder-1.8.2-py3-none-any.whl.metadata (1.9 kB)
    Collecting anyio (from httpx<1,>=0.23.0->huggingface_hub)
      Downloading http://pypi-mirror.modal.local:5555/simple/anyio/anyio-4.15.1-py3-none-any.whl.metadata (4.7 kB)
    Requirement already satisfied: certifi in /usr/local/lib/python3.11/site-packages (from httpx<1,>=0.23.0->huggingface_hub) (2024.8.30)
    Collecting httpcore==1.* (from httpx<1,>=0.23.0->huggingface_hub)
      Downloading http://pypi-mirror.modal.local:5555/simple/httpcore/httpcore-1.0.9-py3-none-any.whl.metadata (21 kB)
    Requirement already satisfied: idna in /usr/local/lib/python3.11/site-packages (from httpx<1,>=0.23.0->huggingface_hub) (3.10)
    Collecting h11>=0.16 (from httpcore==1.*->httpx<1,>=0.23.0->huggingface_hub)
      Downloading http://pypi-mirror.modal.local:5555/simple/h11/h11-0.16.0-py3-none-any.whl.metadata (8.3 kB)
    Collecting more_itertools>=8.5.0 (from inflect>=0.3.1->g2p_en)
      Downloading http://pypi-mirror.modal.local:5555/simple/more-itertools/more_itertools-11.1.0-py3-none-any.whl.metadata (41 kB)
    Collecting typeguard>=4.0.1 (from inflect>=0.3.1->g2p_en)
      Downloading http://pypi-mirror.modal.local:5555/simple/typeguard/typeguard-4.6.0-py3-none-any.whl.metadata (3.7 kB)
    Collecting cloudpickle>=3.0 (from joblib->nltk)
      Downloading http://pypi-mirror.modal.local:5555/simple/cloudpickle/cloudpickle-3.1.2-py3-none-any.whl.metadata (7.1 kB)
    Collecting lightning-utilities<2.0,>=0.10.0 (from lightning>=2.4->pyannote.audio==4.0.7)
      Downloading http://pypi-mirror.modal.local:5555/simple/lightning-utilities/lightning_utilities-0.15.3-py3-none-any.whl.metadata (5.5 kB)
    Collecting pytorch-lightning (from lightning>=2.4->pyannote.audio==4.0.7)
      Downloading http://pypi-mirror.modal.local:5555/simple/pytorch-lightning/pytorch_lightning-2.6.6-py3-none-any.whl.metadata (21 kB)
    Collecting contourpy>=1.0.1 (from matplotlib>=3.10.0->pyannote.audio==4.0.7)
      Downloading http://pypi-mirror.modal.local:5555/simple/contourpy/contourpy-1.3.3-cp311-cp311-manylinux_2_27_x86_64.manylinux_2_28_x86_64.whl.metadata (5.5 kB)
    Collecting cycler>=0.10 (from matplotlib>=3.10.0->pyannote.audio==4.0.7)
      Downloading http://pypi-mirror.modal.local:5555/simple/cycler/cycler-0.12.1-py3-none-any.whl.metadata (3.8 kB)
    Collecting fonttools>=4.28.2 (from matplotlib>=3.10.0->pyannote.audio==4.0.7)
      Downloading http://pypi-mirror.modal.local:5555/simple/fonttools/fonttools-4.66.0-cp311-cp311-manylinux2014_x86_64.manylinux_2_17_x86_64.whl.metadata (129 kB)
    Collecting kiwisolver>=1.3.1 (from matplotlib>=3.10.0->pyannote.audio==4.0.7)
      Downloading http://pypi-mirror.modal.local:5555/simple/kiwisolver/kiwisolver-1.5.1-cp311-cp311-manylinux2014_x86_64.manylinux_2_17_x86_64.whl.metadata (5.2 kB)
    Collecting pillow>=9 (from matplotlib>=3.10.0->pyannote.audio==4.0.7)
      Downloading http://pypi-mirror.modal.local:5555/simple/pillow/pillow-12.3.0-cp311-cp311-manylinux_2_27_x86_64.manylinux_2_28_x86_64.whl.metadata (9.1 kB)
    Collecting pyparsing>=3 (from matplotlib>=3.10.0->pyannote.audio==4.0.7)
      Downloading http://pypi-mirror.modal.local:5555/simple/pyparsing/pyparsing-3.3.3-py3-none-any.whl.metadata (5.9 kB)
    Collecting python-dateutil>=2.7 (from matplotlib>=3.10.0->pyannote.audio==4.0.7)
      Downloading http://pypi-mirror.modal.local:5555/simple/python-dateutil/python_dateutil-2.9.0.post0-py2.py3-none-any.whl.metadata (8.4 kB)
    Collecting opentelemetry-exporter-otlp-proto-grpc==1.44.0 (from opentelemetry-exporter-otlp>=1.34.0->pyannote.audio==4.0.7)
      Downloading http://pypi-mirror.modal.local:5555/simple/opentelemetry-exporter-otlp-proto-grpc/opentelemetry_exporter_otlp_proto_grpc-1.44.0-py3-none-any.whl.metadata (2.6 kB)
    Collecting opentelemetry-exporter-otlp-proto-http==1.44.0 (from opentelemetry-exporter-otlp>=1.34.0->pyannote.audio==4.0.7)
      Downloading http://pypi-mirror.modal.local:5555/simple/opentelemetry-exporter-otlp-proto-http/opentelemetry_exporter_otlp_proto_http-1.44.0-py3-none-any.whl.metadata (2.4 kB)
    Collecting googleapis-common-protos~=1.57 (from opentelemetry-exporter-otlp-proto-grpc==1.44.0->opentelemetry-exporter-otlp>=1.34.0->pyannote.audio==4.0.7)
      Downloading http://pypi-mirror.modal.local:5555/simple/googleapis-common-protos/googleapis_common_protos-1.75.3-py3-none-any.whl.metadata (8.5 kB)
    Collecting grpcio<2.0.0,>=1.63.2 (from opentelemetry-exporter-otlp-proto-grpc==1.44.0->opentelemetry-exporter-otlp>=1.34.0->pyannote.audio==4.0.7)
      Downloading http://pypi-mirror.modal.local:5555/simple/grpcio/grpcio-1.84.0-cp311-cp311-manylinux2014_x86_64.manylinux_2_17_x86_64.whl.metadata (3.8 kB)
    Collecting opentelemetry-exporter-otlp-proto-common==1.44.0 (from opentelemetry-exporter-otlp-proto-grpc==1.44.0->opentelemetry-exporter-otlp>=1.34.0->pyannote.audio==4.0.7)
      Downloading http://pypi-mirror.modal.local:5555/simple/opentelemetry-exporter-otlp-proto-common/opentelemetry_exporter_otlp_proto_common-1.44.0-py3-none-any.whl.metadata (1.8 kB)
    Collecting opentelemetry-proto==1.44.0 (from opentelemetry-exporter-otlp-proto-grpc==1.44.0->opentelemetry-exporter-otlp>=1.34.0->pyannote.audio==4.0.7)
      Downloading http://pypi-mirror.modal.local:5555/simple/opentelemetry-proto/opentelemetry_proto-1.44.0-py3-none-any.whl.metadata (2.3 kB)
    Collecting requests~=2.7 (from opentelemetry-exporter-otlp-proto-http==1.44.0->opentelemetry-exporter-otlp>=1.34.0->pyannote.audio==4.0.7)
      Downloading http://pypi-mirror.modal.local:5555/simple/requests/requests-2.34.2-py3-none-any.whl.metadata (4.8 kB)
    Requirement already satisfied: protobuf<8.0,>=5.0 in /usr/local/lib/python3.11/site-packages (from opentelemetry-proto==1.44.0->opentelemetry-exporter-otlp-proto-grpc==1.44.0->opentelemetry-exporter-otlp>=1.34.0->pyannote.audio==4.0.7) (5.29.2)
    Collecting opentelemetry-semantic-conventions==0.65b0 (from opentelemetry-sdk>=1.34.0->pyannote.audio==4.0.7)
      Downloading http://pypi-mirror.modal.local:5555/simple/opentelemetry-semantic-conventions/opentelemetry_semantic_conventions-0.65b0-py3-none-any.whl.metadata (2.4 kB)
    Collecting pandas>=2.2.3 (from pyannote-core>=6.0.1->pyannote.audio==4.0.7)
      Downloading http://pypi-mirror.modal.local:5555/simple/pandas/pandas-3.0.6-cp311-cp311-manylinux_2_24_x86_64.manylinux_2_28_x86_64.whl.metadata (79 kB)
    Collecting sortedcontainers>=2.4.0 (from pyannote-core>=6.0.1->pyannote.audio==4.0.7)
      Downloading http://pypi-mirror.modal.local:5555/simple/sortedcontainers/sortedcontainers-2.4.0-py2.py3-none-any.whl.metadata (10 kB)
    Collecting optuna>=4.2.0 (from pyannote-pipeline>=4.0.0->pyannote.audio==4.0.7)
      Downloading http://pypi-mirror.modal.local:5555/simple/optuna/optuna-5.0.0-py3-none-any.whl.metadata (14 kB)
    Collecting markdown-it-py>=2.2.0 (from rich>=13.9.4->pyannote.audio==4.0.7)
      Downloading http://pypi-mirror.modal.local:5555/simple/markdown-it-py/markdown_it_py-4.2.0-py3-none-any.whl.metadata (7.4 kB)
    Collecting pygments<3.0.0,>=2.13.0 (from rich>=13.9.4->pyannote.audio==4.0.7)
      Downloading http://pypi-mirror.modal.local:5555/simple/pygments/pygments-2.21.0-py3-none-any.whl.metadata (2.5 kB)
    Collecting mpmath<1.4,>=1.1.0 (from sympy>=1.13.3->torch)
      Downloading http://pypi-mirror.modal.local:5555/simple/mpmath/mpmath-1.3.0-py3-none-any.whl.metadata (8.6 kB)
    Collecting julius<0.3,>=0.2.3 (from torch-audiomentations>=0.12.0->pyannote.audio==4.0.7)
      Downloading http://pypi-mirror.modal.local:5555/simple/julius/julius-0.2.8-py3-none-any.whl.metadata (7.6 kB)
    Collecting torch-pitch-shift>=1.2.2 (from torch-audiomentations>=0.12.0->pyannote.audio==4.0.7)
      Downloading http://pypi-mirror.modal.local:5555/simple/torch-pitch-shift/torch_pitch_shift-1.2.5-py3-none-any.whl.metadata (2.5 kB)
    Collecting MarkupSafe>=2.0 (from jinja2->torch)
      Downloading http://pypi-mirror.modal.local:5555/simple/markupsafe/markupsafe-3.0.3-cp311-cp311-manylinux2014_x86_64.manylinux_2_17_x86_64.manylinux_2_28_x86_64.whl.metadata (2.7 kB)
    Collecting shellingham>=1.3.0 (from typer->transformers==5.17.0)
      Downloading http://pypi-mirror.modal.local:5555/simple/shellingham/shellingham-1.5.4-py2.py3-none-any.whl.metadata (3.5 kB)
    Collecting annotated-doc>=0.0.2 (from typer->transformers==5.17.0)
      Downloading http://pypi-mirror.modal.local:5555/simple/annotated-doc/annotated_doc-0.0.5-py3-none-any.whl.metadata (6.5 kB)
    Requirement already satisfied: aiohttp!=4.0.0a0,!=4.0.0a1 in /usr/local/lib/python3.11/site-packages (from fsspec[http]<2028.0,>=2022.5.0->lightning>=2.4->pyannote.audio==4.0.7) (3.10.8)
    Collecting mdurl~=0.1 (from markdown-it-py>=2.2.0->rich>=13.9.4->pyannote.audio==4.0.7)
      Downloading http://pypi-mirror.modal.local:5555/simple/mdurl/mdurl-0.1.2-py3-none-any.whl.metadata (1.6 kB)
    Collecting alembic>=1.5.0 (from optuna>=4.2.0->pyannote-pipeline>=4.0.0->pyannote.audio==4.0.7)
      Downloading http://pypi-mirror.modal.local:5555/simple/alembic/alembic-1.20.0-py3-none-any.whl.metadata (7.3 kB)
    Collecting colorlog (from optuna>=4.2.0->pyannote-pipeline>=4.0.0->pyannote.audio==4.0.7)
      Downloading http://pypi-mirror.modal.local:5555/simple/colorlog/colorlog-6.12.0-py3-none-any.whl.metadata (11 kB)
    Collecting sqlalchemy>=1.4.2 (from optuna>=4.2.0->pyannote-pipeline>=4.0.0->pyannote.audio==4.0.7)
      Downloading http://pypi-mirror.modal.local:5555/simple/sqlalchemy/sqlalchemy-2.0.54-cp311-cp311-manylinux2014_x86_64.manylinux_2_17_x86_64.manylinux_2_28_x86_64.whl.metadata (9.7 kB)
    Collecting six>=1.5 (from python-dateutil>=2.7->matplotlib>=3.10.0->pyannote.audio==4.0.7)
      Downloading http://pypi-mirror.modal.local:5555/simple/six/six-1.17.0-py2.py3-none-any.whl.metadata (1.7 kB)
    Collecting charset_normalizer<4,>=2 (from requests~=2.7->opentelemetry-exporter-otlp-proto-http==1.44.0->opentelemetry-exporter-otlp>=1.34.0->pyannote.audio==4.0.7)
      Downloading http://pypi-mirror.modal.local:5555/simple/charset-normalizer/charset_normalizer-3.5.1-cp311-cp311-manylinux2014_x86_64.manylinux_2_17_x86_64.manylinux_2_28_x86_64.whl.metadata (45 kB)
    Collecting urllib3<3,>=1.26 (from requests~=2.7->opentelemetry-exporter-otlp-proto-http==1.44.0->opentelemetry-exporter-otlp>=1.34.0->pyannote.audio==4.0.7)
      Downloading http://pypi-mirror.modal.local:5555/simple/urllib3/urllib3-2.8.0-py3-none-any.whl.metadata (7.4 kB)
    Collecting primePy>=1.3 (from torch-pitch-shift>=1.2.2->torch-audiomentations>=0.12.0->pyannote.audio==4.0.7)
      Downloading http://pypi-mirror.modal.local:5555/simple/primepy/primePy-1.3-py3-none-any.whl.metadata (4.8 kB)
    Collecting typing-extensions>=4.1.0 (from huggingface_hub)
      Downloading http://pypi-mirror.modal.local:5555/simple/typing-extensions/typing_extensions-4.16.0-py3-none-any.whl.metadata (3.3 kB)
    Requirement already satisfied: aiohappyeyeballs>=2.3.0 in /usr/local/lib/python3.11/site-packages (from aiohttp!=4.0.0a0,!=4.0.0a1->fsspec[http]<2028.0,>=2022.5.0->lightning>=2.4->pyannote.audio==4.0.7) (2.4.3)
    Requirement already satisfied: aiosignal>=1.1.2 in /usr/local/lib/python3.11/site-packages (from aiohttp!=4.0.0a0,!=4.0.0a1->fsspec[http]<2028.0,>=2022.5.0->lightning>=2.4->pyannote.audio==4.0.7) (1.3.1)
    Requirement already satisfied: frozenlist>=1.1.1 in /usr/local/lib/python3.11/site-packages (from aiohttp!=4.0.0a0,!=4.0.0a1->fsspec[http]<2028.0,>=2022.5.0->lightning>=2.4->pyannote.audio==4.0.7) (1.4.1)
    Requirement already satisfied: multidict<7.0,>=4.5 in /usr/local/lib/python3.11/site-packages (from aiohttp!=4.0.0a0,!=4.0.0a1->fsspec[http]<2028.0,>=2022.5.0->lightning>=2.4->pyannote.audio==4.0.7) (6.1.0)
    Requirement already satisfied: yarl<2.0,>=1.12.0 in /usr/local/lib/python3.11/site-packages (from aiohttp!=4.0.0a0,!=4.0.0a1->fsspec[http]<2028.0,>=2022.5.0->lightning>=2.4->pyannote.audio==4.0.7) (1.13.1)
    Collecting Mako (from alembic>=1.5.0->optuna>=4.2.0->pyannote-pipeline>=4.0.0->pyannote.audio==4.0.7)
      Downloading http://pypi-mirror.modal.local:5555/simple/mako/mako-1.4.3-py3-none-any.whl.metadata (2.9 kB)
    Collecting protobuf<8.0,>=5.0 (from opentelemetry-proto==1.44.0->opentelemetry-exporter-otlp-proto-grpc==1.44.0->opentelemetry-exporter-otlp>=1.34.0->pyannote.audio==4.0.7)
      Downloading http://pypi-mirror.modal.local:5555/simple/protobuf/protobuf-7.36.2-cp310-abi3-manylinux2014_x86_64.whl.metadata (595 bytes)
    Collecting greenlet>=1 (from sqlalchemy>=1.4.2->optuna>=4.2.0->pyannote-pipeline>=4.0.0->pyannote.audio==4.0.7)
      Downloading http://pypi-mirror.modal.local:5555/simple/greenlet/greenlet-3.5.6-cp311-cp311-manylinux_2_24_x86_64.manylinux_2_28_x86_64.whl.metadata (3.8 kB)
    Downloading http://pypi-mirror.modal.local:5555/simple/pyannote-audio/pyannote_audio-4.0.7-py3-none-any.whl (894 kB)
       ━━━━━━━━━━━━━━━━━━━━━━━━━━━━━━━━━━━━━━━━ 894.6/894.6 kB 80.4 MB/s eta 0:00:00
    Downloading http://pypi-mirror.modal.local:5555/simple/transformers/transformers-5.17.0-py3-none-any.whl (12.3 MB)
       ━━━━━━━━━━━━━━━━━━━━━━━━━━━━━━━━━━━━━━━━ 12.3/12.3 MB 264.9 MB/s eta 0:00:00
    Downloading http://pypi-mirror.modal.local:5555/simple/g2p-en/g2p_en-2.1.0-py3-none-any.whl (3.1 MB)
       ━━━━━━━━━━━━━━━━━━━━━━━━━━━━━━━━━━━━━━━━ 3.1/3.1 MB 139.3 MB/s eta 0:00:00
    Downloading http://pypi-mirror.modal.local:5555/simple/huggingface-hub/huggingface_hub-1.32.0-py3-none-any.whl (842 kB)
       ━━━━━━━━━━━━━━━━━━━━━━━━━━━━━━━━━━━━━━━ 842.9/842.9 kB 391.5 MB/s eta 0:00:00
    Downloading http://pypi-mirror.modal.local:5555/simple/nltk/nltk-3.10.3-py3-none-any.whl (1.8 MB)
       ━━━━━━━━━━━━━━━━━━━━━━━━━━━━━━━━━━━━━━━━ 1.8/1.8 MB 329.7 MB/s eta 0:00:00
    Downloading http://pypi-mirror.modal.local:5555/simple/num2words/num2words-0.5.14-py3-none-any.whl (163 kB)
    Downloading http://pypi-mirror.modal.local:5555/simple/numpy/numpy-2.4.6-cp311-cp311-manylinux_2_27_x86_64.manylinux_2_28_x86_64.whl (16.9 MB)
       ━━━━━━━━━━━━━━━━━━━━━━━━━━━━━━━━━━━━━━━━ 16.9/16.9 MB 171.8 MB/s eta 0:00:00
    Downloading http://pypi-mirror.modal.local:5555/simple/phonemizer/phonemizer-3.4.0-py3-none-any.whl (108 kB)
    Downloading http://pypi-mirror.modal.local:5555/simple/scikit-learn/scikit_learn-1.9.1-cp311-cp311-manylinux_2_27_x86_64.manylinux_2_28_x86_64.whl (9.3 MB)
       ━━━━━━━━━━━━━━━━━━━━━━━━━━━━━━━━━━━━━━━━ 9.3/9.3 MB 169.8 MB/s eta 0:00:00
    Downloading http://pypi-mirror.modal.local:5555/simple/scipy/scipy-1.17.1-cp311-cp311-manylinux_2_27_x86_64.manylinux_2_28_x86_64.whl (35.3 MB)
       ━━━━━━━━━━━━━━━━━━━━━━━━━━━━━━━━━━━━━━━━ 35.3/35.3 MB 232.9 MB/s eta 0:00:00
    Downloading http://pypi-mirror.modal.local:5555/simple/soundfile/soundfile-0.14.0-py2.py3-none-manylinux_2_28_x86_64.whl (1.3 MB)
       ━━━━━━━━━━━━━━━━━━━━━━━━━━━━━━━━━━━━━━━━ 1.3/1.3 MB 377.9 MB/s eta 0:00:00
    Downloading http://pypi-mirror.modal.local:5555/simple/torch/torch-2.14.0-cp311-cp311-manylinux_2_28_x86_64.whl (554.6 MB)
       ━━━━━━━━━━━━━━━━━━━━━━━━━━━━━━━━━━━━━━━ 554.6/554.6 MB 109.0 MB/s eta 0:00:00
    Downloading http://pypi-mirror.modal.local:5555/simple/cuda-toolkit/cuda_toolkit-13.0.3.0-py2.py3-none-any.whl (2.5 kB)
    Downloading http://pypi-mirror.modal.local:5555/simple/nvidia-cudnn-cu13/nvidia_cudnn_cu13-9.24.0.43-py3-none-manylinux_2_27_x86_64.whl (553.1 MB)
       ━━━━━━━━━━━━━━━━━━━━━━━━━━━━━━━━━━━━━━━ 553.1/553.1 MB 227.4 MB/s eta 0:00:00
    Downloading http://pypi-mirror.modal.local:5555/simple/nvidia-cusparselt-cu13/nvidia_cusparselt_cu13-0.8.1-py3-none-manylinux2014_x86_64.whl (170.1 MB)
       ━━━━━━━━━━━━━━━━━━━━━━━━━━━━━━━━━━━━━━━ 170.1/170.1 MB 251.1 MB/s eta 0:00:00
    Downloading http://pypi-mirror.modal.local:5555/simple/nvidia-nccl-cu13/nvidia_nccl_cu13-2.30.7-py3-none-manylinux_2_18_x86_64.whl (216.0 MB)
       ━━━━━━━━━━━━━━━━━━━━━━━━━━━━━━━━━━━━━━━ 216.0/216.0 MB 213.3 MB/s eta 0:00:00
    Downloading http://pypi-mirror.modal.local:5555/simple/nvidia-nvshmem-cu13/nvidia_nvshmem_cu13-3.4.5-py3-none-manylinux2014_x86_64.manylinux_2_17_x86_64.whl (60.4 MB)
       ━━━━━━━━━━━━━━━━━━━━━━━━━━━━━━━━━━━━━━━━ 60.4/60.4 MB 259.4 MB/s eta 0:00:00
    Downloading http://pypi-mirror.modal.local:5555/simple/nvidia-cublas/nvidia_cublas-13.1.1.3-py3-none-manylinux_2_27_x86_64.whl (423.1 MB)
       ━━━━━━━━━━━━━━━━━━━━━━━━━━━━━━━━━━━━━━━ 423.1/423.1 MB 247.5 MB/s eta 0:00:00
    Downloading http://pypi-mirror.modal.local:5555/simple/nvidia-cuda-cupti/nvidia_cuda_cupti-13.0.85-py3-none-manylinux_2_25_x86_64.whl (10.7 MB)
       ━━━━━━━━━━━━━━━━━━━━━━━━━━━━━━━━━━━━━━━━ 10.7/10.7 MB 255.0 MB/s eta 0:00:00
    Downloading http://pypi-mirror.modal.local:5555/simple/nvidia-cuda-nvrtc/nvidia_cuda_nvrtc-13.0.88-py3-none-manylinux2010_x86_64.manylinux_2_12_x86_64.whl (90.2 MB)
       ━━━━━━━━━━━━━━━━━━━━━━━━━━━━━━━━━━━━━━━━ 90.2/90.2 MB 241.8 MB/s eta 0:00:00
    Downloading http://pypi-mirror.modal.local:5555/simple/nvidia-cuda-runtime/nvidia_cuda_runtime-13.0.96-py3-none-manylinux2014_x86_64.manylinux_2_17_x86_64.whl (2.2 MB)
       ━━━━━━━━━━━━━━━━━━━━━━━━━━━━━━━━━━━━━━━━ 2.2/2.2 MB 272.1 MB/s eta 0:00:00
    Downloading http://pypi-mirror.modal.local:5555/simple/nvidia-cufft/nvidia_cufft-12.0.0.61-py3-none-manylinux2014_x86_64.manylinux_2_17_x86_64.whl (214.1 MB)
       ━━━━━━━━━━━━━━━━━━━━━━━━━━━━━━━━━━━━━━━ 214.1/214.1 MB 249.3 MB/s eta 0:00:00
    Downloading http://pypi-mirror.modal.local:5555/simple/nvidia-cufile/nvidia_cufile-1.15.1.6-py3-none-manylinux2014_x86_64.manylinux_2_17_x86_64.whl (1.2 MB)
       ━━━━━━━━━━━━━━━━━━━━━━━━━━━━━━━━━━━━━━━━ 1.2/1.2 MB 354.3 MB/s eta 0:00:00
    Downloading http://pypi-mirror.modal.local:5555/simple/nvidia-curand/nvidia_curand-10.4.0.35-py3-none-manylinux_2_27_x86_64.whl (59.5 MB)
       ━━━━━━━━━━━━━━━━━━━━━━━━━━━━━━━━━━━━━━━━ 59.5/59.5 MB 248.6 MB/s eta 0:00:00
    Downloading http://pypi-mirror.modal.local:5555/simple/nvidia-cusolver/nvidia_cusolver-12.0.4.66-py3-none-manylinux_2_27_x86_64.whl (200.9 MB)
       ━━━━━━━━━━━━━━━━━━━━━━━━━━━━━━━━━━━━━━━ 200.9/200.9 MB 246.7 MB/s eta 0:00:00
    Downloading http://pypi-mirror.modal.local:5555/simple/nvidia-cusparse/nvidia_cusparse-12.6.3.3-py3-none-manylinux2014_x86_64.manylinux_2_17_x86_64.whl (145.9 MB)
       ━━━━━━━━━━━━━━━━━━━━━━━━━━━━━━━━━━━━━━━ 145.9/145.9 MB 245.7 MB/s eta 0:00:00
    Downloading http://pypi-mirror.modal.local:5555/simple/nvidia-nvtx/nvidia_nvtx-13.0.85-py3-none-manylinux1_x86_64.manylinux_2_5_x86_64.whl (148 kB)
    Downloading http://pypi-mirror.modal.local:5555/simple/torchaudio/torchaudio-2.11.0-cp311-cp311-manylinux_2_28_x86_64.whl (1.8 MB)
       ━━━━━━━━━━━━━━━━━━━━━━━━━━━━━━━━━━━━━━━━ 1.8/1.8 MB 142.7 MB/s eta 0:00:00
    Downloading http://pypi-mirror.modal.local:5555/simple/asteroid-filterbanks/asteroid_filterbanks-0.4.0-py3-none-any.whl (29 kB)
    Downloading http://pypi-mirror.modal.local:5555/simple/cffi/cffi-2.1.1-cp311-cp311-manylinux2014_x86_64.manylinux_2_17_x86_64.whl (217 kB)
    Downloading http://pypi-mirror.modal.local:5555/simple/click/click-8.5.0-py3-none-any.whl (125 kB)
    Downloading http://pypi-mirror.modal.local:5555/simple/cuda-bindings/cuda_bindings-13.4.3-cp311-cp311-manylinux_2_24_x86_64.manylinux_2_28_x86_64.whl (7.2 MB)
       ━━━━━━━━━━━━━━━━━━━━━━━━━━━━━━━━━━━━━━━━ 7.2/7.2 MB 98.0 MB/s eta 0:00:00
    Downloading http://pypi-mirror.modal.local:5555/simple/einops/einops-0.8.2-py3-none-any.whl (65 kB)
    Downloading http://pypi-mirror.modal.local:5555/simple/filelock/filelock-4.0.3-py3-none-any.whl (108 kB)
    Downloading http://pypi-mirror.modal.local:5555/simple/fsspec/fsspec-2026.9.0-py3-none-any.whl (221 kB)
    Downloading http://pypi-mirror.modal.local:5555/simple/hf-xet/hf_xet-1.6.0-cp38-abi3-manylinux2014_x86_64.manylinux_2_17_x86_64.whl (4.5 MB)
       ━━━━━━━━━━━━━━━━━━━━━━━━━━━━━━━━━━━━━━━━ 4.5/4.5 MB 256.5 MB/s eta 0:00:00
    Downloading http://pypi-mirror.modal.local:5555/simple/httpx/httpx-0.28.1-py3-none-any.whl (73 kB)
    Downloading http://pypi-mirror.modal.local:5555/simple/httpcore/httpcore-1.0.9-py3-none-any.whl (78 kB)
    Downloading http://pypi-mirror.modal.local:5555/simple/inflect/inflect-7.5.0-py3-none-any.whl (35 kB)
    Downloading http://pypi-mirror.modal.local:5555/simple/joblib/joblib-1.6.0-py3-none-any.whl (306 kB)
    Downloading http://pypi-mirror.modal.local:5555/simple/lightning/lightning-2.6.6-py3-none-any.whl (849 kB)
       ━━━━━━━━━━━━━━━━━━━━━━━━━━━━━━━━━━━━━━━ 849.3/849.3 kB 209.3 MB/s eta 0:00:00
    Downloading http://pypi-mirror.modal.local:5555/simple/matplotlib/matplotlib-3.11.2-cp311-cp311-manylinux2014_x86_64.manylinux_2_17_x86_64.whl (9.9 MB)
       ━━━━━━━━━━━━━━━━━━━━━━━━━━━━━━━━━━━━━━━━ 9.9/9.9 MB 252.4 MB/s eta 0:00:00
    Downloading http://pypi-mirror.modal.local:5555/simple/narwhals/narwhals-2.26.0-py3-none-any.whl (474 kB)
    Downloading http://pypi-mirror.modal.local:5555/simple/networkx/networkx-3.6.1-py3-none-any.whl (2.1 MB)
       ━━━━━━━━━━━━━━━━━━━━━━━━━━━━━━━━━━━━━━━━ 2.1/2.1 MB 266.4 MB/s eta 0:00:00
    Downloading http://pypi-mirror.modal.local:5555/simple/opentelemetry-api/opentelemetry_api-1.44.0-py3-none-any.whl (60 kB)
    Downloading http://pypi-mirror.modal.local:5555/simple/opentelemetry-exporter-otlp/opentelemetry_exporter_otlp-1.44.0-py3-none-any.whl (6.7 kB)
    Downloading http://pypi-mirror.modal.local:5555/simple/opentelemetry-exporter-otlp-proto-grpc/opentelemetry_exporter_otlp_proto_grpc-1.44.0-py3-none-any.whl (19 kB)
    Downloading http://pypi-mirror.modal.local:5555/simple/opentelemetry-exporter-otlp-proto-http/opentelemetry_exporter_otlp_proto_http-1.44.0-py3-none-any.whl (21 kB)
    Downloading http://pypi-mirror.modal.local:5555/simple/opentelemetry-exporter-otlp-proto-common/opentelemetry_exporter_otlp_proto_common-1.44.0-py3-none-any.whl (17 kB)
    Downloading http://pypi-mirror.modal.local:5555/simple/opentelemetry-proto/opentelemetry_proto-1.44.0-py3-none-any.whl (72 kB)
    Downloading http://pypi-mirror.modal.local:5555/simple/opentelemetry-sdk/opentelemetry_sdk-1.44.0-py3-none-any.whl (137 kB)
    Downloading http://pypi-mirror.modal.local:5555/simple/opentelemetry-semantic-conventions/opentelemetry_semantic_conventions-0.65b0-py3-none-any.whl (204 kB)
    Downloading http://pypi-mirror.modal.local:5555/simple/packaging/packaging-26.3-py3-none-any.whl (129 kB)
    Downloading http://pypi-mirror.modal.local:5555/simple/pyannote-core/pyannote_core-6.0.1-py3-none-any.whl (57 kB)
    Downloading http://pypi-mirror.modal.local:5555/simple/pyannote-database/pyannote_database-6.1.1-py3-none-any.whl (53 kB)
    Downloading http://pypi-mirror.modal.local:5555/simple/pyannote-metrics/pyannote_metrics-4.1-py3-none-any.whl (52 kB)
    Downloading http://pypi-mirror.modal.local:5555/simple/pyannote-pipeline/pyannote_pipeline-4.0.0-py3-none-any.whl (22 kB)
    Downloading http://pypi-mirror.modal.local:5555/simple/pyannoteai-sdk/pyannoteai_sdk-0.4.0-py3-none-any.whl (8.9 kB)
    Downloading http://pypi-mirror.modal.local:5555/simple/pytorch-metric-learning/pytorch_metric_learning-2.9.0-py3-none-any.whl (127 kB)
    Downloading http://pypi-mirror.modal.local:5555/simple/pyyaml/pyyaml-6.0.3-cp311-cp311-manylinux2014_x86_64.manylinux_2_17_x86_64.manylinux_2_28_x86_64.whl (806 kB)
       ━━━━━━━━━━━━━━━━━━━━━━━━━━━━━━━━━━━━━━━ 806.6/806.6 kB 333.5 MB/s eta 0:00:00
    Downloading http://pypi-mirror.modal.local:5555/simple/regex/regex-2026.9.10-cp311-cp311-manylinux2014_x86_64.manylinux_2_17_x86_64.manylinux_2_28_x86_64.whl (802 kB)
       ━━━━━━━━━━━━━━━━━━━━━━━━━━━━━━━━━━━━━━━ 803.0/803.0 kB 308.3 MB/s eta 0:00:00
    Downloading http://pypi-mirror.modal.local:5555/simple/rich/rich-15.0.0-py3-none-any.whl (310 kB)
    Downloading http://pypi-mirror.modal.local:5555/simple/safetensors/safetensors-0.8.0-cp310-abi3-manylinux_2_17_x86_64.manylinux2014_x86_64.whl (516 kB)
    Downloading http://pypi-mirror.modal.local:5555/simple/setuptools/setuptools-84.0.0-py3-none-any.whl (818 kB)
       ━━━━━━━━━━━━━━━━━━━━━━━━━━━━━━━━━━━━━━━ 818.2/818.2 kB 354.5 MB/s eta 0:00:00
    Downloading http://pypi-mirror.modal.local:5555/simple/sympy/sympy-1.14.0-py3-none-any.whl (6.3 MB)
       ━━━━━━━━━━━━━━━━━━━━━━━━━━━━━━━━━━━━━━━━ 6.3/6.3 MB 259.0 MB/s eta 0:00:00
    Downloading http://pypi-mirror.modal.local:5555/simple/threadpoolctl/threadpoolctl-3.7.0-py3-none-any.whl (26 kB)
    Downloading http://pypi-mirror.modal.local:5555/simple/tokenizers/tokenizers-0.23.2-cp310-abi3-manylinux_2_17_x86_64.manylinux2014_x86_64.whl (3.4 MB)
       ━━━━━━━━━━━━━━━━━━━━━━━━━━━━━━━━━━━━━━━━ 3.4/3.4 MB 276.8 MB/s eta 0:00:00
    Downloading http://pypi-mirror.modal.local:5555/simple/torch-audiomentations/torch_audiomentations-0.12.0-py3-none-any.whl (48 kB)
    Downloading http://pypi-mirror.modal.local:5555/simple/torchcodec/torchcodec-0.16.0-cp311-cp311-manylinux_2_27_x86_64.manylinux_2_28_x86_64.whl (9.5 MB)
       ━━━━━━━━━━━━━━━━━━━━━━━━━━━━━━━━━━━━━━━━ 9.5/9.5 MB 113.3 MB/s eta 0:00:00
    Downloading http://pypi-mirror.modal.local:5555/simple/torchmetrics/torchmetrics-1.9.0-py3-none-any.whl (983 kB)
       ━━━━━━━━━━━━━━━━━━━━━━━━━━━━━━━━━━━━━━━━ 983.4/983.4 kB 69.7 MB/s eta 0:00:00
    Downloading http://pypi-mirror.modal.local:5555/simple/tqdm/tqdm-4.70.1-py3-none-any.whl (80 kB)
    Downloading http://pypi-mirror.modal.local:5555/simple/triton/triton-3.8.0-cp311-cp311-manylinux_2_27_x86_64.manylinux_2_28_x86_64.whl (247.9 MB)
       ━━━━━━━━━━━━━━━━━━━━━━━━━━━━━━━━━━━━━━━ 247.9/247.9 MB 108.8 MB/s eta 0:00:00
    Downloading http://pypi-mirror.modal.local:5555/simple/defusedxml/defusedxml-0.7.1-py2.py3-none-any.whl (25 kB)
    Downloading http://pypi-mirror.modal.local:5555/simple/dlinfo/dlinfo-2.0.0-py3-none-any.whl (3.7 kB)
    Downloading http://pypi-mirror.modal.local:5555/simple/jinja2/jinja2-3.1.6-py3-none-any.whl (134 kB)
    Downloading http://pypi-mirror.modal.local:5555/simple/typer/typer-0.27.2-py3-none-any.whl (123 kB)
    Downloading http://pypi-mirror.modal.local:5555/simple/annotated-doc/annotated_doc-0.0.5-py3-none-any.whl (5.3 kB)
    Downloading http://pypi-mirror.modal.local:5555/simple/cloudpickle/cloudpickle-3.1.2-py3-none-any.whl (22 kB)
    Downloading http://pypi-mirror.modal.local:5555/simple/contourpy/contourpy-1.3.3-cp311-cp311-manylinux_2_27_x86_64.manylinux_2_28_x86_64.whl (355 kB)
    Downloading http://pypi-mirror.modal.local:5555/simple/cuda-pathfinder/cuda_pathfinder-1.8.2-py3-none-any.whl (62 kB)
    Downloading http://pypi-mirror.modal.local:5555/simple/cycler/cycler-0.12.1-py3-none-any.whl (8.3 kB)
    Downloading http://pypi-mirror.modal.local:5555/simple/fonttools/fonttools-4.66.0-cp311-cp311-manylinux2014_x86_64.manylinux_2_17_x86_64.whl (5.4 MB)
       ━━━━━━━━━━━━━━━━━━━━━━━━━━━━━━━━━━━━━━━━ 5.4/5.4 MB 135.9 MB/s eta 0:00:00
    Downloading http://pypi-mirror.modal.local:5555/simple/julius/julius-0.2.8-py3-none-any.whl (21 kB)
    Downloading http://pypi-mirror.modal.local:5555/simple/kiwisolver/kiwisolver-1.5.1-cp311-cp311-manylinux2014_x86_64.manylinux_2_17_x86_64.whl (1.4 MB)
       ━━━━━━━━━━━━━━━━━━━━━━━━━━━━━━━━━━━━━━━━ 1.4/1.4 MB 252.0 MB/s eta 0:00:00
    Downloading http://pypi-mirror.modal.local:5555/simple/lightning-utilities/lightning_utilities-0.15.3-py3-none-any.whl (31 kB)
    Downloading http://pypi-mirror.modal.local:5555/simple/markdown-it-py/markdown_it_py-4.2.0-py3-none-any.whl (91 kB)
    Downloading http://pypi-mirror.modal.local:5555/simple/markupsafe/markupsafe-3.0.3-cp311-cp311-manylinux2014_x86_64.manylinux_2_17_x86_64.manylinux_2_28_x86_64.whl (22 kB)
    Downloading http://pypi-mirror.modal.local:5555/simple/more-itertools/more_itertools-11.1.0-py3-none-any.whl (72 kB)
    Downloading http://pypi-mirror.modal.local:5555/simple/mpmath/mpmath-1.3.0-py3-none-any.whl (536 kB)
       ━━━━━━━━━━━━━━━━━━━━━━━━━━━━━━━━━━━━━━━ 536.2/536.2 kB 571.5 MB/s eta 0:00:00
    Downloading http://pypi-mirror.modal.local:5555/simple/nvidia-nvjitlink/nvidia_nvjitlink-13.4.92-py3-none-manylinux2010_x86_64.manylinux_2_12_x86_64.whl (42.5 MB)
       ━━━━━━━━━━━━━━━━━━━━━━━━━━━━━━━━━━━━━━━━ 42.5/42.5 MB 254.6 MB/s eta 0:00:00
    Downloading http://pypi-mirror.modal.local:5555/simple/optuna/optuna-5.0.0-py3-none-any.whl (442 kB)
    Downloading http://pypi-mirror.modal.local:5555/simple/pandas/pandas-3.0.6-cp311-cp311-manylinux_2_24_x86_64.manylinux_2_28_x86_64.whl (11.1 MB)
       ━━━━━━━━━━━━━━━━━━━━━━━━━━━━━━━━━━━━━━━━ 11.1/11.1 MB 248.3 MB/s eta 0:00:00
    Downloading http://pypi-mirror.modal.local:5555/simple/pillow/pillow-12.3.0-cp311-cp311-manylinux_2_27_x86_64.manylinux_2_28_x86_64.whl (6.9 MB)
       ━━━━━━━━━━━━━━━━━━━━━━━━━━━━━━━━━━━━━━━━ 6.9/6.9 MB 220.4 MB/s eta 0:00:00
    Downloading http://pypi-mirror.modal.local:5555/simple/pygments/pygments-2.21.0-py3-none-any.whl (1.3 MB)
       ━━━━━━━━━━━━━━━━━━━━━━━━━━━━━━━━━━━━━━━━ 1.3/1.3 MB 383.7 MB/s eta 0:00:00
    Downloading http://pypi-mirror.modal.local:5555/simple/pyparsing/pyparsing-3.3.3-py3-none-any.whl (126 kB)
    Downloading http://pypi-mirror.modal.local:5555/simple/python-dateutil/python_dateutil-2.9.0.post0-py2.py3-none-any.whl (229 kB)
    Downloading http://pypi-mirror.modal.local:5555/simple/requests/requests-2.34.2-py3-none-any.whl (73 kB)
    Downloading http://pypi-mirror.modal.local:5555/simple/shellingham/shellingham-1.5.4-py2.py3-none-any.whl (9.8 kB)
    Downloading http://pypi-mirror.modal.local:5555/simple/sortedcontainers/sortedcontainers-2.4.0-py2.py3-none-any.whl (29 kB)
    Downloading http://pypi-mirror.modal.local:5555/simple/torch-pitch-shift/torch_pitch_shift-1.2.5-py3-none-any.whl (5.0 kB)
    Downloading http://pypi-mirror.modal.local:5555/simple/typeguard/typeguard-4.6.0-py3-none-any.whl (36 kB)
    Downloading http://pypi-mirror.modal.local:5555/simple/typing-extensions/typing_extensions-4.16.0-py3-none-any.whl (45 kB)
    Downloading http://pypi-mirror.modal.local:5555/simple/anyio/anyio-4.15.1-py3-none-any.whl (132 kB)
    Downloading http://pypi-mirror.modal.local:5555/simple/pycparser/pycparser-3.0-py3-none-any.whl (48 kB)
    Downloading http://pypi-mirror.modal.local:5555/simple/pytorch-lightning/pytorch_lightning-2.6.6-py3-none-any.whl (853 kB)
       ━━━━━━━━━━━━━━━━━━━━━━━━━━━━━━━━━━━━━━━ 853.0/853.0 kB 184.2 MB/s eta 0:00:00
    Downloading http://pypi-mirror.modal.local:5555/simple/alembic/alembic-1.20.0-py3-none-any.whl (268 kB)
    Downloading http://pypi-mirror.modal.local:5555/simple/charset-normalizer/charset_normalizer-3.5.1-cp311-cp311-manylinux2014_x86_64.manylinux_2_17_x86_64.manylinux_2_28_x86_64.whl (262 kB)
    Downloading http://pypi-mirror.modal.local:5555/simple/googleapis-common-protos/googleapis_common_protos-1.75.3-py3-none-any.whl (306 kB)
    Downloading http://pypi-mirror.modal.local:5555/simple/grpcio/grpcio-1.84.0-cp311-cp311-manylinux2014_x86_64.manylinux_2_17_x86_64.whl (7.2 MB)
       ━━━━━━━━━━━━━━━━━━━━━━━━━━━━━━━━━━━━━━━━ 7.2/7.2 MB 238.5 MB/s eta 0:00:00
    Downloading http://pypi-mirror.modal.local:5555/simple/h11/h11-0.16.0-py3-none-any.whl (37 kB)
    Downloading http://pypi-mirror.modal.local:5555/simple/mdurl/mdurl-0.1.2-py3-none-any.whl (10.0 kB)
    Downloading http://pypi-mirror.modal.local:5555/simple/primepy/primePy-1.3-py3-none-any.whl (4.0 kB)
    Downloading http://pypi-mirror.modal.local:5555/simple/six/six-1.17.0-py2.py3-none-any.whl (11 kB)
    Downloading http://pypi-mirror.modal.local:5555/simple/sqlalchemy/sqlalchemy-2.0.54-cp311-cp311-manylinux2014_x86_64.manylinux_2_17_x86_64.manylinux_2_28_x86_64.whl (3.4 MB)
       ━━━━━━━━━━━━━━━━━━━━━━━━━━━━━━━━━━━━━━━━ 3.4/3.4 MB 141.4 MB/s eta 0:00:00
    Downloading http://pypi-mirror.modal.local:5555/simple/urllib3/urllib3-2.8.0-py3-none-any.whl (135 kB)
    Downloading http://pypi-mirror.modal.local:5555/simple/colorlog/colorlog-6.12.0-py3-none-any.whl (12 kB)
    Downloading http://pypi-mirror.modal.local:5555/simple/greenlet/greenlet-3.5.6-cp311-cp311-manylinux_2_24_x86_64.manylinux_2_28_x86_64.whl (624 kB)
       ━━━━━━━━━━━━━━━━━━━━━━━━━━━━━━━━━━━━━━━ 624.4/624.4 kB 225.1 MB/s eta 0:00:00
    Downloading http://pypi-mirror.modal.local:5555/simple/protobuf/protobuf-7.36.2-cp310-abi3-manylinux2014_x86_64.whl (343 kB)
    Downloading http://pypi-mirror.modal.local:5555/simple/mako/mako-1.4.3-py3-none-any.whl (80 kB)
    Building wheels for collected packages: distance, docopt
      Building wheel for distance (setup.py): started
      Building wheel for distance (setup.py): finished with status 'done'
      Created wheel for distance: filename=Distance-0.1.3-py3-none-any.whl size=16257 sha256=f428a2cd8923031ea0d7570e5af17ba4cb3740f03558e07476b8f1a9e2ccee04
      Stored in directory: /tmp/pip-ephem-wheel-cache-i8cyv77i/wheels/5f/e0/d8/5cf8566ed09d031a860f0863c225ad569a2cd7c74226b06be4
      Building wheel for docopt (setup.py): started
      Building wheel for docopt (setup.py): finished with status 'done'
      Created wheel for docopt: filename=docopt-0.6.2-py2.py3-none-any.whl size=13706 sha256=5f2039d13845410a99e45ce09e97c16bf073cbb3a1c094fae79ce6ebbfcec970
      Stored in directory: /tmp/pip-ephem-wheel-cache-i8cyv77i/wheels/b9/03/c7/85596f64a5844b17a9eefff999445c6670117498e09c7c254b
    Successfully built distance docopt
    Installing collected packages: torchaudio, sortedcontainers, primePy, nvidia-cusparselt-cu13, mpmath, docopt, distance, cuda-toolkit, urllib3, typing-extensions, triton, tqdm, torchcodec, threadpoolctl, sympy, six, shellingham, setuptools, safetensors, regex, pyyaml, pyparsing, pygments, pycparser, protobuf, pillow, packaging, nvidia-nvtx, nvidia-nvshmem-cu13, nvidia-nvjitlink, nvidia-nccl-cu13, nvidia-curand, nvidia-cufile, nvidia-cuda-runtime, nvidia-cuda-nvrtc, nvidia-cuda-cupti, numpy, num2words, networkx, narwhals, more_itertools, mdurl, MarkupSafe, kiwisolver, hf-xet, h11, greenlet, fsspec, fonttools, filelock, einops, dlinfo, defusedxml, cycler, cuda-pathfinder, colorlog, cloudpickle, click, charset_normalizer, annotated-doc, typeguard, sqlalchemy, scipy, requests, python-dateutil, opentelemetry-proto, opentelemetry-api, nvidia-cusparse, nvidia-cufft, nvidia-cublas, markdown-it-py, Mako, lightning-utilities, joblib, jinja2, httpcore, grpcio, googleapis-common-protos, cuda-bindings, contourpy, cffi, anyio, soundfile, scikit-learn, rich, pyannoteai-sdk, phonemizer, pandas, opentelemetry-semantic-conventions, opentelemetry-exporter-otlp-proto-common, nvidia-cusolver, nvidia-cudnn-cu13, nltk, matplotlib, inflect, httpx, alembic, typer, pyannote-core, optuna, opentelemetry-sdk, huggingface_hub, g2p_en, torch, tokenizers, pyannote-database, opentelemetry-exporter-otlp-proto-http, opentelemetry-exporter-otlp-proto-grpc, transformers, torchmetrics, torch-pitch-shift, pytorch-metric-learning, pyannote-pipeline, pyannote-metrics, opentelemetry-exporter-otlp, julius, asteroid-filterbanks, torch-audiomentations, pytorch-lightning, lightning, pyannote.audio
      Attempting uninstall: typing-extensions
        Found existing installation: typing_extensions 4.12.2
        Uninstalling typing_extensions-4.12.2:
          Successfully uninstalled typing_extensions-4.12.2
      Attempting uninstall: setuptools
        Found existing installation: setuptools 65.5.1
        Uninstalling setuptools-65.5.1:
          Successfully uninstalled setuptools-65.5.1
      Attempting uninstall: protobuf
        Found existing installation: protobuf 5.29.2
        Uninstalling protobuf-5.29.2:
          Successfully uninstalled protobuf-5.29.2
    Successfully installed Mako-1.4.3 MarkupSafe-3.0.3 alembic-1.20.0 annotated-doc-0.0.5 anyio-4.15.1 asteroid-filterbanks-0.4.0 cffi-2.1.1 charset_normalizer-3.5.1 click-8.5.0 cloudpickle-3.1.2 colorlog-6.12.0 contourpy-1.3.3 cuda-bindings-13.4.3 cuda-pathfinder-1.8.2 cuda-toolkit-13.0.3.0 cycler-0.12.1 defusedxml-0.7.1 distance-0.1.3 dlinfo-2.0.0 docopt-0.6.2 einops-0.8.2 filelock-4.0.3 fonttools-4.66.0 fsspec-2026.9.0 g2p_en-2.1.0 googleapis-common-protos-1.75.3 greenlet-3.5.6 grpcio-1.84.0 h11-0.16.0 hf-xet-1.6.0 httpcore-1.0.9 httpx-0.28.1 huggingface_hub-1.32.0 inflect-7.5.0 jinja2-3.1.6 joblib-1.6.0 julius-0.2.8 kiwisolver-1.5.1 lightning-2.6.6 lightning-utilities-0.15.3 markdown-it-py-4.2.0 matplotlib-3.11.2 mdurl-0.1.2 more_itertools-11.1.0 mpmath-1.3.0 narwhals-2.26.0 networkx-3.6.1 nltk-3.10.3 num2words-0.5.14 numpy-2.4.6 nvidia-cublas-13.1.1.3 nvidia-cuda-cupti-13.0.85 nvidia-cuda-nvrtc-13.0.88 nvidia-cuda-runtime-13.0.96 nvidia-cudnn-cu13-9.24.0.43 nvidia-cufft-12.0.0.61 nvidia-cufile-1.15.1.6 nvidia-curand-10.4.0.35 nvidia-cusolver-12.0.4.66 nvidia-cusparse-12.6.3.3 nvidia-cusparselt-cu13-0.8.1 nvidia-nccl-cu13-2.30.7 nvidia-nvjitlink-13.4.92 nvidia-nvshmem-cu13-3.4.5 nvidia-nvtx-13.0.85 opentelemetry-api-1.44.0 opentelemetry-exporter-otlp-1.44.0 opentelemetry-exporter-otlp-proto-common-1.44.0 opentelemetry-exporter-otlp-proto-grpc-1.44.0 opentelemetry-exporter-otlp-proto-http-1.44.0 opentelemetry-proto-1.44.0 opentelemetry-sdk-1.44.0 opentelemetry-semantic-conventions-0.65b0 optuna-5.0.0 packaging-26.3 pandas-3.0.6 phonemizer-3.4.0 pillow-12.3.0 primePy-1.3 protobuf-7.36.2 pyannote-core-6.0.1 pyannote-database-6.1.1 pyannote-metrics-4.1 pyannote-pipeline-4.0.0 pyannote.audio-4.0.7 pyannoteai-sdk-0.4.0 pycparser-3.0 pygments-2.21.0 pyparsing-3.3.3 python-dateutil-2.9.0.post0 pytorch-lightning-2.6.6 pytorch-metric-learning-2.9.0 pyyaml-6.0.3 regex-2026.9.10 requests-2.34.2 rich-15.0.0 safetensors-0.8.0 scikit-learn-1.9.1 scipy-1.17.1 setuptools-84.0.0 shellingham-1.5.4 six-1.17.0 sortedcontainers-2.4.0 soundfile-0.14.0 sqlalchemy-2.0.54 sympy-1.14.0 threadpoolctl-3.7.0 tokenizers-0.23.2 torch-2.14.0 torch-audiomentations-0.12.0 torch-pitch-shift-1.2.5 torchaudio-2.11.0 torchcodec-0.16.0 torchmetrics-1.9.0 tqdm-4.70.1 transformers-5.17.0 triton-3.8.0 typeguard-4.6.0 typer-0.27.2 typing-extensions-4.16.0 urllib3-2.8.0
    [notice] A new release of pip is available: 24.3.1 -> 26.2.1
    [notice] To update, run: pip install --upgrade pip
    Saving image...
    Image saved, took 11.65s
    Built image im-0uKFYQFVy33MG7riU5rA74 in 135.98s
    Building image im-a1b0DTkJgJMMX85qwECeH5
    => Step 0: FROM base
    => Step 1: RUN python -c "import nltk; [nltk.download(p) for p in ('averaged_perceptron_tagger', 'averaged_perceptron_tagger_eng', 'cmudict')]; from g2p_en import G2p; print(G2p()('hello world'))"
    [nltk_data] Downloading package averaged_perceptron_tagger to
    [nltk_data]     /root/nltk_data...
    [nltk_data]   Unzipping taggers/averaged_perceptron_tagger.zip.
    [nltk_data] Downloading package averaged_perceptron_tagger_eng to
    [nltk_data]     /root/nltk_data...
    [nltk_data]   Unzipping taggers/averaged_perceptron_tagger_eng.zip.
    [nltk_data] Downloading package cmudict to /root/nltk_data...
    [nltk_data]   Unzipping corpora/cmudict.zip.
    ['HH', 'AH0', 'L', 'OW1', ' ', 'W', 'ER1', 'L', 'D']
    Saving image...
    Image saved, took 1.65s
    Built image im-a1b0DTkJgJMMX85qwECeH5 in 8.00s
    Building image im-e7Kcn8tpC1IcgfJtKAULLo
    => Step 0: FROM base
    => Step 1: ENV HF_HOME=/cache/hf
    => Step 2: ENV HF_HUB_DISABLE_XET=1
    Saving image...
    Image saved, took 779.68ms
    Built image im-e7Kcn8tpC1IcgfJtKAULLo in 1.93s
    Building image im-uOpyoe1dqpiJ20UBLGdJxZ
    => Step 0: FROM base
    => Step 1: COPY . /
    Saving image...
    Image saved, took 2.05s
    Built image im-uOpyoe1dqpiJ20UBLGdJxZ in 3.76s
[07:59:12] stopped 4 running engine container(s) so no call reaches old code
[07:59:12] deployed; the first call starts a fresh container that loads the models (~30-60 s)
[07:59:35] engine code verified (9aaba036, loaded from /root/aligner2)
[07:59:36] 50 clips need signals
[07:59:45] signals 1/50  (9s)
[08:00:02] signals 2/50  (26s)
[08:00:04] signals 3/50  (28s)
[08:00:05] signals 4/50  (28s)
[08:00:05] signals 5/50  (28s)
[08:00:05] signals 6/50  (29s)
[08:00:08] signals 7/50  (32s)
[08:00:09] signals 8/50  (33s)
[08:00:09] signals 9/50  (33s)
[08:00:09] signals 10/50  (33s)
[08:00:12] signals 11/50  (36s)
[08:00:13] signals 12/50  (36s)
[08:00:13] signals 13/50  (37s)
[08:00:13] signals 14/50  (37s)
[08:00:16] signals 15/50  (40s)
[08:00:17] signals 16/50  (41s)
[08:00:17] signals 17/50  (41s)
[08:00:17] signals 18/50  (41s)
[08:00:20] signals 19/50  (44s)
[08:00:20] signals 20/50  (44s)
[08:00:21] signals 21/50  (45s)
[08:00:22] signals 22/50  (45s)
[08:00:24] signals 23/50  (47s)
[08:00:24] signals 24/50  (48s)
[08:00:25] signals 25/50  (49s)
[08:00:26] signals 26/50  (50s)
[08:00:28] signals 27/50  (52s)
[08:00:28] signals 28/50  (52s)
[08:00:29] signals 29/50  (53s)
[08:00:30] signals 30/50  (53s)
[08:00:32] signals 31/50  (56s)
[08:00:33] signals 32/50  (57s)
[08:00:33] signals 33/50  (57s)
[08:00:34] signals 34/50  (58s)
[08:00:36] signals 35/50  (60s)
[08:00:37] signals 36/50  (61s)
[08:00:38] signals 37/50  (62s)
[08:00:38] signals 38/50  (62s)
[08:00:40] signals 39/50  (64s)
[08:00:40] signals 40/50  (64s)
[08:00:41] signals 41/50  (64s)
[08:00:41] signals 42/50  (65s)
[08:00:42] signals 43/50  (66s)
[08:00:43] signals 44/50  (67s)
[08:00:44] signals 45/50  (67s)
[08:00:44] signals 46/50  (68s)
[08:00:45] signals 47/50  (69s)
[08:00:47] signals 48/50  (71s)
[08:00:48] signals 49/50  (72s)
[08:00:48] signals 50/50  (72s)
signals: 50 clips computed on the GPU (288s)
[08:00:48] aligning 50 clips x 21 settings
[08:00:53] aligned 1/50  (5s)
[08:00:54] aligned 2/50  (6s)
[08:00:55] aligned 3/50  (7s)
[08:00:56] aligned 4/50  (8s)
[08:00:56] aligned 5/50  (8s)
[08:00:56] aligned 6/50  (8s)
[08:00:57] aligned 7/50  (9s)
[08:00:57] aligned 8/50  (10s)
[08:00:57] aligned 9/50  (10s)
[08:00:57] aligned 10/50  (10s)
[08:00:58] aligned 11/50  (11s)
[08:00:58] aligned 12/50  (11s)
[08:00:58] aligned 13/50  (11s)
[08:00:59] aligned 14/50  (11s)
[08:00:59] aligned 15/50  (11s)
[08:01:00] aligned 16/50  (12s)
[08:01:00] aligned 17/50  (12s)
[08:01:01] aligned 18/50  (13s)
[08:01:01] aligned 19/50  (13s)
[08:01:03] aligned 20/50  (15s)
[08:01:03] aligned 21/50  (15s)
[08:01:03] aligned 22/50  (15s)
[08:01:04] aligned 23/50  (16s)
[08:01:04] aligned 24/50  (16s)
[08:01:04] aligned 25/50  (16s)
[08:01:04] aligned 26/50  (16s)
[08:01:05] aligned 27/50  (17s)
[08:01:05] aligned 28/50  (17s)
[08:01:05] aligned 29/50  (17s)
[08:01:05] aligned 30/50  (17s)
[08:01:05] aligned 31/50  (17s)
[08:01:06] aligned 32/50  (18s)
[08:01:06] aligned 33/50  (19s)
[08:01:06] aligned 34/50  (19s)
[08:01:06] aligned 35/50  (19s)
[08:01:07] aligned 36/50  (19s)
[08:01:08] aligned 37/50  (20s)
[08:01:08] aligned 38/50  (20s)
[08:01:08] aligned 39/50  (20s)
[08:01:09] aligned 40/50  (21s)
[08:01:09] aligned 41/50  (21s)
[08:01:09] aligned 42/50  (21s)
[08:01:09] aligned 43/50  (21s)
[08:01:10] aligned 44/50  (22s)
[08:01:10] aligned 45/50  (22s)
[08:01:10] aligned 46/50  (22s)
[08:01:10] aligned 47/50  (22s)
[08:01:10] aligned 48/50  (22s)
[08:01:11] aligned 49/50  (23s)
[08:01:11] aligned 50/50  (23s)
aligned 50 clips x 21 settings on the GPU (23s)
== aligner2 v9 -- leave-one-set-out; params per held-out set: {'009': {'theta_db': 15.0, 'min_pause': 0.03, 'unit': 'letter', 'pause_model': 'word_ref', 'lam': 1000.0, 'cont_model': 'class', 'radius_ms': 20}, '026': {'theta_db': 15.0, 'min_pause': 0.03, 'unit': 'letter', 'pause_model': 'word_ref', 'lam': 1000.0, 'cont_model': 'class', 'radius_ms': 20}, '049': {'theta_db': 15.0, 'min_pause': 0.03, 'unit': 'letter', 'pause_model': 'word_ref', 'lam': 1000.0, 'cont_model': 'class', 'radius_ms': 20}, 'old14': {'theta_db': 15.0, 'min_pause': 0.03, 'unit': 'letter', 'pause_model': 'word_ref', 'lam': 1000.0, 'cont_model': 'class', 'radius_ms': 20}}
set   kind            n     MAE    med     w5    w10    w20   bias
009   all          1876    24.4   15.5    19%    36%    58%   -0.4
009   cont         1456    21.4   16.5    18%    35%    57%   +2.4
009   pause         396    34.9   13.6    21%    41%    63%  -11.2
009   human         596    28.7   16.5    19%    34%    54%   +2.0
009   cont_human    499    22.6   15.8    20%    36%    57%   +5.4
026   all          1946    22.5   14.5    18%    37%    62%   +0.0
026   cont         1476    20.5   15.5    17%    35%    61%   -0.3
026   pause         446    28.6   12.0    22%    44%    67%   -0.3
026   human         432    27.5   15.0    18%    35%    59%   +0.7
026   cont_human    367    23.0   13.6    19%    36%    62%   -0.2
026   ear-hit       468   27.4%
049   all          1826    26.5   16.0    18%    35%    57%   +0.3
049   cont         1342    23.9   16.9    17%    32%    56%   -0.2
049   pause         460    32.0   14.0    22%    40%    62%   -0.7
049   human         546    30.7   19.2    16%    32%    51%   +8.0
049   cont_human    461    27.0   18.6    17%    33%    52%   +7.8
049   ear-hit       314   25.8%
old14 all          1716    28.6   15.6    18%    36%    60%   -6.5
old14 cont         1210    22.5   16.3    18%    35%    59%   -3.7
old14 pause         478    38.8   15.0    18%    38%    62%  -15.1
old14 human         513    31.9   15.0    19%    37%    61%   -0.9
old14 cont_human    439    22.4   13.2    20%    40%    65%   +2.7
old14 ear-hit       284   31.7%
ALL   all          7364    25.4   15.5    18%    36%    59%   -1.5
ALL   cont         5484    22.0   16.0    17%    34%    58%   -0.3
ALL   pause        1780    33.6   13.6    21%    41%    63%   -6.8
ALL   human        2087    29.7   16.3    18%    35%    56%   +2.6
ALL   cont_human   1766    23.8   15.5    19%    36%    59%   +4.2
ALL   ear-hit      1066   28.0%

(best single setting on everything, for reference: {'theta_db': 15.0, 'min_pause': 0.03, 'unit': 'letter', 'pause_model': 'word_ref', 'lam': 1000.0, 'cont_model': 'class', 'radius_ms': 20} -> MAE 25.4, w5 18%)
