[13:13:24] asking the engine which of 50 clips need signals (starts a container if none is warm)
[13:13:24] source changed -> redeploying GPU engine (deploy output follows)
    Building image im-72GzS7VENSgXAsawsCIbn6
    Using legacy Image Builder version. We suggest upgrading at https://modal.com/settings/image-config.
    => Step 0: FROM base
    => Step 1: COPY . /
    Saving image...
    Image saved, took 798.87ms
    Built image im-72GzS7VENSgXAsawsCIbn6 in 1.56s
    ? Created objects.
    ??? ? Created mount F:\BB\ETN-SC\pulsar_auto\modal_aligner2.py
    ??? ? Created mount PythonPackage:aligner2
    ??? ? Created function Engine.*.
    ? App deployed in 11.217s! ?
    View Deployment:
    https://modal.com/apps/alinarohannes777/main/deployed/aligner2-signals
[13:13:43] stopped 0 running engine container(s) so no call reaches old code
[13:13:43] deployed; the first call starts a fresh container that loads the models (~30-60 s)
C:\Users\Farhat\AppData\Roaming\Python\Python314\site-packages\modal\_utils\async_utils.py:43: DeprecationWarning: 'asyncio.WindowsSelectorEventLoopPolicy' is deprecated and slated for removal in Python 3.16
  asyncio.set_event_loop_policy(asyncio.WindowsSelectorEventLoopPolicy())
C:\Users\Farhat\AppData\Roaming\Python\Python314\site-packages\modal\_utils\async_utils.py:43: DeprecationWarning: 'asyncio.set_event_loop_policy' is deprecated and slated for removal in Python 3.16
  asyncio.set_event_loop_policy(asyncio.WindowsSelectorEventLoopPolicy())
[13:14:30] engine code verified (70eb2b6b, loaded from /root/aligner2)
[13:14:32] 0 clips need signals
signals: 0 clips computed on the GPU (68s)
[13:14:32] aligning 50 clips x 4 settings
[13:14:50] aligned 1/50  (18s)
[13:14:57] aligned 2/50  (25s)
[13:15:06] aligned 3/50  (34s)
[13:15:15] aligned 4/50  (43s)
[13:15:23] aligned 5/50  (51s)
[13:15:28] aligned 6/50  (57s)
[13:15:29] aligned 7/50  (57s)
[13:15:29] aligned 8/50  (58s)
[13:15:31] aligned 9/50  (59s)
[13:15:32] aligned 10/50  (61s)
[13:15:34] aligned 11/50  (63s)
[13:15:38] aligned 12/50  (67s)
[13:15:39] aligned 13/50  (67s)
[13:15:39] aligned 14/50  (68s)
[13:15:42] aligned 15/50  (71s)
[13:15:45] aligned 16/50  (74s)
[13:15:46] aligned 17/50  (74s)
[13:15:46] aligned 18/50  (75s)
[13:15:49] aligned 19/50  (77s)
[13:15:52] aligned 20/50  (80s)
[13:15:52] aligned 21/50  (81s)
[13:15:56] aligned 22/50  (84s)
[13:15:57] aligned 23/50  (86s)
[13:15:58] aligned 24/50  (86s)
[13:15:58] aligned 25/50  (87s)
[13:16:02] aligned 26/50  (90s)
[13:16:04] aligned 27/50  (93s)
[13:16:05] aligned 28/50  (93s)
[13:16:06] aligned 29/50  (94s)
[13:16:10] aligned 30/50  (99s)
[13:16:11] aligned 31/50  (99s)
[13:16:12] aligned 32/50  (100s)
[13:16:13] aligned 33/50  (102s)
[13:16:14] aligned 34/50  (102s)
[13:16:17] aligned 35/50  (106s)
[13:16:20] aligned 36/50  (108s)
[13:16:21] aligned 37/50  (109s)
[13:16:24] aligned 38/50  (112s)
[13:16:24] aligned 39/50  (113s)
[13:16:25] aligned 40/50  (114s)
[13:16:27] aligned 41/50  (115s)
[13:16:27] aligned 42/50  (116s)
[13:16:29] aligned 43/50  (118s)
[13:16:30] aligned 44/50  (118s)
[13:16:30] aligned 45/50  (119s)
[13:16:30] aligned 46/50  (119s)
[13:16:34] aligned 47/50  (122s)
[13:16:34] aligned 48/50  (123s)
[13:16:34] aligned 49/50  (123s)
[13:16:37] aligned 50/50  (125s)
aligned 50 clips x 4 settings on the GPU (125s)
== aligner2 v23 -- leave-one-set-out; params per held-out set: {'009': {'min_pause': 0.03, 'pause_model': 'word_ref', 'lam': 1000.0, 'cont_model': 'class', 'radius_ms': 10, 'onset_ms': 10, 'ref_mode': 'word', 'theta_db': 20.0, 'clip_anchor_ms': 150, 'unit': 'letter4', 'soft': 'off', 'refine': True}, '026': {'min_pause': 0.03, 'pause_model': 'word_ref', 'lam': 1000.0, 'cont_model': 'class', 'radius_ms': 10, 'onset_ms': 10, 'ref_mode': 'word', 'theta_db': 20.0, 'clip_anchor_ms': 150, 'unit': 'letter4', 'soft': 'off', 'refine': True}, '049': {'min_pause': 0.03, 'pause_model': 'word_ref', 'lam': 1000.0, 'cont_model': 'class', 'radius_ms': 10, 'onset_ms': 10, 'ref_mode': 'word', 'theta_db': 20.0, 'clip_anchor_ms': 150, 'unit': 'letter4', 'soft': 'off', 'refine': True}, 'old14': {'min_pause': 0.03, 'pause_model': 'word_ref', 'lam': 1000.0, 'cont_model': 'class', 'radius_ms': 10, 'onset_ms': 10, 'ref_mode': 'word', 'theta_db': 20.0, 'clip_anchor_ms': 150, 'unit': 'letter4', 'soft': 'off', 'refine': True}}
set   kind            n     MAE    med     w5    w10    w20   bias
009   all          1876    17.1   10.0    31%    50%    73%   -0.1
009   cont         1456    16.7   11.0    27%    47%    72%   -0.3
009   pause         396    18.2    6.0    47%    60%    78%   +0.1
009   human         596    19.7   10.5    29%    48%    69%   +0.1
009   cont_human    499    18.1   10.4    29%    48%    69%   +0.2
026   all          1946    16.3    9.0    31%    52%    73%   -1.7
026   cont         1476    16.7   11.0    27%    48%    71%   -1.7
026   pause         446    15.3    6.0    43%    65%    80%   -2.0
026   human         432    20.4   12.1    24%    43%    68%   -0.5
026   cont_human    367    20.3   12.1    24%    43%    66%   -0.5
026   ear-hit       468   37.8%
049   all          1826    19.7   10.5    28%    48%    67%   -2.2
049   cont         1342    20.1   12.0    24%    44%    64%   -3.5
049   pause         460    18.9    7.0    40%    61%    73%   +1.2
049   human         546    21.8   10.7    28%    48%    63%   +1.8
049   cont_human    461    21.2   10.5    29%    48%    63%   +2.9
049   ear-hit       314   41.1%
old14 all          1716    22.5   12.0    25%    44%    67%   -5.6
old14 cont         1210    20.8   12.5    24%    42%    67%   -6.2
old14 pause         478    25.6   10.0    27%    49%    68%   -4.6
old14 human         513    23.6   11.6    26%    45%    65%   +1.3
old14 cont_human    439    20.9   10.8    27%    47%    67%   +1.7
old14 ear-hit       284   40.1%
ALL   all          7364    18.8   10.5    29%    49%    70%   -2.3
ALL   cont         5484    18.4   11.4    26%    46%    69%   -2.8
ALL   pause        1780    19.6    7.0    39%    58%    74%   -1.4
ALL   human        2087    21.4   11.2    27%    46%    66%   +0.7
ALL   cont_human   1766    20.1   11.0    27%    47%    66%   +1.1
ALL   ear-hit      1066   39.4%

(best single setting on everything, for reference: {'min_pause': 0.03, 'pause_model': 'word_ref', 'lam': 1000.0, 'cont_model': 'class', 'radius_ms': 10, 'onset_ms': 10, 'ref_mode': 'word', 'theta_db': 20.0, 'clip_anchor_ms': 150, 'unit': 'letter4', 'soft': 'off', 'refine': True} -> MAE 18.8, w5 29%)
