[08:40:39] asking the engine which of 50 clips need signals (starts a container if none is warm)
[08:40:39] source changed -> redeploying GPU engine (deploy output follows)
    Building image im-BCx9wbz1gKYL5bfsTHOrql
    => Step 0: FROM base
    => Step 1: COPY . /
    Saving image...
    Image saved, took 941.15ms
    Built image im-BCx9wbz1gKYL5bfsTHOrql in 1.85s
[08:41:14] stopped 4 running engine container(s) so no call reaches old code
[08:41:14] deployed; the first call starts a fresh container that loads the models (~30-60 s)
[08:41:36] engine code verified (d8099a41, loaded from /root/aligner2)
[08:41:37] 0 clips need signals
signals: 0 clips computed on the GPU (58s)
[08:41:37] aligning 50 clips x 3 settings
[08:41:47] aligned 1/50  (10s)
[08:41:50] aligned 2/50  (13s)
[08:41:54] aligned 3/50  (16s)
[08:41:57] aligned 4/50  (19s)
[08:41:59] aligned 5/50  (22s)
[08:42:01] aligned 6/50  (24s)
[08:42:02] aligned 7/50  (25s)
[08:42:06] aligned 8/50  (29s)
[08:42:06] aligned 9/50  (29s)
[08:42:09] aligned 10/50  (32s)
[08:42:10] aligned 11/50  (33s)
[08:42:16] aligned 12/50  (39s)
[08:42:18] aligned 13/50  (41s)
[08:42:21] aligned 14/50  (44s)
[08:42:25] aligned 15/50  (48s)
[08:42:27] aligned 16/50  (50s)
[08:42:30] aligned 17/50  (53s)
[08:42:33] aligned 18/50  (55s)
[08:42:35] aligned 19/50  (58s)
[08:42:38] aligned 20/50  (61s)
[08:42:41] aligned 21/50  (64s)
[08:42:43] aligned 22/50  (66s)
[08:42:43] aligned 23/50  (66s)
[08:42:44] aligned 24/50  (67s)
[08:42:46] aligned 25/50  (69s)
[08:42:47] aligned 26/50  (70s)
[08:42:50] aligned 27/50  (73s)
[08:42:51] aligned 28/50  (74s)
[08:42:51] aligned 29/50  (74s)
[08:42:53] aligned 30/50  (76s)
[08:42:55] aligned 31/50  (78s)
[08:42:57] aligned 32/50  (80s)
[08:42:57] aligned 33/50  (80s)
[08:42:58] aligned 34/50  (81s)
[08:42:59] aligned 35/50  (82s)
[08:43:04] aligned 36/50  (87s)
[08:43:04] aligned 37/50  (87s)
[08:43:05] aligned 38/50  (88s)
[08:43:07] aligned 39/50  (90s)
[08:43:07] aligned 40/50  (90s)
[08:43:08] aligned 41/50  (91s)
[08:43:09] aligned 42/50  (92s)
[08:43:10] aligned 43/50  (93s)
[08:43:10] aligned 44/50  (93s)
[08:43:11] aligned 45/50  (94s)
[08:43:11] aligned 46/50  (94s)
[08:43:13] aligned 47/50  (96s)
[08:43:14] aligned 48/50  (97s)
[08:43:14] aligned 49/50  (97s)
[08:43:16] aligned 50/50  (99s)
aligned 50 clips x 3 settings on the GPU (99s)
== aligner2 v16 -- leave-one-set-out; params per held-out set: {'009': {'min_pause': 0.03, 'pause_model': 'word_ref', 'lam': 1000.0, 'cont_model': 'class', 'radius_ms': 10, 'onset_ms': 10, 'ref_mode': 'word', 'theta_db': 20.0, 'clip_anchor_ms': 150, 'unit': 'letter4', 'soft': 'off'}, '026': {'min_pause': 0.03, 'pause_model': 'word_ref', 'lam': 1000.0, 'cont_model': 'class', 'radius_ms': 10, 'onset_ms': 10, 'ref_mode': 'word', 'theta_db': 20.0, 'clip_anchor_ms': 150, 'unit': 'letter4', 'soft': 'off'}, '049': {'min_pause': 0.03, 'pause_model': 'word_ref', 'lam': 1000.0, 'cont_model': 'class', 'radius_ms': 10, 'onset_ms': 10, 'ref_mode': 'word', 'theta_db': 20.0, 'clip_anchor_ms': 150, 'unit': 'letter4', 'soft': 'off'}, 'old14': {'min_pause': 0.03, 'pause_model': 'word_ref', 'lam': 1000.0, 'cont_model': 'class', 'radius_ms': 10, 'onset_ms': 10, 'ref_mode': 'word', 'theta_db': 20.0, 'clip_anchor_ms': 150, 'unit': 'letter4', 'soft': 'off'}}
set   kind            n     MAE    med     w5    w10    w20   bias
009   all          1876    23.5   14.0    21%    37%    62%   +1.0
009   cont         1456    21.4   15.4    18%    34%    60%   +2.9
009   pause         396    30.6   10.0    33%    50%    68%   -7.0
009   human         596    30.9   17.4    17%    31%    55%   +3.6
009   cont_human    499    25.2   15.9    17%    31%    56%   +6.1
026   all          1946    20.2   12.7    21%    41%    67%   +0.3
026   cont         1476    20.1   14.5    16%    35%    63%   +0.8
026   pause         446    20.3    7.0    39%    62%    80%   -2.1
026   human         432    26.0   15.6    15%    32%    60%   +2.0
026   cont_human    367    23.9   15.6    13%    31%    61%   +3.3
026   ear-hit       468   24.8%
049   all          1826    24.9   15.5    20%    36%    59%   -0.8
049   cont         1342    24.4   18.1    14%    30%    54%   -0.3
049   pause         460    26.3    8.8    35%    54%    71%   -1.8
049   human         546    28.7   19.9    15%    27%    50%   +7.4
049   cont_human    461    27.2   20.2    13%    25%    50%   +8.6
049   ear-hit       314   26.4%
old14 all          1716    26.5   14.5    21%    38%    60%   -5.4
old14 cont         1210    23.2   16.5    17%    33%    56%   -2.8
old14 pause         478    34.1   10.0    28%    51%    70%  -13.5
old14 human         513    28.9   16.6    19%    33%    55%   +3.3
old14 cont_human    439    24.6   15.9    20%    35%    56%   +6.7
old14 ear-hit       284   25.4%
ALL   all          7364    23.7   14.0    21%    38%    62%   -1.1
ALL   cont         5484    22.2   15.6    16%    33%    58%   +0.3
ALL   pause        1780    27.8    9.0    34%    54%    72%   -6.2
ALL   human        2087    28.8   17.7    17%    31%    55%   +4.2
ALL   cont_human   1766    25.3   17.2    16%    30%    56%   +6.3
ALL   ear-hit      1066   25.4%

(best single setting on everything, for reference: {'min_pause': 0.03, 'pause_model': 'word_ref', 'lam': 1000.0, 'cont_model': 'class', 'radius_ms': 10, 'onset_ms': 10, 'ref_mode': 'word', 'theta_db': 20.0, 'clip_anchor_ms': 150, 'unit': 'letter4', 'soft': 'off'} -> MAE 23.7, w5 21%)
