[07:02:47] asking the engine which of 50 clips need signals (starts a container if none is warm)
[07:02:47] source changed -> redeploying GPU engine (deploy output follows)
    ✓ Created objects.
    ├── 🔨 Created mount F:\BB\ETN-SC\pulsar_auto\modal_aligner2.py
    ├── 🔨 Created mount PythonPackage:aligner2
    └── 🔨 Created function Engine.*.
    ✓ App deployed in 5.105s! 🎉
    View Deployment:
    https://modal.com/apps/alinarohannes777/main/deployed/aligner2-signals
[07:02:56] deployed; the first call after a deploy builds the memory snapshot (~1 min)
[07:03:23] engine code verified (2269facc)
[07:03:24] 0 clips need signals
signals: 0 clips computed on the GPU (36s)
[07:03:24] aligning 50 clips x 50 settings
[07:03:26] aligned 1/50  (2s)
[07:03:27] aligned 2/50  (3s)
[07:03:27] aligned 3/50  (3s)
[07:03:27] aligned 4/50  (4s)
[07:03:28] aligned 5/50  (4s)
[07:03:28] aligned 6/50  (4s)
[07:03:29] aligned 7/50  (5s)
[07:03:29] aligned 8/50  (6s)
[07:03:30] aligned 9/50  (6s)
[07:03:30] aligned 10/50  (6s)
[07:03:31] aligned 11/50  (7s)
[07:03:31] aligned 12/50  (8s)
[07:03:31] aligned 13/50  (8s)
[07:03:32] aligned 14/50  (8s)
[07:03:32] aligned 15/50  (8s)
[07:03:33] aligned 16/50  (9s)
[07:03:33] aligned 17/50  (9s)
[07:03:33] aligned 18/50  (9s)
[07:03:33] aligned 19/50  (9s)
[07:03:33] aligned 20/50  (10s)
[07:03:34] aligned 21/50  (10s)
[07:03:34] aligned 22/50  (11s)
[07:03:34] aligned 23/50  (11s)
[07:03:34] aligned 24/50  (11s)
[07:03:35] aligned 25/50  (11s)
[07:03:35] aligned 26/50  (12s)
[07:03:35] aligned 27/50  (12s)
[07:03:36] aligned 28/50  (12s)
[07:03:36] aligned 29/50  (12s)
[07:03:36] aligned 30/50  (12s)
[07:03:36] aligned 31/50  (12s)
[07:03:37] aligned 32/50  (13s)
[07:03:37] aligned 33/50  (13s)
[07:03:37] aligned 34/50  (13s)
[07:03:37] aligned 35/50  (13s)
[07:03:38] aligned 36/50  (14s)
[07:03:38] aligned 37/50  (14s)
[07:03:38] aligned 38/50  (15s)
[07:03:38] aligned 39/50  (15s)
[07:03:39] aligned 40/50  (15s)
[07:03:39] aligned 41/50  (15s)
[07:03:39] aligned 42/50  (15s)
[07:03:39] aligned 43/50  (15s)
[07:03:39] aligned 44/50  (15s)
[07:03:39] aligned 45/50  (15s)
[07:03:40] aligned 46/50  (16s)
[07:03:40] aligned 47/50  (16s)
[07:03:40] aligned 48/50  (16s)
[07:03:40] aligned 49/50  (17s)
[07:03:40] aligned 50/50  (17s)
aligned 50 clips x 50 settings on the GPU (17s)
== aligner2 v3 -- leave-one-set-out; params per held-out set: {'009': {'lam': 1000.0, 'theta_db': 20.0, 'min_pause': 0.08}, '026': {'lam': 1000.0, 'theta_db': 20.0, 'min_pause': 0.12}, '049': {'lam': 1000.0, 'theta_db': 20.0, 'min_pause': 0.12}, 'old14': {'lam': 1000.0, 'theta_db': 20.0, 'min_pause': 0.08}}
set   kind            n     MAE    med     w5    w10    w20   bias
009   all          1876    39.1   23.5    16%    27%    45%   +5.9
009   cont         1456    31.5   22.6    14%    25%    45%   +5.0
009   pause         396    66.9   27.0    21%    31%    43%   +9.0
009   human         596    43.2   27.3    15%    24%    39%   +5.7
009   cont_human    499    37.7   27.7    13%    24%    38%   +8.5
026   all          1946    34.3   17.5    18%    34%    55%   +4.5
026   cont         1476    24.1   16.5    17%    35%    59%   +2.5
026   pause         446    68.7   29.3    20%    30%    42%  +10.4
026   human         432    36.3   22.5    16%    28%    47%   +8.7
026   cont_human    367    30.4   22.0    16%    28%    48%   +7.7
026   ear-hit       468   23.1%
049   all          1826    41.8   20.5    19%    32%    49%   -0.2
049   cont         1342    28.8   17.5    20%    35%    54%   +0.1
049   pause         460    79.0   42.3    15%    23%    34%   -3.1
049   human         546    39.9   23.7    16%    29%    46%   +6.5
049   cont_human    461    34.1   21.9    16%    30%    48%   +6.8
049   ear-hit       314   23.2%
old14 all          1716    45.8   21.5    15%    29%    48%   -1.6
old14 cont         1210    31.2   18.3    17%    31%    53%   -2.2
old14 pause         478    78.3   33.8    12%    23%    36%   -2.2
old14 human         513    49.0   25.3    13%    22%    42%   +9.9
old14 cont_human    439    35.9   22.5    13%    24%    46%   +9.2
old14 ear-hit       284   20.8%
ALL   all          7364    40.1   20.5    17%    31%    49%   +2.2
ALL   cont         5484    28.8   18.5    17%    32%    53%   +1.5
ALL   pause        1780    73.5   32.6    17%    26%    38%   +3.2
ALL   human        2087    42.3   25.1    15%    26%    43%   +7.5
ALL   cont_human   1766    34.8   24.0    14%    26%    44%   +8.1
ALL   ear-hit      1066   22.5%

(best single setting on everything, for reference: {'lam': 1000.0, 'theta_db': 20.0, 'min_pause': 0.08} -> MAE 39.5, w5 17%)
