[07:32:34] asking the engine which of 50 clips need signals (starts a container if none is warm)
[07:32:34] source changed -> redeploying GPU engine (deploy output follows)
    Building image im-VwN5uHquUKVp04C3rIYPVc
    => Step 0: FROM base
    => Step 1: ENV HF_HOME=/cache/hf
    => Step 2: ENV HF_HUB_DISABLE_XET=1
    Saving image...
    Image saved, took 778.34ms
    Built image im-VwN5uHquUKVp04C3rIYPVc in 1.38s
    Building image im-whNTCJUtTjoKHOSjqWxxCs
    => Step 0: FROM base
    => Step 1: COPY . /
    Saving image...
    Image saved, took 932.96ms
    Built image im-whNTCJUtTjoKHOSjqWxxCs in 2.06s
[07:33:09] stopped 4 running engine container(s) so no call reaches old code
[07:33:09] deployed; the first call starts a fresh container that loads the models (~30-60 s)
[07:33:42] engine code verified (1c05fda0, loaded from /root/aligner2)
[07:33:44] 50 clips need signals
[07:33:53] signals 1/50  (9s)
[07:34:12] signals 2/50  (28s)
[07:34:13] signals 3/50  (29s)
[07:34:14] signals 4/50  (29s)
[07:34:14] signals 5/50  (30s)
[07:34:16] signals 6/50  (32s)
[07:34:17] signals 7/50  (33s)
[07:34:18] signals 8/50  (34s)
[07:34:18] signals 9/50  (34s)
[07:34:20] signals 10/50  (35s)
[07:34:21] signals 11/50  (37s)
[07:34:22] signals 12/50  (38s)
[07:34:23] signals 13/50  (38s)
[07:34:23] signals 14/50  (39s)
[07:34:25] signals 15/50  (41s)
[07:34:26] signals 16/50  (42s)
[07:34:27] signals 17/50  (42s)
[07:34:27] signals 18/50  (43s)
[07:34:29] signals 19/50  (45s)
[07:34:30] signals 20/50  (46s)
[07:34:31] signals 21/50  (47s)
[07:34:31] signals 22/50  (47s)
[07:34:33] signals 23/50  (49s)
[07:34:34] signals 24/50  (49s)
[07:34:34] signals 25/50  (50s)
[07:34:35] signals 26/50  (51s)
[07:34:37] signals 27/50  (53s)
[07:34:38] signals 28/50  (53s)
[07:34:38] signals 29/50  (54s)
[07:34:39] signals 30/50  (55s)
[07:34:41] signals 31/50  (57s)
[07:34:42] signals 32/50  (58s)
[07:34:42] signals 33/50  (58s)
[07:34:44] signals 34/50  (59s)
[07:34:45] signals 35/50  (61s)
[07:34:46] signals 36/50  (61s)
[07:34:47] signals 37/50  (62s)
[07:34:48] signals 38/50  (64s)
[07:34:49] signals 39/50  (65s)
[07:34:50] signals 40/50  (65s)
[07:34:50] signals 41/50  (66s)
[07:34:52] signals 42/50  (68s)
[07:34:52] signals 43/50  (68s)
[07:34:52] signals 44/50  (68s)
[07:34:54] signals 45/50  (70s)
[07:34:55] signals 46/50  (71s)
[07:34:55] signals 47/50  (71s)
[07:34:57] signals 48/50  (73s)
[07:34:58] signals 49/50  (73s)
[07:34:58] signals 50/50  (74s)
signals: 50 clips computed on the GPU (144s)
[07:34:58] aligning 50 clips x 24 settings
[07:35:01] aligned 1/50  (2s)
[07:35:01] aligned 2/50  (3s)
[07:35:02] aligned 3/50  (3s)
[07:35:02] aligned 4/50  (3s)
[07:35:02] aligned 5/50  (4s)
[07:35:03] aligned 6/50  (5s)
[07:35:03] aligned 7/50  (5s)
[07:35:03] aligned 8/50  (5s)
[07:35:04] aligned 9/50  (6s)
[07:35:04] aligned 10/50  (6s)
[07:35:04] aligned 11/50  (6s)
[07:35:05] aligned 12/50  (7s)
[07:35:05] aligned 13/50  (7s)
[07:35:05] aligned 14/50  (7s)
[07:35:06] aligned 15/50  (8s)
[07:35:07] aligned 16/50  (8s)
[07:35:07] aligned 17/50  (8s)
[07:35:07] aligned 18/50  (8s)
[07:35:07] aligned 19/50  (9s)
[07:35:08] aligned 20/50  (9s)
[07:35:08] aligned 21/50  (10s)
[07:35:09] aligned 22/50  (11s)
[07:35:09] aligned 23/50  (11s)
[07:35:09] aligned 24/50  (11s)
[07:35:09] aligned 25/50  (11s)
[07:35:10] aligned 26/50  (12s)
[07:35:10] aligned 27/50  (12s)
[07:35:11] aligned 28/50  (13s)
[07:35:11] aligned 29/50  (13s)
[07:35:11] aligned 30/50  (13s)
[07:35:11] aligned 31/50  (13s)
[07:35:12] aligned 32/50  (14s)
[07:35:12] aligned 33/50  (14s)
[07:35:13] aligned 34/50  (15s)
[07:35:13] aligned 35/50  (15s)
[07:35:13] aligned 36/50  (15s)
[07:35:14] aligned 37/50  (16s)
[07:35:15] aligned 38/50  (16s)
[07:35:15] aligned 39/50  (16s)
[07:35:15] aligned 40/50  (17s)
[07:35:15] aligned 41/50  (17s)
[07:35:15] aligned 42/50  (17s)
[07:35:15] aligned 43/50  (17s)
[07:35:15] aligned 44/50  (17s)
[07:35:15] aligned 45/50  (17s)
[07:35:16] aligned 46/50  (18s)
[07:35:16] aligned 47/50  (18s)
[07:35:17] aligned 48/50  (18s)
[07:35:17] aligned 49/50  (18s)
[07:35:17] aligned 50/50  (19s)
aligned 50 clips x 24 settings on the GPU (19s)
== aligner2 v6 -- leave-one-set-out; params per held-out set: {'009': {'lam': 1000.0, 'pause_model': 'word_ref', 'theta_db': 15.0, 'min_pause': 0.03, 'unit': 'letter'}, '026': {'lam': 1000.0, 'pause_model': 'word_ref', 'theta_db': 15.0, 'min_pause': 0.03, 'unit': 'letter'}, '049': {'lam': 1000.0, 'pause_model': 'word_ref', 'theta_db': 15.0, 'min_pause': 0.03, 'unit': 'letter'}, 'old14': {'lam': 1000.0, 'pause_model': 'word_ref', 'theta_db': 15.0, 'min_pause': 0.03, 'unit': 'letter'}}
set   kind            n     MAE    med     w5    w10    w20   bias
009   all          1876    25.7   16.6    18%    34%    57%   +1.4
009   cont         1456    23.3   17.5    17%    31%    55%   +3.7
009   pause         396    34.1   13.3    21%    42%    63%   -7.8
009   human         596    30.9   20.1    16%    31%    50%   +2.9
009   cont_human    499    25.2   18.6    17%    33%    52%   +6.4
026   all          1946    23.8   15.6    18%    35%    60%   +0.8
026   cont         1476    22.3   16.7    16%    32%    58%   +0.8
026   pause         446    28.1   11.0    23%    45%    68%   -0.6
026   human         432    29.5   19.5    18%    32%    51%   +4.7
026   cont_human    367    25.5   19.2    18%    31%    52%   +4.2
026   ear-hit       468   23.7%
049   all          1826    26.9   16.0    20%    37%    58%   +0.1
049   cont         1342    24.9   16.7    19%    36%    56%   -1.5
049   pause         460    30.8   13.0    22%    41%    63%   +2.2
049   human         546    31.4   19.9    17%    33%    51%   +5.7
049   cont_human    461    28.3   19.7    18%    34%    51%   +4.7
049   ear-hit       314   23.2%
old14 all          1716    30.1   15.5    19%    36%    59%   -4.3
old14 cont         1210    24.3   15.5    19%    35%    58%   -1.4
old14 pause         478    39.3   15.0    18%    38%    62%  -13.2
old14 human         513    37.2   19.6    16%    27%    51%   +2.9
old14 cont_human    439    28.7   18.7    17%    28%    53%   +7.0
old14 ear-hit       284   23.9%
ALL   all          7364    26.5   16.0    19%    36%    58%   -0.4
ALL   cont         5484    23.6   16.6    18%    33%    56%   +0.5
ALL   pause        1780    33.2   13.0    21%    41%    64%   -4.9
ALL   human        2087    32.3   19.9    17%    31%    51%   +4.0
ALL   cont_human   1766    26.9   19.2    17%    32%    52%   +5.7
ALL   ear-hit      1066   23.6%

(best single setting on everything, for reference: {'lam': 1000.0, 'pause_model': 'word_ref', 'theta_db': 15.0, 'min_pause': 0.03, 'unit': 'letter'} -> MAE 26.5, w5 19%)
