current: match 65.3%, MAE 11.52 ms  (272s)
drop       match    MAE | boundaries changed by dropping: closer to golden / further (among: corrected, left alone)
PWa        65.3%  11.50 | closer   6 (6 corrected) / further   6 (4 corrected)
J4w        65.3%  11.56 | closer   0 (0 corrected) / further   2 (2 corrected)
E2a        65.3%  11.54 | closer   0 (0 corrected) / further   1 (1 corrected)
P1c        65.2%  11.64 | closer   0 (0 corrected) / further   1 (0 corrected)
P1bv       65.2%  11.52 | closer   0 (0 corrected) / further   1 (0 corrected)
E2         65.2%  11.52 | closer   1 (1 corrected) / further   1 (0 corrected)
P1b100     65.2%  11.56 | closer   1 (1 corrected) / further   3 (1 corrected)
J8m        65.2%  11.49 | closer   4 (4 corrected) / further   2 (0 corrected)
J7l        65.2%  11.55 | closer   0 (0 corrected) / further   2 (0 corrected)
J5l        65.2%  11.52 | closer   0 (0 corrected) / further   2 (0 corrected)
J4h        65.2%  11.53 | closer   0 (0 corrected) / further   2 (0 corrected)
J14        65.2%  11.67 | closer   0 (0 corrected) / further   4 (2 corrected)
P2         65.0%  12.03 | closer   1 (1 corrected) / further   4 (0 corrected)
F2         65.0%  11.71 | closer   0 (0 corrected) / further   4 (0 corrected)
P1g        65.0%  11.66 | closer   0 (0 corrected) / further   7 (2 corrected)
J4l        64.9%  11.69 | closer   0 (0 corrected) / further  12 (6 corrected)
E1         64.8%  11.75 | closer   0 (0 corrected) / further   9 (2 corrected)
F1         64.8%  11.82 | closer   1 (1 corrected) / further  11 (3 corrected)
J1n        64.7%  11.52 | closer   2 (2 corrected) / further  11 (3 corrected)
J7         64.6%  11.58 | closer   4 (4 corrected) / further  12 (2 corrected)
J8         64.4%  11.60 | closer   5 (4 corrected) / further  19 (5 corrected)
J10        64.4%  11.68 | closer   4 (4 corrected) / further  16 (2 corrected)
Jthe       64.2%  11.81 | closer  10 (10 corrected) / further  22 (6 corrected)
J6         64.2%  11.74 | closer   0 (0 corrected) / further  20 (4 corrected)
P1         64.2%  12.33 | closer   2 (2 corrected) / further  24 (7 corrected)
J1m        64.1%  11.61 | closer   4 (4 corrected) / further  20 (2 corrected)
P3a        63.9%  11.64 | closer   5 (5 corrected) / further  24 (2 corrected)
J0         63.3%  11.96 | closer  16 (16 corrected) / further  44 (10 corrected)
P1a        63.1%  12.26 | closer   1 (1 corrected) / further  64 (31 corrected)
J4         62.5%  12.16 | closer   8 (8 corrected) / further  56 (9 corrected)
J5         62.3%  11.75 | closer  12 (12 corrected) / further  56 (10 corrected)
J1         61.9%  12.05 | closer  13 (13 corrected) / further  67 (18 corrected)
P3         61.5%  11.68 | closer  18 (17 corrected) / further  74 (16 corrected)
J9         60.6%  11.85 | closer  76 (70 corrected) / further 114 (37 corrected)
FCN        58.0%  12.15 | closer  17 (16 corrected) / further 157 (43 corrected)
J13        49.5%  13.64 | closer  30 (30 corrected) / further 266 (33 corrected)
