C:\Users\Farhat\AppData\Roaming\Python\Python314\site-packages\modal\_utils\async_utils.py:43: DeprecationWarning: 'asyncio.WindowsSelectorEventLoopPolicy' is deprecated and slated for removal in Python 3.16
  asyncio.set_event_loop_policy(asyncio.WindowsSelectorEventLoopPolicy())
C:\Users\Farhat\AppData\Roaming\Python\Python314\site-packages\modal\_utils\async_utils.py:43: DeprecationWarning: 'asyncio.set_event_loop_policy' is deprecated and slated for removal in Python 3.16
  asyncio.set_event_loop_policy(asyncio.WindowsSelectorEventLoopPolicy())
[20:53:51] engine code verified (926f4fb8, loaded from /root/aligner2)
[20:55:10] noise10_e_deepfilter: signals 10/24 (36s)
[20:55:21] noise10_e_deepfilter: signals 20/24 (47s)
[20:55:27] noise10_e_deepfilter: signals 24/24 (53s)
StopAsyncIteration exception in shielded future
future: <Future finished exception=StopAsyncIteration()>
Traceback (most recent call last):
  File "C:\Users\Farhat\AppData\Roaming\Python\Python314\site-packages\synchronicity\synchronizer.py", line 511, in wrapper_coro
    return await inner_task
           ^^^^^^^^^^^^^^^^
  File "C:\Users\Farhat\AppData\Roaming\Python\Python314\site-packages\synchronicity\synchronizer.py", line 341, in coro_wrapped
    value = await coro
            ^^^^^^^^^^
  File "C:\Users\Farhat\AppData\Roaming\Python\Python314\site-packages\synchronicity\exceptions.py", line 33, in coro_wrapped
    return await coro
           ^^^^^^^^^^
StopAsyncIteration
[20:55:27] aligning 24 clips x 1 settings
[20:55:39] aligned 1/24  (11s)
[20:55:41] aligned 2/24  (13s)
[20:55:41] aligned 3/24  (14s)
[20:55:44] aligned 4/24  (17s)
[20:55:45] aligned 5/24  (17s)
[20:55:46] aligned 6/24  (19s)
[20:55:49] aligned 7/24  (21s)
[20:55:52] aligned 8/24  (25s)
[20:55:53] aligned 9/24  (26s)
[20:55:54] aligned 10/24  (26s)
[20:55:58] aligned 11/24  (30s)
[20:55:58] aligned 12/24  (31s)
[20:55:59] aligned 13/24  (32s)
[20:56:01] aligned 14/24  (34s)
[20:56:05] aligned 15/24  (37s)
[20:56:05] aligned 16/24  (38s)
[20:56:07] aligned 17/24  (39s)
[20:56:10] aligned 18/24  (43s)
[20:56:11] aligned 19/24  (44s)
[20:56:12] aligned 20/24  (45s)
[20:56:14] aligned 21/24  (47s)
[20:56:16] aligned 22/24  (49s)
[20:56:19] aligned 23/24  (51s)
[20:56:20] aligned 24/24  (53s)
[20:57:49] noise10_e_dns64: signals 10/24 (42s)
[20:58:00] noise10_e_dns64: signals 20/24 (54s)
[20:58:05] noise10_e_dns64: signals 24/24 (59s)
[20:58:05] aligning 24 clips x 1 settings
[20:58:16] aligned 1/24  (11s)
[20:58:17] aligned 2/24  (12s)
[20:58:19] aligned 3/24  (13s)
[20:58:20] aligned 4/24  (15s)
[20:58:23] aligned 5/24  (18s)
[20:58:25] aligned 6/24  (19s)
[20:58:25] aligned 7/24  (20s)
[20:58:27] aligned 8/24  (21s)
[20:58:31] aligned 9/24  (25s)
[20:58:34] aligned 10/24  (28s)
[20:58:34] aligned 11/24  (29s)
[20:58:34] aligned 12/24  (29s)
[20:58:36] aligned 13/24  (31s)
[20:58:38] aligned 14/24  (33s)
[20:58:42] aligned 15/24  (37s)
[20:58:42] aligned 16/24  (37s)
[20:58:42] aligned 17/24  (37s)
[20:58:46] aligned 18/24  (41s)
[20:58:47] aligned 19/24  (42s)
[20:58:49] aligned 20/24  (44s)
[20:58:50] aligned 21/24  (44s)
[20:58:51] aligned 22/24  (45s)
[20:58:54] aligned 23/24  (49s)
[20:58:57] aligned 24/24  (52s)
[21:00:51] noise10_e_metricgan: signals 10/24 (76s)
[21:01:03] noise10_e_metricgan: signals 20/24 (89s)
[21:01:08] noise10_e_metricgan: signals 24/24 (94s)
[21:01:08] aligning 24 clips x 1 settings
[21:01:19] aligned 1/24  (11s)
[21:01:21] aligned 2/24  (13s)
[21:01:21] aligned 3/24  (13s)
[21:01:26] aligned 4/24  (17s)
[21:01:27] aligned 5/24  (18s)
[21:01:28] aligned 6/24  (20s)
[21:01:28] aligned 7/24  (20s)
[21:01:33] aligned 8/24  (24s)
[21:01:34] aligned 9/24  (26s)
[21:01:36] aligned 10/24  (28s)
[21:01:38] aligned 11/24  (30s)
[21:01:39] aligned 12/24  (31s)
[21:01:43] aligned 13/24  (35s)
[21:01:44] aligned 14/24  (35s)
[21:01:46] aligned 15/24  (37s)
[21:01:48] aligned 16/24  (39s)
[21:01:48] aligned 17/24  (40s)
[21:01:49] aligned 18/24  (41s)
[21:01:53] aligned 19/24  (45s)
[21:01:54] aligned 20/24  (46s)
[21:01:56] aligned 21/24  (48s)
[21:01:56] aligned 22/24  (48s)
[21:01:57] aligned 23/24  (49s)
[21:02:04] aligned 24/24  (55s)
StopAsyncIteration exception in shielded future
future: <Future finished exception=StopAsyncIteration()>
Traceback (most recent call last):
  File "C:\Users\Farhat\AppData\Roaming\Python\Python314\site-packages\synchronicity\synchronizer.py", line 511, in wrapper_coro
    return await inner_task
           ^^^^^^^^^^^^^^^^
  File "C:\Users\Farhat\AppData\Roaming\Python\Python314\site-packages\synchronicity\synchronizer.py", line 341, in coro_wrapped
    value = await coro
            ^^^^^^^^^^
  File "C:\Users\Farhat\AppData\Roaming\Python\Python314\site-packages\synchronicity\exceptions.py", line 33, in coro_wrapped
    return await coro
           ^^^^^^^^^^
StopAsyncIteration
[21:03:40] noise10_e_sepformer: signals 10/24 (47s)
[21:04:02] noise10_e_sepformer: signals 20/24 (70s)
[21:04:13] noise10_e_sepformer: signals 24/24 (80s)
StopAsyncIteration exception in shielded future
future: <Future finished exception=StopAsyncIteration()>
Traceback (most recent call last):
  File "C:\Users\Farhat\AppData\Roaming\Python\Python314\site-packages\synchronicity\synchronizer.py", line 511, in wrapper_coro
    return await inner_task
           ^^^^^^^^^^^^^^^^
  File "C:\Users\Farhat\AppData\Roaming\Python\Python314\site-packages\synchronicity\synchronizer.py", line 341, in coro_wrapped
    value = await coro
            ^^^^^^^^^^
  File "C:\Users\Farhat\AppData\Roaming\Python\Python314\site-packages\synchronicity\exceptions.py", line 33, in coro_wrapped
    return await coro
           ^^^^^^^^^^
StopAsyncIteration
[21:04:13] aligning 24 clips x 1 settings
[21:04:24] aligned 1/24  (11s)
[21:04:26] aligned 2/24  (13s)
[21:04:32] aligned 3/24  (19s)
[21:04:34] aligned 4/24  (21s)
[21:04:38] aligned 5/24  (26s)
[21:04:39] aligned 6/24  (26s)
[21:04:40] aligned 7/24  (27s)
[21:04:41] aligned 8/24  (28s)
[21:04:45] aligned 9/24  (32s)
[21:04:47] aligned 10/24  (34s)
[21:04:48] aligned 11/24  (35s)
[21:04:50] aligned 12/24  (37s)
[21:04:51] aligned 13/24  (38s)
[21:04:52] aligned 14/24  (39s)
[21:04:56] aligned 15/24  (43s)
[21:04:57] aligned 16/24  (44s)
[21:04:59] aligned 17/24  (46s)
[21:05:00] aligned 18/24  (47s)
[21:05:03] aligned 19/24  (50s)
[21:05:03] aligned 20/24  (50s)
[21:05:05] aligned 21/24  (52s)
[21:05:06] aligned 22/24  (53s)
[21:05:10] aligned 23/24  (57s)
[21:05:12] aligned 24/24  (59s)
[21:06:31] noise10_e_wpe: signals 10/24 (38s)
[21:06:44] noise10_e_wpe: signals 20/24 (51s)
[21:06:49] noise10_e_wpe: signals 24/24 (55s)
[21:06:49] aligning 24 clips x 1 settings
[21:06:57] aligned 1/24  (8s)
[21:07:00] aligned 2/24  (11s)
[21:07:02] aligned 3/24  (13s)
[21:07:02] aligned 4/24  (14s)
[21:07:03] aligned 5/24  (14s)
[21:07:06] aligned 6/24  (17s)
[21:07:08] aligned 7/24  (20s)
[21:07:09] aligned 8/24  (21s)
[21:07:11] aligned 9/24  (23s)
[21:07:12] aligned 10/24  (23s)
[21:07:16] aligned 11/24  (27s)
[21:07:17] aligned 12/24  (28s)
[21:07:17] aligned 13/24  (29s)
[21:07:17] aligned 14/24  (29s)
[21:07:22] aligned 15/24  (34s)
[21:07:24] aligned 16/24  (35s)
[21:07:24] aligned 17/24  (36s)
[21:07:25] aligned 18/24  (37s)
[21:07:29] aligned 19/24  (40s)
[21:07:30] aligned 20/24  (41s)
[21:07:32] aligned 21/24  (43s)
[21:07:32] aligned 22/24  (43s)
[21:07:33] aligned 23/24  (44s)
[21:07:38] aligned 24/24  (49s)
[21:12:02] noise10_e_voicefixer: signals 10/24 (41s)
[21:12:13] noise10_e_voicefixer: signals 20/24 (52s)
[21:12:23] noise10_e_voicefixer: signals 24/24 (61s)
[21:12:23] aligning 24 clips x 1 settings
[21:12:33] aligned 1/24  (10s)
[21:12:37] aligned 2/24  (14s)
[21:12:37] aligned 3/24  (14s)
[21:12:38] aligned 4/24  (16s)
[21:12:39] aligned 5/24  (16s)
[21:12:43] aligned 6/24  (20s)
[21:12:43] aligned 7/24  (21s)
[21:12:45] aligned 8/24  (23s)
[21:12:48] aligned 9/24  (26s)
[21:12:49] aligned 10/24  (27s)
[21:12:52] aligned 11/24  (30s)
[21:12:53] aligned 12/24  (31s)
[21:12:54] aligned 13/24  (31s)
[21:12:55] aligned 14/24  (32s)
[21:13:00] aligned 15/24  (37s)
[21:13:00] aligned 16/24  (38s)
[21:13:02] aligned 17/24  (39s)
[21:13:04] aligned 18/24  (41s)
[21:13:06] aligned 19/24  (44s)
[21:13:08] aligned 20/24  (46s)
[21:13:09] aligned 21/24  (46s)
[21:13:09] aligned 22/24  (47s)
[21:13:12] aligned 23/24  (50s)
[21:13:16] aligned 24/24  (54s)
[21:14:47] noise10_e_demucs: signals 10/24 (49s)
[21:15:30] noise10_e_demucs: signals 20/24 (92s)
[21:15:35] noise10_e_demucs: signals 24/24 (98s)
StopAsyncIteration exception in shielded future
future: <Future finished exception=StopAsyncIteration()>
Traceback (most recent call last):
  File "C:\Users\Farhat\AppData\Roaming\Python\Python314\site-packages\synchronicity\synchronizer.py", line 511, in wrapper_coro
    return await inner_task
           ^^^^^^^^^^^^^^^^
  File "C:\Users\Farhat\AppData\Roaming\Python\Python314\site-packages\synchronicity\synchronizer.py", line 341, in coro_wrapped
    value = await coro
            ^^^^^^^^^^
  File "C:\Users\Farhat\AppData\Roaming\Python\Python314\site-packages\synchronicity\exceptions.py", line 33, in coro_wrapped
    return await coro
           ^^^^^^^^^^
StopAsyncIteration
[21:15:35] aligning 24 clips x 1 settings
[21:15:43] aligned 1/24  (8s)
[21:15:48] aligned 2/24  (13s)
[21:15:49] aligned 3/24  (14s)
[21:15:49] aligned 4/24  (14s)
[21:15:49] aligned 5/24  (14s)
[21:15:55] aligned 6/24  (19s)
[21:15:55] aligned 7/24  (20s)
[21:15:58] aligned 8/24  (22s)
[21:16:01] aligned 9/24  (26s)
[21:16:03] aligned 10/24  (28s)
[21:16:08] aligned 11/24  (33s)
[21:16:09] aligned 12/24  (33s)
[21:16:09] aligned 13/24  (34s)
[21:16:14] aligned 14/24  (38s)
[21:16:16] aligned 15/24  (41s)
[21:16:19] aligned 16/24  (44s)
[21:16:22] aligned 17/24  (46s)
[21:16:24] aligned 18/24  (49s)
[21:16:24] aligned 19/24  (49s)
[21:16:26] aligned 20/24  (51s)
[21:16:28] aligned 21/24  (52s)
[21:16:29] aligned 22/24  (54s)
[21:16:31] aligned 23/24  (56s)
[21:16:36] aligned 24/24  (61s)
[21:17:07] noise10_slow125: signals 10/24 (26s)
[21:17:21] noise10_slow125: signals 20/24 (40s)
[21:17:28] noise10_slow125: signals 24/24 (47s)
[21:17:28] aligning 24 clips x 1 settings
[21:17:38] aligned 1/24  (10s)
[21:17:39] aligned 2/24  (11s)
[21:17:42] aligned 3/24  (14s)
[21:17:43] aligned 4/24  (15s)
[21:17:46] aligned 5/24  (18s)
[21:17:47] aligned 6/24  (19s)
[21:17:52] aligned 7/24  (24s)
[21:17:53] aligned 8/24  (25s)
[21:17:54] aligned 9/24  (27s)
[21:17:58] aligned 10/24  (30s)
[21:18:01] aligned 11/24  (33s)
[21:18:04] aligned 12/24  (36s)
[21:18:04] aligned 13/24  (36s)
[21:18:05] aligned 14/24  (37s)
[21:18:12] aligned 15/24  (45s)
[21:18:13] aligned 16/24  (45s)
[21:18:15] aligned 17/24  (47s)
[21:18:16] aligned 18/24  (48s)
[21:18:22] aligned 19/24  (54s)
[21:18:22] aligned 20/24  (55s)
[21:18:24] aligned 21/24  (56s)
[21:18:26] aligned 22/24  (58s)
[21:18:27] aligned 23/24  (59s)
[21:18:32] aligned 24/24  (64s)
[21:19:19] noise10_slow150: signals 10/24 (42s)
[21:19:38] noise10_slow150: signals 20/24 (61s)
[21:19:44] noise10_slow150: signals 24/24 (68s)
[21:19:44] aligning 24 clips x 1 settings
[21:19:54] aligned 1/24  (10s)
[21:19:58] aligned 2/24  (14s)
[21:20:02] aligned 3/24  (18s)
[21:20:02] aligned 4/24  (18s)
[21:20:06] aligned 5/24  (21s)
[21:20:09] aligned 6/24  (25s)
[21:20:12] aligned 7/24  (28s)
[21:20:13] aligned 8/24  (28s)
[21:20:20] aligned 9/24  (35s)
[21:20:22] aligned 10/24  (37s)
[21:20:24] aligned 11/24  (39s)
[21:20:25] aligned 12/24  (41s)
[21:20:29] aligned 13/24  (45s)
[21:20:30] aligned 14/24  (46s)
[21:20:37] aligned 15/24  (52s)
[21:20:37] aligned 16/24  (53s)
[21:20:39] aligned 17/24  (55s)
[21:20:43] aligned 18/24  (58s)
[21:20:44] aligned 19/24  (60s)
[21:20:48] aligned 20/24  (64s)
[21:20:49] aligned 21/24  (64s)
[21:20:53] aligned 22/24  (68s)
[21:20:55] aligned 23/24  (71s)
[21:21:01] aligned 24/24  (77s)
[21:21:20] stopped 4 running engine container(s) (pre-processing experiment done)
degradation: noise10
variant  |               026               |               049              
         |    MAE      H  acc  rej   dist |    MAE      H  acc  rej   dist
none     |  43.96  34.59  147   62   16.4 |  48.44  40.22  108   40   19.4
e_deepfilter |  20.72  25.32  161   63   16.5 |  23.96  25.42  115   28   18.6
e_dns64  |  19.66  23.94  159   61   15.2 |  22.15  26.94  115   39   17.9
e_metricgan |  26.72  29.05  137   61   18.8 |  29.59  32.07  108   36   21.4
e_sepformer |  20.31  23.41  154   56   16.8 |  24.14  28.99  111   39   18.2
e_wpe    |  44.26  35.15  151   63   16.4 |  49.56  41.52  106   37   20.0
e_voicefixer |  23.05  27.97  157   59   18.0 |  24.46  27.39  127   32   18.8
e_demucs |  20.69  23.04  147   62   16.1 |  24.41  28.99  106   34   19.1
slow125  |  46.47  35.55  136   66   16.4 |  51.65  39.10   89   40   19.8
slow150  |  65.72  59.63  124   45   36.3 |  69.33  60.87   75   33   41.9

delta vs none (MAE / H: negative = better; acc: positive = better; rej: negative = better)
e_deepfilter | -23.24  -9.28  +14   +1   +0.1 | -24.47 -14.80   +7  -12   -0.9
e_dns64  | -24.30 -10.65  +12   -1   -1.2 | -26.29 -13.28   +7   -1   -1.6
e_metricgan | -17.24  -5.55  -10   -1   +2.4 | -18.85  -8.15   +0   -4   +2.0
e_sepformer | -23.65 -11.19   +7   -6   +0.4 | -24.30 -11.23   +3   -1   -1.3
e_wpe    |  +0.30  +0.56   +4   +1   +0.0 |  +1.12  +1.30   -2   -3   +0.6
e_voicefixer | -20.91  -6.62  +10   -3   +1.6 | -23.97 -12.83  +19   -8   -0.6
e_demucs | -23.27 -11.55   +0   +0   -0.3 | -24.02 -11.23   -2   -6   -0.3
slow125  |  +2.51  +0.95  -11   +4   -0.0 |  +3.21  -1.12  -19   +0   +0.3
slow150  | +21.76 +25.03  -23  -17  +19.9 | +20.90 +20.65  -33   -7  +22.4
