C:\Users\Farhat\AppData\Roaming\Python\Python314\site-packages\modal\_utils\async_utils.py:43: DeprecationWarning: 'asyncio.WindowsSelectorEventLoopPolicy' is deprecated and slated for removal in Python 3.16
  asyncio.set_event_loop_policy(asyncio.WindowsSelectorEventLoopPolicy())
C:\Users\Farhat\AppData\Roaming\Python\Python314\site-packages\modal\_utils\async_utils.py:43: DeprecationWarning: 'asyncio.set_event_loop_policy' is deprecated and slated for removal in Python 3.16
  asyncio.set_event_loop_policy(asyncio.WindowsSelectorEventLoopPolicy())
[21:23:36] engine code verified (926f4fb8, loaded from /root/aligner2)
[21:24:21] band4k_slow125: signals 10/24 (43s)
[21:24:34] band4k_slow125: signals 20/24 (56s)
[21:24:39] band4k_slow125: signals 24/24 (61s)
[21:24:39] aligning 24 clips x 1 settings
[21:24:55] aligned 1/24  (16s)
[21:24:55] aligned 2/24  (17s)
[21:24:56] aligned 3/24  (17s)
[21:24:58] aligned 4/24  (19s)
[21:25:03] aligned 5/24  (25s)
[21:25:04] aligned 6/24  (25s)
[21:25:05] aligned 7/24  (27s)
[21:25:07] aligned 8/24  (29s)
[21:25:13] aligned 9/24  (34s)
[21:25:14] aligned 10/24  (35s)
[21:25:17] aligned 11/24  (38s)
[21:25:19] aligned 12/24  (40s)
[21:25:20] aligned 13/24  (41s)
[21:25:22] aligned 14/24  (43s)
[21:25:27] aligned 15/24  (48s)
[21:25:28] aligned 16/24  (49s)
[21:25:31] aligned 17/24  (52s)
[21:25:33] aligned 18/24  (55s)
[21:25:36] aligned 19/24  (57s)
[21:25:37] aligned 20/24  (58s)
[21:25:41] aligned 21/24  (62s)
[21:25:42] aligned 22/24  (63s)
[21:25:45] aligned 23/24  (66s)
[21:25:48] aligned 24/24  (69s)
[21:26:19] band4k_slow150: signals 10/24 (29s)
[21:26:36] band4k_slow150: signals 20/24 (46s)
[21:26:45] band4k_slow150: signals 24/24 (55s)
[21:26:45] aligning 24 clips x 1 settings
[21:26:57] aligned 1/24  (12s)
[21:26:57] aligned 2/24  (12s)
[21:27:01] aligned 3/24  (16s)
[21:27:02] aligned 4/24  (17s)
[21:27:07] aligned 5/24  (22s)
[21:27:07] aligned 6/24  (22s)
[21:27:13] aligned 7/24  (28s)
[21:27:14] aligned 8/24  (29s)
[21:27:16] aligned 9/24  (31s)
[21:27:22] aligned 10/24  (37s)
[21:27:25] aligned 11/24  (40s)
[21:27:27] aligned 12/24  (42s)
[21:27:28] aligned 13/24  (43s)
[21:27:30] aligned 14/24  (45s)
[21:27:36] aligned 15/24  (51s)
[21:27:38] aligned 16/24  (53s)
[21:27:42] aligned 17/24  (57s)
[21:27:42] aligned 18/24  (58s)
[21:27:48] aligned 19/24  (63s)
[21:27:49] aligned 20/24  (64s)
[21:27:53] aligned 21/24  (68s)
[21:27:55] aligned 22/24  (70s)
[21:27:56] aligned 23/24  (71s)
[21:28:03] aligned 24/24  (78s)
[21:28:23] stopped 4 running engine container(s) (pre-processing experiment done)
degradation: band4k
variant  |               026               |               049              
         |    MAE      H  acc  rej   dist |    MAE      H  acc  rej   dist
none     |  17.27  22.04  158   62   14.6 |  22.77  26.97  121   36   18.5
slow125  |  17.81  22.16  154   65   14.4 |  22.11  23.72  123   37   16.5
slow150  |  19.05  23.78  145   56   16.2 |  24.93  27.80  114   46   19.9

delta vs none (MAE / H: negative = better; acc: positive = better; rej: negative = better)
slow125  |  +0.54  +0.12   -4   +3   -0.2 |  -0.66  -3.25   +2   +1   -2.0
slow150  |  +1.77  +1.74  -13   -6   +1.5 |  +2.16  +0.83   -7  +10   +1.4
