C:\Users\Farhat\AppData\Roaming\Python\Python314\site-packages\modal\_utils\async_utils.py:43: DeprecationWarning: 'asyncio.WindowsSelectorEventLoopPolicy' is deprecated and slated for removal in Python 3.16
  asyncio.set_event_loop_policy(asyncio.WindowsSelectorEventLoopPolicy())
C:\Users\Farhat\AppData\Roaming\Python\Python314\site-packages\modal\_utils\async_utils.py:43: DeprecationWarning: 'asyncio.set_event_loop_policy' is deprecated and slated for removal in Python 3.16
  asyncio.set_event_loop_policy(asyncio.WindowsSelectorEventLoopPolicy())
[20:04:04] engine code verified (926f4fb8, loaded from /root/aligner2)
[20:06:18] reverb_e_deepfilter: signals 10/24 (93s)
[20:06:30] reverb_e_deepfilter: signals 20/24 (104s)
[20:06:35] reverb_e_deepfilter: signals 24/24 (110s)
StopAsyncIteration exception in shielded future
future: <Future finished exception=StopAsyncIteration()>
Traceback (most recent call last):
  File "C:\Users\Farhat\AppData\Roaming\Python\Python314\site-packages\synchronicity\synchronizer.py", line 511, in wrapper_coro
    return await inner_task
           ^^^^^^^^^^^^^^^^
  File "C:\Users\Farhat\AppData\Roaming\Python\Python314\site-packages\synchronicity\synchronizer.py", line 341, in coro_wrapped
    value = await coro
            ^^^^^^^^^^
  File "C:\Users\Farhat\AppData\Roaming\Python\Python314\site-packages\synchronicity\exceptions.py", line 33, in coro_wrapped
    return await coro
           ^^^^^^^^^^
StopAsyncIteration
[20:06:35] aligning 24 clips x 1 settings
[20:06:49] aligned 1/24  (13s)
[20:06:49] aligned 2/24  (14s)
[20:06:49] aligned 3/24  (14s)
[20:06:50] aligned 4/24  (15s)
[20:06:55] aligned 5/24  (19s)
[20:06:55] aligned 6/24  (20s)
[20:06:56] aligned 7/24  (21s)
[20:06:57] aligned 8/24  (22s)
[20:07:01] aligned 9/24  (26s)
[20:07:04] aligned 10/24  (28s)
[20:07:06] aligned 11/24  (31s)
[20:07:07] aligned 12/24  (31s)
[20:07:07] aligned 13/24  (31s)
[20:07:09] aligned 14/24  (33s)
[20:07:13] aligned 15/24  (37s)
[20:07:15] aligned 16/24  (39s)
[20:07:16] aligned 17/24  (41s)
[20:07:17] aligned 18/24  (41s)
[20:07:20] aligned 19/24  (44s)
[20:07:20] aligned 20/24  (45s)
[20:07:23] aligned 21/24  (47s)
[20:07:24] aligned 22/24  (49s)
[20:07:25] aligned 23/24  (49s)
[20:07:28] aligned 24/24  (53s)
[20:08:52] reverb_e_dns64: signals 10/24 (45s)
[20:09:12] reverb_e_dns64: signals 20/24 (66s)
[20:09:17] reverb_e_dns64: signals 24/24 (70s)
[20:09:17] aligning 24 clips x 1 settings
[20:09:27] aligned 1/24  (11s)
[20:09:31] aligned 2/24  (15s)
[20:09:33] aligned 3/24  (16s)
[20:09:34] aligned 4/24  (17s)
[20:09:34] aligned 5/24  (18s)
[20:09:38] aligned 6/24  (22s)
[20:09:39] aligned 7/24  (23s)
[20:09:42] aligned 8/24  (25s)
[20:09:44] aligned 9/24  (28s)
[20:09:46] aligned 10/24  (30s)
[20:09:49] aligned 11/24  (32s)
[20:09:51] aligned 12/24  (34s)
[20:09:51] aligned 13/24  (35s)
[20:09:52] aligned 14/24  (35s)
[20:09:56] aligned 15/24  (40s)
[20:09:58] aligned 16/24  (41s)
[20:10:00] aligned 17/24  (44s)
[20:10:01] aligned 18/24  (44s)
[20:10:05] aligned 19/24  (48s)
[20:10:05] aligned 20/24  (49s)
[20:10:08] aligned 21/24  (51s)
[20:10:09] aligned 22/24  (53s)
[20:10:10] aligned 23/24  (53s)
[20:10:14] aligned 24/24  (57s)
[20:12:23] reverb_e_metricgan: signals 10/24 (91s)
[20:12:33] reverb_e_metricgan: signals 20/24 (101s)
[20:12:37] reverb_e_metricgan: signals 24/24 (105s)
[20:12:37] aligning 24 clips x 1 settings
[20:12:49] aligned 1/24  (12s)
[20:12:51] aligned 2/24  (13s)
[20:12:51] aligned 3/24  (14s)
[20:12:52] aligned 4/24  (14s)
[20:12:55] aligned 5/24  (18s)
[20:12:57] aligned 6/24  (20s)
[20:12:58] aligned 7/24  (21s)
[20:12:59] aligned 8/24  (22s)
[20:13:04] aligned 9/24  (27s)
[20:13:05] aligned 10/24  (27s)
[20:13:06] aligned 11/24  (29s)
[20:13:07] aligned 12/24  (30s)
[20:13:09] aligned 13/24  (32s)
[20:13:10] aligned 14/24  (32s)
[20:13:13] aligned 15/24  (36s)
[20:13:15] aligned 16/24  (38s)
[20:13:16] aligned 17/24  (39s)
[20:13:17] aligned 18/24  (40s)
[20:13:21] aligned 19/24  (43s)
[20:13:21] aligned 20/24  (44s)
[20:13:23] aligned 21/24  (46s)
[20:13:24] aligned 22/24  (46s)
[20:13:26] aligned 23/24  (48s)
[20:13:30] aligned 24/24  (52s)
[20:15:09] reverb_e_sepformer: signals 10/24 (49s)
[20:15:28] reverb_e_sepformer: signals 20/24 (68s)
[20:15:32] reverb_e_sepformer: signals 24/24 (73s)
[20:15:32] aligning 24 clips x 1 settings
[20:15:45] aligned 1/24  (12s)
[20:15:45] aligned 2/24  (13s)
[20:15:48] aligned 3/24  (15s)
[20:15:49] aligned 4/24  (17s)
[20:15:50] aligned 5/24  (18s)
[20:15:53] aligned 6/24  (21s)
[20:15:56] aligned 7/24  (24s)
[20:15:57] aligned 8/24  (24s)
[20:15:59] aligned 9/24  (26s)
[20:16:01] aligned 10/24  (29s)
[20:16:05] aligned 11/24  (32s)
[20:16:05] aligned 12/24  (33s)
[20:16:06] aligned 13/24  (34s)
[20:16:07] aligned 14/24  (34s)
[20:16:12] aligned 15/24  (40s)
[20:16:13] aligned 16/24  (41s)
[20:16:14] aligned 17/24  (42s)
[20:16:15] aligned 18/24  (43s)
[20:16:20] aligned 19/24  (48s)
[20:16:20] aligned 20/24  (48s)
[20:16:23] aligned 21/24  (50s)
[20:16:23] aligned 22/24  (51s)
[20:16:24] aligned 23/24  (52s)
[20:16:29] aligned 24/24  (56s)
[20:17:47] reverb_e_wpe: signals 10/24 (35s)
[20:17:58] reverb_e_wpe: signals 20/24 (45s)
[20:18:02] reverb_e_wpe: signals 24/24 (50s)
[20:18:02] aligning 24 clips x 1 settings
[20:18:14] aligned 1/24  (12s)
[20:18:15] aligned 2/24  (13s)
[20:18:16] aligned 3/24  (14s)
[20:18:16] aligned 4/24  (14s)
[20:18:20] aligned 5/24  (18s)
[20:18:21] aligned 6/24  (19s)
[20:18:22] aligned 7/24  (20s)
[20:18:23] aligned 8/24  (21s)
[20:18:28] aligned 9/24  (26s)
[20:18:29] aligned 10/24  (27s)
[20:18:29] aligned 11/24  (27s)
[20:18:33] aligned 12/24  (31s)
[20:18:33] aligned 13/24  (31s)
[20:18:34] aligned 14/24  (32s)
[20:18:37] aligned 15/24  (35s)
[20:18:39] aligned 16/24  (37s)
[20:18:41] aligned 17/24  (39s)
[20:18:43] aligned 18/24  (41s)
[20:18:45] aligned 19/24  (43s)
[20:18:45] aligned 20/24  (43s)
[20:18:48] aligned 21/24  (46s)
[20:18:48] aligned 22/24  (46s)
[20:18:51] aligned 23/24  (49s)
[20:18:54] aligned 24/24  (52s)
[20:23:31] reverb_e_voicefixer: signals 10/24 (40s)
[20:23:41] reverb_e_voicefixer: signals 20/24 (50s)
[20:23:46] reverb_e_voicefixer: signals 24/24 (55s)
StopAsyncIteration exception in shielded future
future: <Future finished exception=StopAsyncIteration()>
Traceback (most recent call last):
  File "C:\Users\Farhat\AppData\Roaming\Python\Python314\site-packages\synchronicity\synchronizer.py", line 511, in wrapper_coro
    return await inner_task
           ^^^^^^^^^^^^^^^^
  File "C:\Users\Farhat\AppData\Roaming\Python\Python314\site-packages\synchronicity\synchronizer.py", line 341, in coro_wrapped
    value = await coro
            ^^^^^^^^^^
  File "C:\Users\Farhat\AppData\Roaming\Python\Python314\site-packages\synchronicity\exceptions.py", line 33, in coro_wrapped
    return await coro
           ^^^^^^^^^^
StopAsyncIteration
[20:23:46] aligning 24 clips x 1 settings
[20:23:56] aligned 1/24  (10s)
[20:23:59] aligned 2/24  (13s)
[20:23:59] aligned 3/24  (13s)
[20:24:00] aligned 4/24  (14s)
[20:24:02] aligned 5/24  (16s)
[20:24:05] aligned 6/24  (19s)
[20:24:06] aligned 7/24  (20s)
[20:24:07] aligned 8/24  (20s)
[20:24:11] aligned 9/24  (25s)
[20:24:11] aligned 10/24  (25s)
[20:24:13] aligned 11/24  (27s)
[20:24:14] aligned 12/24  (28s)
[20:24:16] aligned 13/24  (30s)
[20:24:16] aligned 14/24  (30s)
[20:24:21] aligned 15/24  (34s)
[20:24:21] aligned 16/24  (35s)
[20:24:22] aligned 17/24  (36s)
[20:24:23] aligned 18/24  (37s)
[20:24:27] aligned 19/24  (41s)
[20:24:29] aligned 20/24  (43s)
[20:24:30] aligned 21/24  (43s)
[20:24:30] aligned 22/24  (43s)
[20:24:31] aligned 23/24  (44s)
[20:24:37] aligned 24/24  (51s)
[20:26:45] reverb_e_demucs: signals 10/24 (84s)
[20:26:55] reverb_e_demucs: signals 20/24 (94s)
[20:27:00] reverb_e_demucs: signals 24/24 (99s)
[20:27:00] aligning 24 clips x 1 settings
[20:27:10] aligned 1/24  (11s)
[20:27:13] aligned 2/24  (14s)
[20:27:16] aligned 3/24  (16s)
[20:27:17] aligned 4/24  (17s)
[20:27:17] aligned 5/24  (17s)
[20:27:19] aligned 6/24  (20s)
[20:27:22] aligned 7/24  (22s)
[20:27:24] aligned 8/24  (24s)
[20:27:26] aligned 9/24  (26s)
[20:27:28] aligned 10/24  (28s)
[20:27:30] aligned 11/24  (31s)
[20:27:31] aligned 12/24  (31s)
[20:27:31] aligned 13/24  (32s)
[20:27:33] aligned 14/24  (34s)
[20:27:37] aligned 15/24  (37s)
[20:27:39] aligned 16/24  (39s)
[20:27:39] aligned 17/24  (39s)
[20:27:42] aligned 18/24  (43s)
[20:27:44] aligned 19/24  (44s)
[20:27:45] aligned 20/24  (45s)
[20:27:46] aligned 21/24  (46s)
[20:27:47] aligned 22/24  (47s)
[20:27:51] aligned 23/24  (52s)
[20:27:53] aligned 24/24  (53s)
[20:28:21] reverb_slow125: signals 10/24 (26s)
[20:28:33] reverb_slow125: signals 20/24 (37s)
[20:28:38] reverb_slow125: signals 24/24 (43s)
StopAsyncIteration exception in shielded future
future: <Future finished exception=StopAsyncIteration()>
Traceback (most recent call last):
  File "C:\Users\Farhat\AppData\Roaming\Python\Python314\site-packages\synchronicity\synchronizer.py", line 511, in wrapper_coro
    return await inner_task
           ^^^^^^^^^^^^^^^^
  File "C:\Users\Farhat\AppData\Roaming\Python\Python314\site-packages\synchronicity\synchronizer.py", line 341, in coro_wrapped
    value = await coro
            ^^^^^^^^^^
  File "C:\Users\Farhat\AppData\Roaming\Python\Python314\site-packages\synchronicity\exceptions.py", line 33, in coro_wrapped
    return await coro
           ^^^^^^^^^^
StopAsyncIteration
[20:28:38] aligning 24 clips x 1 settings
[20:28:48] aligned 1/24  (9s)
[20:28:49] aligned 2/24  (10s)
[20:28:49] aligned 3/24  (11s)
[20:28:50] aligned 4/24  (12s)
[20:28:56] aligned 5/24  (18s)
[20:28:57] aligned 6/24  (18s)
[20:28:57] aligned 7/24  (19s)
[20:28:58] aligned 8/24  (20s)
[20:29:05] aligned 9/24  (27s)
[20:29:07] aligned 10/24  (28s)
[20:29:07] aligned 11/24  (29s)
[20:29:07] aligned 12/24  (29s)
[20:29:13] aligned 13/24  (35s)
[20:29:14] aligned 14/24  (36s)
[20:29:17] aligned 15/24  (38s)
[20:29:18] aligned 16/24  (39s)
[20:29:20] aligned 17/24  (42s)
[20:29:24] aligned 18/24  (46s)
[20:29:25] aligned 19/24  (47s)
[20:29:27] aligned 20/24  (48s)
[20:29:29] aligned 21/24  (51s)
[20:29:30] aligned 22/24  (51s)
[20:29:34] aligned 23/24  (55s)
[20:29:37] aligned 24/24  (58s)
[20:30:21] reverb_slow150: signals 10/24 (41s)
[20:30:37] reverb_slow150: signals 20/24 (58s)
[20:30:45] reverb_slow150: signals 24/24 (66s)
[20:30:45] aligning 24 clips x 1 settings
[20:30:55] aligned 1/24  (9s)
[20:30:58] aligned 2/24  (12s)
[20:31:02] aligned 3/24  (16s)
[20:31:03] aligned 4/24  (18s)
[20:31:04] aligned 5/24  (18s)
[20:31:07] aligned 6/24  (22s)
[20:31:13] aligned 7/24  (28s)
[20:31:14] aligned 8/24  (28s)
[20:31:17] aligned 9/24  (31s)
[20:31:17] aligned 10/24  (32s)
[20:31:24] aligned 11/24  (39s)
[20:31:24] aligned 12/24  (39s)
[20:31:25] aligned 13/24  (40s)
[20:31:29] aligned 14/24  (44s)
[20:31:33] aligned 15/24  (48s)
[20:31:36] aligned 16/24  (51s)
[20:31:37] aligned 17/24  (52s)
[20:31:43] aligned 18/24  (57s)
[20:31:44] aligned 19/24  (59s)
[20:31:45] aligned 20/24  (59s)
[20:31:48] aligned 21/24  (63s)
[20:31:49] aligned 22/24  (63s)
[20:31:56] aligned 23/24  (71s)
[20:31:57] aligned 24/24  (72s)
StopAsyncIteration exception in shielded future
future: <Future finished exception=StopAsyncIteration()>
Traceback (most recent call last):
  File "C:\Users\Farhat\AppData\Roaming\Python\Python314\site-packages\synchronicity\synchronizer.py", line 511, in wrapper_coro
    return await inner_task
           ^^^^^^^^^^^^^^^^
  File "C:\Users\Farhat\AppData\Roaming\Python\Python314\site-packages\synchronicity\synchronizer.py", line 341, in coro_wrapped
    value = await coro
            ^^^^^^^^^^
  File "C:\Users\Farhat\AppData\Roaming\Python\Python314\site-packages\synchronicity\exceptions.py", line 33, in coro_wrapped
    return await coro
           ^^^^^^^^^^
StopAsyncIteration
[20:32:16] stopped 4 running engine container(s) (pre-processing experiment done)
degradation: reverb
variant  |               026               |               049              
         |    MAE      H  acc  rej   dist |    MAE      H  acc  rej   dist
none     |  24.38  24.63  135   50   16.5 |  27.23  27.71  109   40   18.5
e_deepfilter |  20.47  22.92  146   53   15.9 |  23.00  25.68  126   38   18.0
e_dns64  |  18.01  22.09  172   49   14.3 |  21.39  23.72  131   30   16.5
e_metricgan |  23.64  28.93  150   61   17.7 |  24.73  27.95  107   45   19.3
e_sepformer |  24.06  24.04  136   55   16.3 |  27.18  27.87  113   40   18.5
e_wpe    |  23.36  22.50  148   49   15.2 |  25.73  26.36  115   42   17.7
e_voicefixer |  20.42  23.28  174   60   15.4 |  22.83  25.48  128   32   17.1
e_demucs |  24.36  24.51  133   53   16.6 |  26.80  27.74  109   38   18.6
slow125  |  23.80  23.75  156   51   15.1 |  26.27  24.82  120   44   16.9
slow150  |  26.21  25.44  158   50   17.5 |  31.19  34.39  107   32   24.2

delta vs none (MAE / H: negative = better; acc: positive = better; rej: negative = better)
e_deepfilter |  -3.91  -1.72  +11   +3   -0.6 |  -4.22  -2.03  +17   -2   -0.6
e_dns64  |  -6.37  -2.55  +37   -1   -2.1 |  -5.83  -4.00  +22  -10   -2.0
e_metricgan |  -0.74  +4.30  +15  +11   +1.2 |  -2.50  +0.23   -2   +5   +0.7
e_sepformer |  -0.32  -0.60   +1   +5   -0.2 |  -0.05  +0.15   +4   +0   -0.1
e_wpe    |  -1.01  -2.13  +13   -1   -1.2 |  -1.50  -1.36   +6   +2   -0.9
e_voicefixer |  -3.95  -1.35  +39  +10   -1.1 |  -4.40  -2.24  +19   -8   -1.4
e_demucs |  -0.01  -0.13   -2   +3   +0.1 |  -0.43  +0.03   +0   -2   +0.1
slow125  |  -0.58  -0.89  +21   +1   -1.4 |  -0.96  -2.90  +11   +4   -1.6
slow150  |  +1.84  +0.81  +23   +0   +1.0 |  +3.96  +6.67   -2   -8   +5.6
