int r8 s8 tau8 n165      009 -0.02/-0.12 | 026 -0.01/+0.02 ear +1/-1 d-0.1 m-0.2 | 049 +0.01/-0.12 ear +0/-1 d+0.1 m-0.2 | old14 -0.01/-0.05 ear -2/+0 d-0.0 m-0.3
                         moves closer/further: 009 H 10/3 | 026 H 6/7 hand 9/3 ear 22/10 | 049 H 11/2 hand 3/0 ear 9/10 | old14 H 7/3 hand 1/0 ear 9/5
                         share of moves that go closer, all sets: H 69% (n=49), hand 81% (n=16), ear 62% (n=65)
int r8 s12 tau8 n206     009 -0.02/-0.16 | 026 +0.01/+0.04 ear +2/+0 d-0.1 m-0.2 | 049 -0.02/-0.22 ear -2/+2 d+0.0 m-0.2 | old14 -0.02/-0.15 ear -3/+0 d-0.1 m-0.3
                         moves closer/further: 009 H 12/3 | 026 H 6/8 hand 9/3 ear 26/15 | 049 H 15/3 hand 3/0 ear 14/12 | old14 H 10/3 hand 1/0 ear 11/7
                         share of moves that go closer, all sets: H 72% (n=60), hand 81% (n=16), ear 60% (n=85)
int r8 s16 tau8 n206     009 -0.02/-0.16 | 026 +0.01/+0.04 ear +2/+0 d-0.1 m-0.2 | 049 -0.02/-0.22 ear -2/+2 d+0.0 m-0.2 | old14 -0.02/-0.15 ear -3/+0 d-0.1 m-0.3
                         moves closer/further: 009 H 12/3 | 026 H 6/8 hand 9/3 ear 26/15 | 049 H 15/3 hand 3/0 ear 14/12 | old14 H 10/3 hand 1/0 ear 11/7
                         share of moves that go closer, all sets: H 72% (n=60), hand 81% (n=16), ear 60% (n=85)
int r10 s16 tau8 n236    009 -0.01/-0.13 | 026 -0.01/+0.09 ear +1/+0 d-0.0 m-0.1 | 049 -0.03/-0.29 ear -1/+3 d-0.0 m-0.4 | old14 -0.05/-0.22 ear -3/+1 d-0.1 m-0.3
                         moves closer/further: 009 H 13/5 | 026 H 6/9 hand 9/4 ear 28/19 | 049 H 17/3 hand 4/0 ear 16/12 | old14 H 12/3 hand 1/0 ear 12/7
                         share of moves that go closer, all sets: H 71% (n=68), hand 78% (n=18), ear 60% (n=94)
int r12 s20 tau8 n266    009 -0.05/-0.21 | 026 +0.03/+0.14 ear +3/+0 d-0.0 m-0.1 | 049 -0.04/-0.31 ear -1/+3 d-0.1 m-0.4 | old14 -0.04/-0.22 ear -4/+1 d-0.2 m-0.3
                         moves closer/further: 009 H 15/5 | 026 H 6/10 hand 9/4 ear 30/19 | 049 H 19/4 hand 4/0 ear 18/13 | old14 H 13/4 hand 1/0 ear 15/8
                         share of moves that go closer, all sets: H 70% (n=76), hand 78% (n=18), ear 61% (n=103)
int r10 s16 tau12 n371   009 +0.05/-0.11 | 026 +0.06/+0.03 ear +1/+3 d-0.1 m-0.4 | 049 -0.00/-0.17 ear -5/+4 d+0.2 m-0.5 | old14 -0.05/-0.23 ear -1/-1 d-0.2 m-0.9
                         moves closer/further: 009 H 15/11 | 026 H 16/14 hand 16/9 ear 36/33 | 049 H 20/13 hand 2/0 ear 14/28 | old14 H 20/11 hand 2/1 ear 27/15
                         share of moves that go closer, all sets: H 59% (n=120), hand 67% (n=30), ear 50% (n=153)
int r10 s20 tau16 n420   009 +0.01/-0.04 | 026 +0.02/+0.03 ear +2/+2 d-0.1 m-0.3 | 049 -0.05/-0.22 ear -5/+4 d+0.1 m+0.1 | old14 +0.05/-0.10 ear +1/+1 d-0.1 m-1.2
                         moves closer/further: 009 H 18/18 | 026 H 15/16 hand 15/11 ear 40/38 | 049 H 28/16 hand 1/2 ear 26/27 | old14 H 20/20 hand 2/1 ear 25/22
                         share of moves that go closer, all sets: H 54% (n=151), hand 56% (n=32), ear 51% (n=178)
