C:\Users\Farhat\AppData\Roaming\Python\Python314\site-packages\modal\_utils\async_utils.py:43: DeprecationWarning: 'asyncio.WindowsSelectorEventLoopPolicy' is deprecated and slated for removal in Python 3.16
  asyncio.set_event_loop_policy(asyncio.WindowsSelectorEventLoopPolicy())
C:\Users\Farhat\AppData\Roaming\Python\Python314\site-packages\modal\_utils\async_utils.py:43: DeprecationWarning: 'asyncio.set_event_loop_policy' is deprecated and slated for removal in Python 3.16
  asyncio.set_event_loop_policy(asyncio.WindowsSelectorEventLoopPolicy())
[17:26:24] engine code verified (70eb2b6b, loaded from /root/aligner2)
[17:27:11] peak: signals 10/50 (45s)
[17:27:23] peak: signals 20/50 (56s)
[17:27:33] peak: signals 30/50 (67s)
[17:27:43] peak: signals 40/50 (77s)
[17:27:53] peak: signals 50/50 (87s)
StopAsyncIteration exception in shielded future
future: <Future finished exception=StopAsyncIteration()>
Traceback (most recent call last):
  File "C:\Users\Farhat\AppData\Roaming\Python\Python314\site-packages\synchronicity\synchronizer.py", line 511, in wrapper_coro
    return await inner_task
           ^^^^^^^^^^^^^^^^
  File "C:\Users\Farhat\AppData\Roaming\Python\Python314\site-packages\synchronicity\synchronizer.py", line 341, in coro_wrapped
    value = await coro
            ^^^^^^^^^^
  File "C:\Users\Farhat\AppData\Roaming\Python\Python314\site-packages\synchronicity\exceptions.py", line 33, in coro_wrapped
    return await coro
           ^^^^^^^^^^
StopAsyncIteration
[17:27:53] aligning 50 clips x 1 settings
[17:28:04] aligned 1/50  (11s)
[17:28:05] aligned 2/50  (12s)
[17:28:07] aligned 3/50  (14s)
[17:28:07] aligned 4/50  (14s)
[17:28:10] aligned 5/50  (17s)
[17:28:10] aligned 6/50  (17s)
[17:28:12] aligned 7/50  (19s)
[17:28:12] aligned 8/50  (19s)
[17:28:14] aligned 9/50  (21s)
[17:28:15] aligned 10/50  (22s)
[17:28:17] aligned 11/50  (24s)
[17:28:21] aligned 12/50  (28s)
[17:28:21] aligned 13/50  (28s)
[17:28:22] aligned 14/50  (29s)
[17:28:25] aligned 15/50  (32s)
[17:28:28] aligned 16/50  (35s)
[17:28:28] aligned 17/50  (35s)
[17:28:28] aligned 18/50  (35s)
[17:28:31] aligned 19/50  (38s)
[17:28:34] aligned 20/50  (41s)
[17:28:35] aligned 21/50  (42s)
[17:28:37] aligned 22/50  (44s)
[17:28:40] aligned 23/50  (47s)
[17:28:41] aligned 24/50  (48s)
[17:28:41] aligned 25/50  (48s)
[17:28:42] aligned 26/50  (49s)
[17:28:47] aligned 27/50  (54s)
[17:28:48] aligned 28/50  (55s)
[17:28:48] aligned 29/50  (55s)
[17:28:49] aligned 30/50  (56s)
[17:28:54] aligned 31/50  (61s)
[17:28:54] aligned 32/50  (61s)
[17:28:55] aligned 33/50  (62s)
[17:28:56] aligned 34/50  (63s)
[17:28:57] aligned 35/50  (64s)
[17:29:02] aligned 36/50  (69s)
[17:29:03] aligned 37/50  (70s)
[17:29:04] aligned 38/50  (71s)
[17:29:06] aligned 39/50  (73s)
[17:29:06] aligned 40/50  (73s)
[17:29:08] aligned 41/50  (75s)
[17:29:10] aligned 42/50  (77s)
[17:29:10] aligned 43/50  (77s)
[17:29:10] aligned 44/50  (77s)
[17:29:12] aligned 45/50  (79s)
[17:29:13] aligned 46/50  (80s)
[17:29:14] aligned 47/50  (81s)
[17:29:15] aligned 48/50  (82s)
[17:29:15] aligned 49/50  (82s)
[17:29:20] aligned 50/50  (87s)
[17:29:58] rms20: signals 10/50 (37s)
[17:30:11] rms20: signals 20/50 (50s)
[17:30:21] rms20: signals 30/50 (60s)
[17:30:34] rms20: signals 40/50 (72s)
[17:30:42] rms20: signals 50/50 (81s)
StopAsyncIteration exception in shielded future
future: <Future finished exception=StopAsyncIteration()>
Traceback (most recent call last):
  File "C:\Users\Farhat\AppData\Roaming\Python\Python314\site-packages\synchronicity\synchronizer.py", line 511, in wrapper_coro
    return await inner_task
           ^^^^^^^^^^^^^^^^
  File "C:\Users\Farhat\AppData\Roaming\Python\Python314\site-packages\synchronicity\synchronizer.py", line 341, in coro_wrapped
    value = await coro
            ^^^^^^^^^^
  File "C:\Users\Farhat\AppData\Roaming\Python\Python314\site-packages\synchronicity\exceptions.py", line 33, in coro_wrapped
    return await coro
           ^^^^^^^^^^
StopAsyncIteration
[17:30:42] aligning 50 clips x 1 settings
[17:30:48] aligned 1/50  (6s)
[17:30:51] aligned 2/50  (9s)
[17:30:52] aligned 3/50  (10s)
[17:30:53] aligned 4/50  (11s)
[17:30:55] aligned 5/50  (13s)
[17:30:56] aligned 6/50  (13s)
[17:30:59] aligned 7/50  (16s)
[17:30:59] aligned 8/50  (17s)
[17:31:00] aligned 9/50  (17s)
[17:31:00] aligned 10/50  (18s)
[17:31:04] aligned 11/50  (22s)
[17:31:06] aligned 12/50  (24s)
[17:31:08] aligned 13/50  (25s)
[17:31:08] aligned 14/50  (26s)
[17:31:12] aligned 15/50  (30s)
[17:31:13] aligned 16/50  (31s)
[17:31:14] aligned 17/50  (32s)
[17:31:15] aligned 18/50  (33s)
[17:31:19] aligned 19/50  (37s)
[17:31:19] aligned 20/50  (37s)
[17:31:21] aligned 21/50  (39s)
[17:31:24] aligned 22/50  (41s)
[17:31:27] aligned 23/50  (44s)
[17:31:27] aligned 24/50  (45s)
[17:31:28] aligned 25/50  (46s)
[17:31:29] aligned 26/50  (47s)
[17:31:34] aligned 27/50  (51s)
[17:31:35] aligned 28/50  (52s)
[17:31:36] aligned 29/50  (53s)
[17:31:37] aligned 30/50  (55s)
[17:31:40] aligned 31/50  (58s)
[17:31:42] aligned 32/50  (60s)
[17:31:43] aligned 33/50  (61s)
[17:31:44] aligned 34/50  (61s)
[17:31:45] aligned 35/50  (63s)
[17:31:50] aligned 36/50  (68s)
[17:31:51] aligned 37/50  (69s)
[17:31:51] aligned 38/50  (69s)
[17:31:54] aligned 39/50  (72s)
[17:31:56] aligned 40/50  (73s)
[17:31:56] aligned 41/50  (74s)
[17:31:57] aligned 42/50  (74s)
[17:31:58] aligned 43/50  (76s)
[17:31:59] aligned 44/50  (77s)
[17:32:00] aligned 45/50  (77s)
[17:32:00] aligned 46/50  (78s)
[17:32:03] aligned 47/50  (80s)
[17:32:03] aligned 48/50  (81s)
[17:32:04] aligned 49/50  (82s)
[17:32:06] aligned 50/50  (84s)
[17:32:43] hpf80: signals 10/50 (35s)
[17:32:55] hpf80: signals 20/50 (47s)
[17:33:06] hpf80: signals 30/50 (58s)
[17:33:17] hpf80: signals 40/50 (69s)
[17:33:25] hpf80: signals 50/50 (76s)
[17:33:25] aligning 50 clips x 1 settings
[17:33:31] aligned 1/50  (7s)
[17:33:33] aligned 2/50  (9s)
[17:33:34] aligned 3/50  (10s)
[17:33:35] aligned 4/50  (11s)
[17:33:38] aligned 5/50  (13s)
[17:33:38] aligned 6/50  (14s)
[17:33:40] aligned 7/50  (15s)
[17:33:41] aligned 8/50  (17s)
[17:33:42] aligned 9/50  (18s)
[17:33:43] aligned 10/50  (19s)
[17:33:45] aligned 11/50  (20s)
[17:33:49] aligned 12/50  (24s)
[17:33:50] aligned 13/50  (25s)
[17:33:52] aligned 14/50  (27s)
[17:33:53] aligned 15/50  (28s)
[17:33:55] aligned 16/50  (31s)
[17:33:56] aligned 17/50  (31s)
[17:33:59] aligned 18/50  (34s)
[17:34:00] aligned 19/50  (35s)
[17:34:02] aligned 20/50  (38s)
[17:34:05] aligned 21/50  (40s)
[17:34:05] aligned 22/50  (40s)
[17:34:09] aligned 23/50  (45s)
[17:34:10] aligned 24/50  (45s)
[17:34:10] aligned 25/50  (45s)
[17:34:10] aligned 26/50  (46s)
[17:34:16] aligned 27/50  (51s)
[17:34:17] aligned 28/50  (53s)
[17:34:18] aligned 29/50  (53s)
[17:34:18] aligned 30/50  (54s)
[17:34:24] aligned 31/50  (59s)
[17:34:25] aligned 32/50  (60s)
[17:34:25] aligned 33/50  (61s)
[17:34:26] aligned 34/50  (61s)
[17:34:26] aligned 35/50  (62s)
[17:34:33] aligned 36/50  (68s)
[17:34:34] aligned 37/50  (69s)
[17:34:34] aligned 38/50  (70s)
[17:34:37] aligned 39/50  (72s)
[17:34:37] aligned 40/50  (73s)
[17:34:38] aligned 41/50  (74s)
[17:34:40] aligned 42/50  (75s)
[17:34:41] aligned 43/50  (76s)
[17:34:42] aligned 44/50  (77s)
[17:34:42] aligned 45/50  (78s)
[17:34:43] aligned 46/50  (78s)
[17:34:45] aligned 47/50  (81s)
[17:34:46] aligned 48/50  (81s)
[17:34:46] aligned 49/50  (82s)
[17:34:49] aligned 50/50  (84s)
[17:35:45] agc: signals 10/50 (36s)
[17:35:57] agc: signals 20/50 (49s)
[17:36:08] agc: signals 30/50 (60s)
[17:36:19] agc: signals 40/50 (71s)
[17:36:29] agc: signals 50/50 (80s)
[17:36:29] aligning 50 clips x 1 settings
[17:36:36] aligned 1/50  (7s)
[17:36:38] aligned 2/50  (10s)
[17:36:39] aligned 3/50  (10s)
[17:36:42] aligned 4/50  (13s)
[17:36:42] aligned 5/50  (14s)
[17:36:42] aligned 6/50  (14s)
[17:36:45] aligned 7/50  (17s)
[17:36:47] aligned 8/50  (18s)
[17:36:48] aligned 9/50  (19s)
[17:36:48] aligned 10/50  (20s)
[17:36:50] aligned 11/50  (22s)
[17:36:55] aligned 12/50  (26s)
[17:36:55] aligned 13/50  (26s)
[17:36:56] aligned 14/50  (28s)
[17:36:58] aligned 15/50  (29s)
[17:37:01] aligned 16/50  (33s)
[17:37:02] aligned 17/50  (33s)
[17:37:03] aligned 18/50  (34s)
[17:37:05] aligned 19/50  (36s)
[17:37:09] aligned 20/50  (40s)
[17:37:09] aligned 21/50  (41s)
[17:37:10] aligned 22/50  (42s)
[17:37:14] aligned 23/50  (45s)
[17:37:15] aligned 24/50  (46s)
[17:37:15] aligned 25/50  (47s)
[17:37:16] aligned 26/50  (47s)
[17:37:21] aligned 27/50  (52s)
[17:37:22] aligned 28/50  (53s)
[17:37:23] aligned 29/50  (54s)
[17:37:24] aligned 30/50  (55s)
[17:37:28] aligned 31/50  (59s)
[17:37:29] aligned 32/50  (60s)
[17:37:30] aligned 33/50  (62s)
[17:37:31] aligned 34/50  (63s)
[17:37:32] aligned 35/50  (64s)
[17:37:37] aligned 36/50  (68s)
[17:37:38] aligned 37/50  (69s)
[17:37:39] aligned 38/50  (71s)
[17:37:41] aligned 39/50  (72s)
[17:37:42] aligned 40/50  (73s)
[17:37:43] aligned 41/50  (74s)
[17:37:44] aligned 42/50  (76s)
[17:37:45] aligned 43/50  (77s)
[17:37:46] aligned 44/50  (77s)
[17:37:46] aligned 45/50  (78s)
[17:37:47] aligned 46/50  (79s)
[17:37:50] aligned 47/50  (81s)
[17:37:50] aligned 48/50  (82s)
[17:37:51] aligned 49/50  (82s)
[17:37:54] aligned 50/50  (85s)
[17:38:34] denoise: signals 10/50 (32s)
[17:38:44] denoise: signals 20/50 (43s)
[17:38:55] denoise: signals 30/50 (54s)
[17:39:05] denoise: signals 40/50 (64s)
[17:39:13] denoise: signals 50/50 (72s)
StopAsyncIteration exception in shielded future
future: <Future finished exception=StopAsyncIteration()>
Traceback (most recent call last):
  File "C:\Users\Farhat\AppData\Roaming\Python\Python314\site-packages\synchronicity\synchronizer.py", line 511, in wrapper_coro
    return await inner_task
           ^^^^^^^^^^^^^^^^
  File "C:\Users\Farhat\AppData\Roaming\Python\Python314\site-packages\synchronicity\synchronizer.py", line 341, in coro_wrapped
    value = await coro
            ^^^^^^^^^^
  File "C:\Users\Farhat\AppData\Roaming\Python\Python314\site-packages\synchronicity\exceptions.py", line 33, in coro_wrapped
    return await coro
           ^^^^^^^^^^
StopAsyncIteration
[17:39:13] aligning 50 clips x 1 settings
[17:39:20] aligned 1/50  (7s)
[17:39:23] aligned 2/50  (9s)
[17:39:23] aligned 3/50  (10s)
[17:39:24] aligned 4/50  (11s)
[17:39:26] aligned 5/50  (13s)
[17:39:27] aligned 6/50  (14s)
[17:39:29] aligned 7/50  (16s)
[17:39:30] aligned 8/50  (17s)
[17:39:32] aligned 9/50  (18s)
[17:39:32] aligned 10/50  (19s)
[17:39:34] aligned 11/50  (21s)
[17:39:38] aligned 12/50  (25s)
[17:39:38] aligned 13/50  (25s)
[17:39:40] aligned 14/50  (27s)
[17:39:43] aligned 15/50  (30s)
[17:39:44] aligned 16/50  (31s)
[17:39:46] aligned 17/50  (33s)
[17:39:47] aligned 18/50  (34s)
[17:39:49] aligned 19/50  (36s)
[17:39:51] aligned 20/50  (38s)
[17:39:52] aligned 21/50  (39s)
[17:39:56] aligned 22/50  (43s)
[17:39:57] aligned 23/50  (44s)
[17:39:58] aligned 24/50  (45s)
[17:39:59] aligned 25/50  (45s)
[17:40:01] aligned 26/50  (48s)
[17:40:04] aligned 27/50  (51s)
[17:40:06] aligned 28/50  (53s)
[17:40:07] aligned 29/50  (53s)
[17:40:10] aligned 30/50  (56s)
[17:40:11] aligned 31/50  (58s)
[17:40:13] aligned 32/50  (59s)
[17:40:14] aligned 33/50  (60s)
[17:40:15] aligned 34/50  (61s)
[17:40:18] aligned 35/50  (65s)
[17:40:21] aligned 36/50  (67s)
[17:40:21] aligned 37/50  (68s)
[17:40:22] aligned 38/50  (69s)
[17:40:25] aligned 39/50  (71s)
[17:40:26] aligned 40/50  (73s)
[17:40:27] aligned 41/50  (74s)
[17:40:29] aligned 42/50  (75s)
[17:40:29] aligned 43/50  (76s)
[17:40:30] aligned 44/50  (77s)
[17:40:31] aligned 45/50  (77s)
[17:40:31] aligned 46/50  (78s)
[17:40:34] aligned 47/50  (81s)
[17:40:35] aligned 48/50  (81s)
[17:40:35] aligned 49/50  (81s)
[17:40:38] aligned 50/50  (84s)
[17:41:20] combo: signals 10/50 (34s)
[17:41:30] combo: signals 20/50 (44s)
[17:41:41] combo: signals 30/50 (56s)
[17:41:52] combo: signals 40/50 (66s)
[17:41:59] combo: signals 50/50 (73s)
[17:41:59] aligning 50 clips x 1 settings
[17:42:06] aligned 1/50  (7s)
[17:42:08] aligned 2/50  (9s)
[17:42:09] aligned 3/50  (10s)
[17:42:10] aligned 4/50  (11s)
[17:42:12] aligned 5/50  (13s)
[17:42:13] aligned 6/50  (14s)
[17:42:14] aligned 7/50  (15s)
[17:42:16] aligned 8/50  (17s)
[17:42:17] aligned 9/50  (18s)
[17:42:18] aligned 10/50  (19s)
[17:42:20] aligned 11/50  (21s)
[17:42:23] aligned 12/50  (24s)
[17:42:25] aligned 13/50  (26s)
[17:42:27] aligned 14/50  (28s)
[17:42:28] aligned 15/50  (29s)
[17:42:30] aligned 16/50  (31s)
[17:42:31] aligned 17/50  (32s)
[17:42:35] aligned 18/50  (36s)
[17:42:35] aligned 19/50  (36s)
[17:42:37] aligned 20/50  (37s)
[17:42:39] aligned 21/50  (40s)
[17:42:41] aligned 22/50  (41s)
[17:42:43] aligned 23/50  (44s)
[17:42:44] aligned 24/50  (45s)
[17:42:45] aligned 25/50  (45s)
[17:42:46] aligned 26/50  (46s)
[17:42:50] aligned 27/50  (51s)
[17:42:51] aligned 28/50  (52s)
[17:42:53] aligned 29/50  (54s)
[17:42:54] aligned 30/50  (55s)
[17:42:56] aligned 31/50  (57s)
[17:42:59] aligned 32/50  (60s)
[17:42:59] aligned 33/50  (60s)
[17:43:00] aligned 34/50  (61s)
[17:43:03] aligned 35/50  (63s)
[17:43:07] aligned 36/50  (68s)
[17:43:07] aligned 37/50  (68s)
[17:43:08] aligned 38/50  (69s)
[17:43:10] aligned 39/50  (71s)
[17:43:13] aligned 40/50  (73s)
[17:43:13] aligned 41/50  (74s)
[17:43:14] aligned 42/50  (75s)
[17:43:14] aligned 43/50  (75s)
[17:43:15] aligned 44/50  (76s)
[17:43:17] aligned 45/50  (77s)
[17:43:17] aligned 46/50  (78s)
[17:43:19] aligned 47/50  (80s)
[17:43:20] aligned 48/50  (81s)
[17:43:21] aligned 49/50  (82s)
[17:43:23] aligned 50/50  (84s)
[17:43:45] stopped 4 running engine container(s) (pre-processing experiment done)
variant  |               009               |               026               |               049               |              old14             
         |    MAE      H  acc  rej   dist |    MAE      H  acc  rej   dist |    MAE      H  acc  rej   dist |    MAE      H  acc  rej   dist
none     |  17.10  19.69                  |  16.32  20.40  177   51   13.9 |  19.73  21.79  129   38   15.7 |  22.53  23.61  114   31   14.9
peak     |  17.08  19.69                  |  16.33  20.41  177   51   13.9 |  19.72  21.79  129   38   15.7 |  22.54  23.62  114   31   14.9
rms20    |  17.09  19.69                  |  16.33  20.41  177   51   13.9 |  19.72  21.79  129   38   15.7 |  22.47  23.64  114   31   14.9
hpf80    |  17.33  20.64                  |  16.53  20.70  175   54   13.9 |  20.04  22.55  129   37   15.9 |  22.51  23.26  114   31   14.9
agc      |  17.82  20.57                  |  16.78  21.12  170   50   14.2 |  20.70  22.95  123   41   16.3 |  24.58  24.10  113   36   13.9
denoise  |  17.67  20.81                  |  16.78  21.10  178   54   13.8 |  20.24  22.90  138   31   15.6 |  22.83  24.38  117   31   14.9
combo    |  17.95  21.57                  |  16.95  21.52  178   56   13.9 |  20.39  23.29  136   32   15.9 |  23.20  24.37  115   31   14.9

delta vs none (MAE / H: negative = better; acc: positive = better; rej: negative = better)
peak     |  -0.02  +0.00                  |  +0.00  +0.01   +0   +0   +0.0 |  -0.01  +0.00   +0   +0   +0.0 |  +0.00  +0.01   +0   +0   +0.0
rms20    |  -0.00  +0.00                  |  +0.00  +0.01   +0   +0   +0.0 |  -0.01  +0.00   +0   +0   +0.0 |  -0.07  +0.04   +0   +0   +0.0
hpf80    |  +0.24  +0.95                  |  +0.20  +0.29   -2   +3   -0.0 |  +0.31  +0.76   +0   -1   +0.3 |  -0.02  -0.35   +0   +0   +0.0
agc      |  +0.73  +0.88                  |  +0.46  +0.71   -7   -1   +0.3 |  +0.97  +1.16   -6   +3   +0.6 |  +2.05  +0.49   -1   +5   -1.0
denoise  |  +0.57  +1.12                  |  +0.46  +0.69   +1   +3   -0.1 |  +0.51  +1.10   +9   -7   -0.1 |  +0.29  +0.77   +3   +0   +0.0
combo    |  +0.86  +1.88                  |  +0.63  +1.12   +1   +5   +0.0 |  +0.65  +1.50   +7   -6   +0.2 |  +0.66  +0.76   +1   +0   +0.0
