C:\Users\Farhat\AppData\Roaming\Python\Python314\site-packages\modal\_utils\async_utils.py:43: DeprecationWarning: 'asyncio.WindowsSelectorEventLoopPolicy' is deprecated and slated for removal in Python 3.16
  asyncio.set_event_loop_policy(asyncio.WindowsSelectorEventLoopPolicy())
C:\Users\Farhat\AppData\Roaming\Python\Python314\site-packages\modal\_utils\async_utils.py:43: DeprecationWarning: 'asyncio.set_event_loop_policy' is deprecated and slated for removal in Python 3.16
  asyncio.set_event_loop_policy(asyncio.WindowsSelectorEventLoopPolicy())
[17:53:18] engine code verified (70eb2b6b, loaded from /root/aligner2)
[17:54:00] band4k_none: signals 10/24 (41s)
[17:54:10] band4k_none: signals 20/24 (51s)
[17:54:15] band4k_none: signals 24/24 (56s)
[17:54:15] aligning 24 clips x 1 settings
[17:54:26] aligned 1/24  (11s)
[17:54:28] aligned 2/24  (13s)
[17:54:28] aligned 3/24  (13s)
[17:54:29] aligned 4/24  (14s)
[17:54:32] aligned 5/24  (16s)
[17:54:35] aligned 6/24  (19s)
[17:54:35] aligned 7/24  (20s)
[17:54:35] aligned 8/24  (20s)
[17:54:40] aligned 9/24  (25s)
[17:54:42] aligned 10/24  (27s)
[17:54:42] aligned 11/24  (27s)
[17:54:43] aligned 12/24  (28s)
[17:54:46] aligned 13/24  (30s)
[17:54:46] aligned 14/24  (31s)
[17:54:50] aligned 15/24  (35s)
[17:54:51] aligned 16/24  (36s)
[17:54:52] aligned 17/24  (37s)
[17:54:54] aligned 18/24  (38s)
[17:54:56] aligned 19/24  (41s)
[17:54:59] aligned 20/24  (43s)
[17:54:59] aligned 21/24  (44s)
[17:55:00] aligned 22/24  (44s)
[17:55:01] aligned 23/24  (46s)
[17:55:07] aligned 24/24  (52s)
[17:55:33] band4k_denoise: signals 10/24 (22s)
[17:55:43] band4k_denoise: signals 20/24 (31s)
[17:55:47] band4k_denoise: signals 24/24 (36s)
[17:55:47] aligning 24 clips x 1 settings
[17:55:53] aligned 1/24  (6s)
[17:55:55] aligned 2/24  (8s)
[17:55:56] aligned 3/24  (9s)
[17:55:57] aligned 4/24  (10s)
[17:55:59] aligned 5/24  (12s)
[17:56:01] aligned 6/24  (14s)
[17:56:03] aligned 7/24  (16s)
[17:56:03] aligned 8/24  (16s)
[17:56:07] aligned 9/24  (20s)
[17:56:08] aligned 10/24  (21s)
[17:56:10] aligned 11/24  (23s)
[17:56:12] aligned 12/24  (25s)
[17:56:12] aligned 13/24  (25s)
[17:56:13] aligned 14/24  (26s)
[17:56:18] aligned 15/24  (31s)
[17:56:18] aligned 16/24  (31s)
[17:56:19] aligned 17/24  (32s)
[17:56:21] aligned 18/24  (34s)
[17:56:23] aligned 19/24  (36s)
[17:56:26] aligned 20/24  (39s)
[17:56:26] aligned 21/24  (39s)
[17:56:27] aligned 22/24  (40s)
[17:56:28] aligned 23/24  (41s)
[17:56:34] aligned 24/24  (47s)
[17:56:55] stopped 4 running engine container(s) (pre-processing experiment done)
degradation: band4k
variant  |               026               |               049              
         |    MAE      H  acc  rej   dist |    MAE      H  acc  rej   dist
none     |  17.27  22.04  158   62   14.6 |  22.77  26.97  121   36   18.5
denoise  |  17.81  21.83  160   63   14.5 |  22.33  25.76  122   38   17.0

delta vs none (MAE / H: negative = better; acc: positive = better; rej: negative = better)
denoise  |  +0.54  -0.21   +2   +1   -0.1 |  -0.44  -1.21   +1   +2   -1.6
