C:\Users\Farhat\AppData\Roaming\Python\Python314\site-packages\modal\_utils\async_utils.py:43: DeprecationWarning: 'asyncio.WindowsSelectorEventLoopPolicy' is deprecated and slated for removal in Python 3.16
  asyncio.set_event_loop_policy(asyncio.WindowsSelectorEventLoopPolicy())
C:\Users\Farhat\AppData\Roaming\Python\Python314\site-packages\modal\_utils\async_utils.py:43: DeprecationWarning: 'asyncio.set_event_loop_policy' is deprecated and slated for removal in Python 3.16
  asyncio.set_event_loop_policy(asyncio.WindowsSelectorEventLoopPolicy())
[17:44:41] engine code verified (70eb2b6b, loaded from /root/aligner2)
[17:45:20] noise20_none: signals 10/24 (35s)
[17:45:31] noise20_none: signals 20/24 (46s)
[17:45:36] noise20_none: signals 24/24 (51s)
[17:45:36] aligning 24 clips x 1 settings
[17:45:48] aligned 1/24  (13s)
[17:45:49] aligned 2/24  (13s)
[17:45:49] aligned 3/24  (14s)
[17:45:51] aligned 4/24  (16s)
[17:45:54] aligned 5/24  (18s)
[17:45:54] aligned 6/24  (19s)
[17:45:55] aligned 7/24  (20s)
[17:45:59] aligned 8/24  (24s)
[17:46:00] aligned 9/24  (25s)
[17:46:03] aligned 10/24  (27s)
[17:46:04] aligned 11/24  (28s)
[17:46:06] aligned 12/24  (30s)
[17:46:07] aligned 13/24  (31s)
[17:46:08] aligned 14/24  (32s)
[17:46:12] aligned 15/24  (36s)
[17:46:13] aligned 16/24  (38s)
[17:46:14] aligned 17/24  (38s)
[17:46:15] aligned 18/24  (40s)
[17:46:18] aligned 19/24  (43s)
[17:46:19] aligned 20/24  (44s)
[17:46:21] aligned 21/24  (45s)
[17:46:22] aligned 22/24  (47s)
[17:46:23] aligned 23/24  (47s)
[17:46:28] aligned 24/24  (52s)
[17:46:56] noise20_denoise: signals 10/24 (21s)
[17:47:07] noise20_denoise: signals 20/24 (32s)
[17:47:11] noise20_denoise: signals 24/24 (37s)
[17:47:11] aligning 24 clips x 1 settings
[17:47:18] aligned 1/24  (7s)
[17:47:21] aligned 2/24  (9s)
[17:47:21] aligned 3/24  (10s)
[17:47:22] aligned 4/24  (10s)
[17:47:25] aligned 5/24  (14s)
[17:47:27] aligned 6/24  (15s)
[17:47:27] aligned 7/24  (16s)
[17:47:28] aligned 8/24  (17s)
[17:47:33] aligned 9/24  (22s)
[17:47:35] aligned 10/24  (23s)
[17:47:36] aligned 11/24  (24s)
[17:47:36] aligned 12/24  (25s)
[17:47:38] aligned 13/24  (27s)
[17:47:39] aligned 14/24  (28s)
[17:47:44] aligned 15/24  (32s)
[17:47:44] aligned 16/24  (33s)
[17:47:45] aligned 17/24  (33s)
[17:47:47] aligned 18/24  (35s)
[17:47:50] aligned 19/24  (39s)
[17:47:52] aligned 20/24  (40s)
[17:47:53] aligned 21/24  (42s)
[17:47:54] aligned 22/24  (42s)
[17:47:54] aligned 23/24  (43s)
[17:48:00] aligned 24/24  (49s)
[17:48:21] stopped 4 running engine container(s) (pre-processing experiment done)
degradation: noise20
variant  |               026               |               049              
         |    MAE      H  acc  rej   dist |    MAE      H  acc  rej   dist
none     |  33.65  31.50  171   53   14.3 |  39.87  38.38  122   34   17.0
denoise  |  21.84  23.21  176   61   14.3 |  25.92  27.57  117   30   17.2

delta vs none (MAE / H: negative = better; acc: positive = better; rej: negative = better)
denoise  | -11.81  -8.29   +5   +8   +0.0 | -13.96 -10.81   -5   -4   +0.2
